INFO (18/12/2024 11:34:52): Creating a browser instance: chrome (Line: 15) [Browser_Factory.py]
INFO (18/12/2024 11:34:52): Key 'Chrome_options' is a list. Returning the full list. (Line: 28) [data_reader.py]
INFO (18/12/2024 11:34:53): init new browser (Line: 18) [browser.py]
INFO (18/12/2024 11:34:53): go to url: https://the-internet.herokuapp.com/infinite_scroll (Line: 23) [browser.py]
INFO (18/12/2024 11:35:01): Get elements  (Line: 83) [browser.py]
INFO (18/12/2024 11:35:01): Window scroll to : Scroll  page -> added text (Line: 46) [base_element.py]
INFO (18/12/2024 11:35:01): Executing JavaScript: window.scrollTo(0, document.body.scrollHeight); with arguments: () (Line: 39) [browser.py]
INFO (18/12/2024 11:35:01): Get elements  (Line: 83) [browser.py]
INFO (18/12/2024 11:35:01): Window scroll to : Scroll  page -> added text (Line: 46) [base_element.py]
INFO (18/12/2024 11:35:01): Executing JavaScript: window.scrollTo(0, document.body.scrollHeight); with arguments: () (Line: 39) [browser.py]
INFO (18/12/2024 11:35:01): Get elements  (Line: 83) [browser.py]
INFO (18/12/2024 11:35:01): Window scroll to : Scroll  page -> added text (Line: 46) [base_element.py]
INFO (18/12/2024 11:35:01): Executing JavaScript: window.scrollTo(0, document.body.scrollHeight); with arguments: () (Line: 39) [browser.py]
INFO (18/12/2024 11:35:01): Get elements  (Line: 83) [browser.py]
INFO (18/12/2024 11:35:01): Window scroll to : Scroll  page -> added text (Line: 46) [base_element.py]
INFO (18/12/2024 11:35:01): Executing JavaScript: window.scrollTo(0, document.body.scrollHeight); with arguments: () (Line: 39) [browser.py]
INFO (18/12/2024 11:35:01): Get elements  (Line: 83) [browser.py]
INFO (18/12/2024 11:35:01): Window scroll to : Scroll  page -> added text (Line: 46) [base_element.py]
INFO (18/12/2024 11:35:01): Executing JavaScript: window.scrollTo(0, document.body.scrollHeight); with arguments: () (Line: 39) [browser.py]
INFO (18/12/2024 11:35:01): Get elements  (Line: 83) [browser.py]
INFO (18/12/2024 11:35:01): Window scroll to : Scroll  page -> added text (Line: 46) [base_element.py]
INFO (18/12/2024 11:35:01): Executing JavaScript: window.scrollTo(0, document.body.scrollHeight); with arguments: () (Line: 39) [browser.py]
INFO (18/12/2024 11:35:01): Get elements  (Line: 83) [browser.py]
INFO (18/12/2024 11:35:01): Window scroll to : Scroll  page -> added text (Line: 46) [base_element.py]
INFO (18/12/2024 11:35:01): Executing JavaScript: window.scrollTo(0, document.body.scrollHeight); with arguments: () (Line: 39) [browser.py]
INFO (18/12/2024 11:35:01): Get elements  (Line: 83) [browser.py]
INFO (18/12/2024 11:35:01): Window scroll to : Scroll  page -> added text (Line: 46) [base_element.py]
INFO (18/12/2024 11:35:01): Executing JavaScript: window.scrollTo(0, document.body.scrollHeight); with arguments: () (Line: 39) [browser.py]
INFO (18/12/2024 11:35:01): Get elements  (Line: 83) [browser.py]
INFO (18/12/2024 11:35:01): Window scroll to : Scroll  page -> added text (Line: 46) [base_element.py]
INFO (18/12/2024 11:35:01): Executing JavaScript: window.scrollTo(0, document.body.scrollHeight); with arguments: () (Line: 39) [browser.py]
INFO (18/12/2024 11:35:01): Get elements  (Line: 83) [browser.py]
INFO (18/12/2024 11:35:01): Window scroll to : Scroll  page -> added text (Line: 46) [base_element.py]
INFO (18/12/2024 11:35:01): Executing JavaScript: window.scrollTo(0, document.body.scrollHeight); with arguments: () (Line: 39) [browser.py]
INFO (18/12/2024 11:35:01): Get elements  (Line: 83) [browser.py]
INFO (18/12/2024 11:35:01): Window scroll to : Scroll  page -> added text (Line: 46) [base_element.py]
INFO (18/12/2024 11:35:01): Executing JavaScript: window.scrollTo(0, document.body.scrollHeight); with arguments: () (Line: 39) [browser.py]
INFO (18/12/2024 11:35:01): Get elements  (Line: 83) [browser.py]
INFO (18/12/2024 11:35:01): Window scroll to : Scroll  page -> added text (Line: 46) [base_element.py]
INFO (18/12/2024 11:35:01): Executing JavaScript: window.scrollTo(0, document.body.scrollHeight); with arguments: () (Line: 39) [browser.py]
INFO (18/12/2024 11:35:01): Get elements  (Line: 83) [browser.py]
INFO (18/12/2024 11:35:01): Window scroll to : Scroll  page -> added text (Line: 46) [base_element.py]
INFO (18/12/2024 11:35:01): Executing JavaScript: window.scrollTo(0, document.body.scrollHeight); with arguments: () (Line: 39) [browser.py]
INFO (18/12/2024 11:35:01): Get elements  (Line: 83) [browser.py]
INFO (18/12/2024 11:35:01): Window scroll to : Scroll  page -> added text (Line: 46) [base_element.py]
INFO (18/12/2024 11:35:01): Executing JavaScript: window.scrollTo(0, document.body.scrollHeight); with arguments: () (Line: 39) [browser.py]
INFO (18/12/2024 11:35:01): Get elements  (Line: 83) [browser.py]
INFO (18/12/2024 11:35:01): Window scroll to : Scroll  page -> added text (Line: 46) [base_element.py]
INFO (18/12/2024 11:35:01): Executing JavaScript: window.scrollTo(0, document.body.scrollHeight); with arguments: () (Line: 39) [browser.py]
INFO (18/12/2024 11:35:01): Get elements  (Line: 83) [browser.py]
INFO (18/12/2024 11:35:01): Window scroll to : Scroll  page -> added text (Line: 46) [base_element.py]
INFO (18/12/2024 11:35:01): Executing JavaScript: window.scrollTo(0, document.body.scrollHeight); with arguments: () (Line: 39) [browser.py]
INFO (18/12/2024 11:35:01): Get elements  (Line: 83) [browser.py]
INFO (18/12/2024 11:35:01): Window scroll to : Scroll  page -> added text (Line: 46) [base_element.py]
INFO (18/12/2024 11:35:01): Executing JavaScript: window.scrollTo(0, document.body.scrollHeight); with arguments: () (Line: 39) [browser.py]
INFO (18/12/2024 11:35:01): Get elements  (Line: 83) [browser.py]
INFO (18/12/2024 11:35:01): Window scroll to : Scroll  page -> added text (Line: 46) [base_element.py]
INFO (18/12/2024 11:35:01): Executing JavaScript: window.scrollTo(0, document.body.scrollHeight); with arguments: () (Line: 39) [browser.py]
INFO (18/12/2024 11:35:01): Get elements  (Line: 83) [browser.py]
INFO (18/12/2024 11:35:01): Window scroll to : Scroll  page -> added text (Line: 46) [base_element.py]
INFO (18/12/2024 11:35:01): Executing JavaScript: window.scrollTo(0, document.body.scrollHeight); with arguments: () (Line: 39) [browser.py]
INFO (18/12/2024 11:35:01): Get elements  (Line: 83) [browser.py]
INFO (18/12/2024 11:35:01): Window scroll to : Scroll  page -> added text (Line: 46) [base_element.py]
INFO (18/12/2024 11:35:01): Executing JavaScript: window.scrollTo(0, document.body.scrollHeight); with arguments: () (Line: 39) [browser.py]
INFO (18/12/2024 11:35:01): Get elements  (Line: 83) [browser.py]
INFO (18/12/2024 11:35:01): Window scroll to : Scroll  page -> added text (Line: 46) [base_element.py]
INFO (18/12/2024 11:35:01): Executing JavaScript: window.scrollTo(0, document.body.scrollHeight); with arguments: () (Line: 39) [browser.py]
INFO (18/12/2024 11:35:01): Get elements  (Line: 83) [browser.py]
INFO (18/12/2024 11:35:01): Window scroll to : Scroll  page -> added text (Line: 46) [base_element.py]
INFO (18/12/2024 11:35:01): Executing JavaScript: window.scrollTo(0, document.body.scrollHeight); with arguments: () (Line: 39) [browser.py]
INFO (18/12/2024 11:35:01): Get elements  (Line: 83) [browser.py]
INFO (18/12/2024 11:35:01): Window scroll to : Scroll  page -> added text (Line: 46) [base_element.py]
INFO (18/12/2024 11:35:01): Executing JavaScript: window.scrollTo(0, document.body.scrollHeight); with arguments: () (Line: 39) [browser.py]
INFO (18/12/2024 11:35:01): Get elements  (Line: 83) [browser.py]
INFO (18/12/2024 11:35:01): Window scroll to : Scroll  page -> added text (Line: 46) [base_element.py]
INFO (18/12/2024 11:35:01): Executing JavaScript: window.scrollTo(0, document.body.scrollHeight); with arguments: () (Line: 39) [browser.py]
INFO (18/12/2024 11:35:01): Get elements  (Line: 83) [browser.py]
INFO (18/12/2024 11:35:01): Window scroll to : Scroll  page -> added text (Line: 46) [base_element.py]
INFO (18/12/2024 11:35:01): Executing JavaScript: window.scrollTo(0, document.body.scrollHeight); with arguments: () (Line: 39) [browser.py]
INFO (18/12/2024 11:35:01): Get elements  (Line: 83) [browser.py]
INFO (18/12/2024 11:35:01): Window scroll to : Scroll  page -> added text (Line: 46) [base_element.py]
INFO (18/12/2024 11:35:01): Executing JavaScript: window.scrollTo(0, document.body.scrollHeight); with arguments: () (Line: 39) [browser.py]
INFO (18/12/2024 11:35:01): Get elements  (Line: 83) [browser.py]
INFO (18/12/2024 11:35:01): Window scroll to : Scroll  page -> added text (Line: 46) [base_element.py]
INFO (18/12/2024 11:35:01): Executing JavaScript: window.scrollTo(0, document.body.scrollHeight); with arguments: () (Line: 39) [browser.py]
INFO (18/12/2024 11:35:01): Get elements  (Line: 83) [browser.py]
INFO (18/12/2024 11:35:01): Window scroll to : Scroll  page -> added text (Line: 46) [base_element.py]
INFO (18/12/2024 11:35:01): Executing JavaScript: window.scrollTo(0, document.body.scrollHeight); with arguments: () (Line: 39) [browser.py]
INFO (18/12/2024 11:35:01): Get elements  (Line: 83) [browser.py]
INFO (18/12/2024 11:35:01): Window scroll to : Scroll  page -> added text (Line: 46) [base_element.py]
INFO (18/12/2024 11:35:01): Executing JavaScript: window.scrollTo(0, document.body.scrollHeight); with arguments: () (Line: 39) [browser.py]
INFO (18/12/2024 11:35:01): Get elements  (Line: 83) [browser.py]
INFO (18/12/2024 11:35:01): Window scroll to : Scroll  page -> added text (Line: 46) [base_element.py]
INFO (18/12/2024 11:35:01): Executing JavaScript: window.scrollTo(0, document.body.scrollHeight); with arguments: () (Line: 39) [browser.py]
INFO (18/12/2024 11:35:01): Get elements  (Line: 83) [browser.py]
INFO (18/12/2024 11:35:01): Window scroll to : Scroll  page -> added text (Line: 46) [base_element.py]
INFO (18/12/2024 11:35:01): Executing JavaScript: window.scrollTo(0, document.body.scrollHeight); with arguments: () (Line: 39) [browser.py]
INFO (18/12/2024 11:35:01): Get elements  (Line: 83) [browser.py]
INFO (18/12/2024 11:35:01): Window scroll to : Scroll  page -> added text (Line: 46) [base_element.py]
INFO (18/12/2024 11:35:01): Executing JavaScript: window.scrollTo(0, document.body.scrollHeight); with arguments: () (Line: 39) [browser.py]
INFO (18/12/2024 11:35:01): Get elements  (Line: 83) [browser.py]
INFO (18/12/2024 11:35:01): Window scroll to : Scroll  page -> added text (Line: 46) [base_element.py]
INFO (18/12/2024 11:35:01): Executing JavaScript: window.scrollTo(0, document.body.scrollHeight); with arguments: () (Line: 39) [browser.py]
INFO (18/12/2024 11:35:01): Get elements  (Line: 83) [browser.py]
INFO (18/12/2024 11:35:01): Window scroll to : Scroll  page -> added text (Line: 46) [base_element.py]
INFO (18/12/2024 11:35:01): Executing JavaScript: window.scrollTo(0, document.body.scrollHeight); with arguments: () (Line: 39) [browser.py]
INFO (18/12/2024 11:35:01): Get elements  (Line: 83) [browser.py]
INFO (18/12/2024 11:35:01): Window scroll to : Scroll  page -> added text (Line: 46) [base_element.py]
INFO (18/12/2024 11:35:01): Executing JavaScript: window.scrollTo(0, document.body.scrollHeight); with arguments: () (Line: 39) [browser.py]
INFO (18/12/2024 11:35:01): Get elements  (Line: 83) [browser.py]
INFO (18/12/2024 11:35:01): Window scroll to : Scroll  page -> added text (Line: 46) [base_element.py]
INFO (18/12/2024 11:35:01): Executing JavaScript: window.scrollTo(0, document.body.scrollHeight); with arguments: () (Line: 39) [browser.py]
INFO (18/12/2024 11:35:01): Get elements  (Line: 83) [browser.py]
INFO (18/12/2024 11:35:01): Window scroll to : Scroll  page -> added text (Line: 46) [base_element.py]
INFO (18/12/2024 11:35:01): Executing JavaScript: window.scrollTo(0, document.body.scrollHeight); with arguments: () (Line: 39) [browser.py]
INFO (18/12/2024 11:35:01): Get elements  (Line: 83) [browser.py]
INFO (18/12/2024 11:35:01): Window scroll to : Scroll  page -> added text (Line: 46) [base_element.py]
INFO (18/12/2024 11:35:01): Executing JavaScript: window.scrollTo(0, document.body.scrollHeight); with arguments: () (Line: 39) [browser.py]
INFO (18/12/2024 11:35:01): Get elements  (Line: 83) [browser.py]
INFO (18/12/2024 11:35:01): Window scroll to : Scroll  page -> added text (Line: 46) [base_element.py]
INFO (18/12/2024 11:35:01): Executing JavaScript: window.scrollTo(0, document.body.scrollHeight); with arguments: () (Line: 39) [browser.py]
INFO (18/12/2024 11:35:01): Get elements  (Line: 83) [browser.py]
INFO (18/12/2024 11:35:01): Window scroll to : Scroll  page -> added text (Line: 46) [base_element.py]
INFO (18/12/2024 11:35:01): Executing JavaScript: window.scrollTo(0, document.body.scrollHeight); with arguments: () (Line: 39) [browser.py]
INFO (18/12/2024 11:35:01): Get elements  (Line: 83) [browser.py]
INFO (18/12/2024 11:35:01): Window scroll to : Scroll  page -> added text (Line: 46) [base_element.py]
INFO (18/12/2024 11:35:01): Executing JavaScript: window.scrollTo(0, document.body.scrollHeight); with arguments: () (Line: 39) [browser.py]
INFO (18/12/2024 11:35:01): Get elements  (Line: 83) [browser.py]
INFO (18/12/2024 11:35:01): Window scroll to : Scroll  page -> added text (Line: 46) [base_element.py]
INFO (18/12/2024 11:35:01): Executing JavaScript: window.scrollTo(0, document.body.scrollHeight); with arguments: () (Line: 39) [browser.py]
INFO (18/12/2024 11:35:01): Get elements  (Line: 83) [browser.py]
INFO (18/12/2024 11:35:01): Window scroll to : Scroll  page -> added text (Line: 46) [base_element.py]
INFO (18/12/2024 11:35:01): Executing JavaScript: window.scrollTo(0, document.body.scrollHeight); with arguments: () (Line: 39) [browser.py]
INFO (18/12/2024 11:35:01): Get elements  (Line: 83) [browser.py]
INFO (18/12/2024 11:35:01): Window scroll to : Scroll  page -> added text (Line: 46) [base_element.py]
INFO (18/12/2024 11:35:01): Executing JavaScript: window.scrollTo(0, document.body.scrollHeight); with arguments: () (Line: 39) [browser.py]
INFO (18/12/2024 11:35:01): Get elements  (Line: 83) [browser.py]
INFO (18/12/2024 11:35:01): Window scroll to : Scroll  page -> added text (Line: 46) [base_element.py]
INFO (18/12/2024 11:35:01): Executing JavaScript: window.scrollTo(0, document.body.scrollHeight); with arguments: () (Line: 39) [browser.py]
INFO (18/12/2024 11:35:01): Get elements  (Line: 83) [browser.py]
INFO (18/12/2024 11:35:01): Window scroll to : Scroll  page -> added text (Line: 46) [base_element.py]
INFO (18/12/2024 11:35:01): Executing JavaScript: window.scrollTo(0, document.body.scrollHeight); with arguments: () (Line: 39) [browser.py]
INFO (18/12/2024 11:35:01): Get elements  (Line: 83) [browser.py]
INFO (18/12/2024 11:35:01): Window scroll to : Scroll  page -> added text (Line: 46) [base_element.py]
INFO (18/12/2024 11:35:01): Executing JavaScript: window.scrollTo(0, document.body.scrollHeight); with arguments: () (Line: 39) [browser.py]
INFO (18/12/2024 11:35:01): Get elements  (Line: 83) [browser.py]
INFO (18/12/2024 11:35:01): Window scroll to : Scroll  page -> added text (Line: 46) [base_element.py]
INFO (18/12/2024 11:35:01): Executing JavaScript: window.scrollTo(0, document.body.scrollHeight); with arguments: () (Line: 39) [browser.py]
INFO (18/12/2024 11:35:01): Get elements  (Line: 83) [browser.py]
INFO (18/12/2024 11:35:01): Window scroll to : Scroll  page -> added text (Line: 46) [base_element.py]
INFO (18/12/2024 11:35:01): Executing JavaScript: window.scrollTo(0, document.body.scrollHeight); with arguments: () (Line: 39) [browser.py]
INFO (18/12/2024 11:35:01): Get elements  (Line: 83) [browser.py]
INFO (18/12/2024 11:35:01): Window scroll to : Scroll  page -> added text (Line: 46) [base_element.py]
INFO (18/12/2024 11:35:01): Executing JavaScript: window.scrollTo(0, document.body.scrollHeight); with arguments: () (Line: 39) [browser.py]
INFO (18/12/2024 11:35:01): Get elements  (Line: 83) [browser.py]
INFO (18/12/2024 11:35:01): Window scroll to : Scroll  page -> added text (Line: 46) [base_element.py]
INFO (18/12/2024 11:35:01): Executing JavaScript: window.scrollTo(0, document.body.scrollHeight); with arguments: () (Line: 39) [browser.py]
INFO (18/12/2024 11:35:01): Get elements  (Line: 83) [browser.py]
INFO (18/12/2024 11:35:01): Window scroll to : Scroll  page -> added text (Line: 46) [base_element.py]
INFO (18/12/2024 11:35:01): Executing JavaScript: window.scrollTo(0, document.body.scrollHeight); with arguments: () (Line: 39) [browser.py]
INFO (18/12/2024 11:35:01): Get elements  (Line: 83) [browser.py]
INFO (18/12/2024 11:35:01): Window scroll to : Scroll  page -> added text (Line: 46) [base_element.py]
INFO (18/12/2024 11:35:01): Executing JavaScript: window.scrollTo(0, document.body.scrollHeight); with arguments: () (Line: 39) [browser.py]
INFO (18/12/2024 11:35:01): Get elements  (Line: 83) [browser.py]
INFO (18/12/2024 11:35:01): Window scroll to : Scroll  page -> added text (Line: 46) [base_element.py]
INFO (18/12/2024 11:35:01): Executing JavaScript: window.scrollTo(0, document.body.scrollHeight); with arguments: () (Line: 39) [browser.py]
INFO (18/12/2024 11:35:01): Get elements  (Line: 83) [browser.py]
INFO (18/12/2024 11:35:01): Window scroll to : Scroll  page -> added text (Line: 46) [base_element.py]
INFO (18/12/2024 11:35:01): Executing JavaScript: window.scrollTo(0, document.body.scrollHeight); with arguments: () (Line: 39) [browser.py]
INFO (18/12/2024 11:35:01): Get elements  (Line: 83) [browser.py]
INFO (18/12/2024 11:35:01): Window scroll to : Scroll  page -> added text (Line: 46) [base_element.py]
INFO (18/12/2024 11:35:01): Executing JavaScript: window.scrollTo(0, document.body.scrollHeight); with arguments: () (Line: 39) [browser.py]
INFO (18/12/2024 11:35:01): Get elements  (Line: 83) [browser.py]
INFO (18/12/2024 11:35:01): Window scroll to : Scroll  page -> added text (Line: 46) [base_element.py]
INFO (18/12/2024 11:35:01): Executing JavaScript: window.scrollTo(0, document.body.scrollHeight); with arguments: () (Line: 39) [browser.py]
INFO (18/12/2024 11:35:01): Get elements  (Line: 83) [browser.py]
INFO (18/12/2024 11:35:01): Window scroll to : Scroll  page -> added text (Line: 46) [base_element.py]
INFO (18/12/2024 11:35:01): Executing JavaScript: window.scrollTo(0, document.body.scrollHeight); with arguments: () (Line: 39) [browser.py]
INFO (18/12/2024 11:35:01): Get elements  (Line: 83) [browser.py]
INFO (18/12/2024 11:35:01): Window scroll to : Scroll  page -> added text (Line: 46) [base_element.py]
INFO (18/12/2024 11:35:01): Executing JavaScript: window.scrollTo(0, document.body.scrollHeight); with arguments: () (Line: 39) [browser.py]
INFO (18/12/2024 11:35:01): Get elements  (Line: 83) [browser.py]
INFO (18/12/2024 11:35:01): Window scroll to : Scroll  page -> added text (Line: 46) [base_element.py]
INFO (18/12/2024 11:35:01): Executing JavaScript: window.scrollTo(0, document.body.scrollHeight); with arguments: () (Line: 39) [browser.py]
INFO (18/12/2024 11:35:01): Get elements  (Line: 83) [browser.py]
INFO (18/12/2024 11:35:01): Window scroll to : Scroll  page -> added text (Line: 46) [base_element.py]
INFO (18/12/2024 11:35:01): Executing JavaScript: window.scrollTo(0, document.body.scrollHeight); with arguments: () (Line: 39) [browser.py]
INFO (18/12/2024 11:35:01): Get elements  (Line: 83) [browser.py]
INFO (18/12/2024 11:35:01): Window scroll to : Scroll  page -> added text (Line: 46) [base_element.py]
INFO (18/12/2024 11:35:01): Executing JavaScript: window.scrollTo(0, document.body.scrollHeight); with arguments: () (Line: 39) [browser.py]
INFO (18/12/2024 11:35:01): Get elements  (Line: 83) [browser.py]
INFO (18/12/2024 11:35:01): Window scroll to : Scroll  page -> added text (Line: 46) [base_element.py]
INFO (18/12/2024 11:35:01): Executing JavaScript: window.scrollTo(0, document.body.scrollHeight); with arguments: () (Line: 39) [browser.py]
INFO (18/12/2024 11:35:01): Get elements  (Line: 83) [browser.py]
INFO (18/12/2024 11:35:01): Window scroll to : Scroll  page -> added text (Line: 46) [base_element.py]
INFO (18/12/2024 11:35:01): Executing JavaScript: window.scrollTo(0, document.body.scrollHeight); with arguments: () (Line: 39) [browser.py]
INFO (18/12/2024 11:35:01): Get elements  (Line: 83) [browser.py]
INFO (18/12/2024 11:35:01): Window scroll to : Scroll  page -> added text (Line: 46) [base_element.py]
INFO (18/12/2024 11:35:01): Executing JavaScript: window.scrollTo(0, document.body.scrollHeight); with arguments: () (Line: 39) [browser.py]
INFO (18/12/2024 11:35:01): Get elements  (Line: 83) [browser.py]
INFO (18/12/2024 11:35:01): Window scroll to : Scroll  page -> added text (Line: 46) [base_element.py]
INFO (18/12/2024 11:35:01): Executing JavaScript: window.scrollTo(0, document.body.scrollHeight); with arguments: () (Line: 39) [browser.py]
INFO (18/12/2024 11:35:01): Get elements  (Line: 83) [browser.py]
INFO (18/12/2024 11:35:01): Window scroll to : Scroll  page -> added text (Line: 46) [base_element.py]
INFO (18/12/2024 11:35:01): Executing JavaScript: window.scrollTo(0, document.body.scrollHeight); with arguments: () (Line: 39) [browser.py]
INFO (18/12/2024 11:35:01): Get elements  (Line: 83) [browser.py]
INFO (18/12/2024 11:35:01): Window scroll to : Scroll  page -> added text (Line: 46) [base_element.py]
INFO (18/12/2024 11:35:01): Executing JavaScript: window.scrollTo(0, document.body.scrollHeight); with arguments: () (Line: 39) [browser.py]
INFO (18/12/2024 11:35:01): Get elements  (Line: 83) [browser.py]
INFO (18/12/2024 11:35:01): Window scroll to : Scroll  page -> added text (Line: 46) [base_element.py]
INFO (18/12/2024 11:35:01): Executing JavaScript: window.scrollTo(0, document.body.scrollHeight); with arguments: () (Line: 39) [browser.py]
INFO (18/12/2024 11:35:01): Get elements  (Line: 83) [browser.py]
INFO (18/12/2024 11:35:01): Window scroll to : Scroll  page -> added text (Line: 46) [base_element.py]
INFO (18/12/2024 11:35:01): Executing JavaScript: window.scrollTo(0, document.body.scrollHeight); with arguments: () (Line: 39) [browser.py]
INFO (18/12/2024 11:35:01): Get elements  (Line: 83) [browser.py]
INFO (18/12/2024 11:35:01): Window scroll to : Scroll  page -> added text (Line: 46) [base_element.py]
INFO (18/12/2024 11:35:01): Executing JavaScript: window.scrollTo(0, document.body.scrollHeight); with arguments: () (Line: 39) [browser.py]
INFO (18/12/2024 11:35:01): Get elements  (Line: 83) [browser.py]
INFO (18/12/2024 11:35:01): Window scroll to : Scroll  page -> added text (Line: 46) [base_element.py]
INFO (18/12/2024 11:35:01): Executing JavaScript: window.scrollTo(0, document.body.scrollHeight); with arguments: () (Line: 39) [browser.py]
INFO (18/12/2024 11:35:01): Get elements  (Line: 83) [browser.py]
INFO (18/12/2024 11:35:01): Window scroll to : Scroll  page -> added text (Line: 46) [base_element.py]
INFO (18/12/2024 11:35:01): Executing JavaScript: window.scrollTo(0, document.body.scrollHeight); with arguments: () (Line: 39) [browser.py]
INFO (18/12/2024 11:35:01): Get elements  (Line: 83) [browser.py]
INFO (18/12/2024 11:35:01): Window scroll to : Scroll  page -> added text (Line: 46) [base_element.py]
INFO (18/12/2024 11:35:01): Executing JavaScript: window.scrollTo(0, document.body.scrollHeight); with arguments: () (Line: 39) [browser.py]
INFO (18/12/2024 11:35:01): Get elements  (Line: 83) [browser.py]
INFO (18/12/2024 11:35:01): Window scroll to : Scroll  page -> added text (Line: 46) [base_element.py]
INFO (18/12/2024 11:35:01): Executing JavaScript: window.scrollTo(0, document.body.scrollHeight); with arguments: () (Line: 39) [browser.py]
INFO (18/12/2024 11:35:01): Get elements  (Line: 83) [browser.py]
INFO (18/12/2024 11:35:01): Window scroll to : Scroll  page -> added text (Line: 46) [base_element.py]
INFO (18/12/2024 11:35:01): Executing JavaScript: window.scrollTo(0, document.body.scrollHeight); with arguments: () (Line: 39) [browser.py]
INFO (18/12/2024 11:35:01): Get elements  (Line: 83) [browser.py]
INFO (18/12/2024 11:35:01): Window scroll to : Scroll  page -> added text (Line: 46) [base_element.py]
INFO (18/12/2024 11:35:01): Executing JavaScript: window.scrollTo(0, document.body.scrollHeight); with arguments: () (Line: 39) [browser.py]
INFO (18/12/2024 11:35:01): Get elements  (Line: 83) [browser.py]
INFO (18/12/2024 11:35:01): Window scroll to : Scroll  page -> added text (Line: 46) [base_element.py]
INFO (18/12/2024 11:35:01): Executing JavaScript: window.scrollTo(0, document.body.scrollHeight); with arguments: () (Line: 39) [browser.py]
INFO (18/12/2024 11:35:01): Get elements  (Line: 83) [browser.py]
INFO (18/12/2024 11:35:01): Window scroll to : Scroll  page -> added text (Line: 46) [base_element.py]
INFO (18/12/2024 11:35:01): Executing JavaScript: window.scrollTo(0, document.body.scrollHeight); with arguments: () (Line: 39) [browser.py]
INFO (18/12/2024 11:35:01): Get elements  (Line: 83) [browser.py]
INFO (18/12/2024 11:35:01): Window scroll to : Scroll  page -> added text (Line: 46) [base_element.py]
INFO (18/12/2024 11:35:01): Executing JavaScript: window.scrollTo(0, document.body.scrollHeight); with arguments: () (Line: 39) [browser.py]
INFO (18/12/2024 11:35:01): Get elements  (Line: 83) [browser.py]
INFO (18/12/2024 11:35:01): Window scroll to : Scroll  page -> added text (Line: 46) [base_element.py]
INFO (18/12/2024 11:35:01): Executing JavaScript: window.scrollTo(0, document.body.scrollHeight); with arguments: () (Line: 39) [browser.py]
INFO (18/12/2024 11:35:01): Get elements  (Line: 83) [browser.py]
INFO (18/12/2024 11:35:01): Window scroll to : Scroll  page -> added text (Line: 46) [base_element.py]
INFO (18/12/2024 11:35:01): Executing JavaScript: window.scrollTo(0, document.body.scrollHeight); with arguments: () (Line: 39) [browser.py]
INFO (18/12/2024 11:35:01): Get elements  (Line: 83) [browser.py]
INFO (18/12/2024 11:35:01): Window scroll to : Scroll  page -> added text (Line: 46) [base_element.py]
INFO (18/12/2024 11:35:01): Executing JavaScript: window.scrollTo(0, document.body.scrollHeight); with arguments: () (Line: 39) [browser.py]
INFO (18/12/2024 11:35:01): Get elements  (Line: 83) [browser.py]
INFO (18/12/2024 11:35:01): Window scroll to : Scroll  page -> added text (Line: 46) [base_element.py]
INFO (18/12/2024 11:35:01): Executing JavaScript: window.scrollTo(0, document.body.scrollHeight); with arguments: () (Line: 39) [browser.py]
INFO (18/12/2024 11:35:01): Get elements  (Line: 83) [browser.py]
INFO (18/12/2024 11:35:01): Window scroll to : Scroll  page -> added text (Line: 46) [base_element.py]
INFO (18/12/2024 11:35:01): Executing JavaScript: window.scrollTo(0, document.body.scrollHeight); with arguments: () (Line: 39) [browser.py]
INFO (18/12/2024 11:35:01): Get elements  (Line: 83) [browser.py]
INFO (18/12/2024 11:35:01): Window scroll to : Scroll  page -> added text (Line: 46) [base_element.py]
INFO (18/12/2024 11:35:01): Executing JavaScript: window.scrollTo(0, document.body.scrollHeight); with arguments: () (Line: 39) [browser.py]
INFO (18/12/2024 11:35:01): Get elements  (Line: 83) [browser.py]
INFO (18/12/2024 11:35:01): Window scroll to : Scroll  page -> added text (Line: 46) [base_element.py]
INFO (18/12/2024 11:35:01): Executing JavaScript: window.scrollTo(0, document.body.scrollHeight); with arguments: () (Line: 39) [browser.py]
INFO (18/12/2024 11:35:01): Get elements  (Line: 83) [browser.py]
INFO (18/12/2024 11:35:01): Window scroll to : Scroll  page -> added text (Line: 46) [base_element.py]
INFO (18/12/2024 11:35:01): Executing JavaScript: window.scrollTo(0, document.body.scrollHeight); with arguments: () (Line: 39) [browser.py]
INFO (18/12/2024 11:35:01): Get elements  (Line: 83) [browser.py]
INFO (18/12/2024 11:35:01): Window scroll to : Scroll  page -> added text (Line: 46) [base_element.py]
INFO (18/12/2024 11:35:01): Executing JavaScript: window.scrollTo(0, document.body.scrollHeight); with arguments: () (Line: 39) [browser.py]
INFO (18/12/2024 11:35:01): Get elements  (Line: 83) [browser.py]
INFO (18/12/2024 11:35:01): Window scroll to : Scroll  page -> added text (Line: 46) [base_element.py]
INFO (18/12/2024 11:35:01): Executing JavaScript: window.scrollTo(0, document.body.scrollHeight); with arguments: () (Line: 39) [browser.py]
INFO (18/12/2024 11:35:01): Get elements  (Line: 83) [browser.py]
INFO (18/12/2024 11:35:01): Window scroll to : Scroll  page -> added text (Line: 46) [base_element.py]
INFO (18/12/2024 11:35:01): Executing JavaScript: window.scrollTo(0, document.body.scrollHeight); with arguments: () (Line: 39) [browser.py]
INFO (18/12/2024 11:35:01): Get elements  (Line: 83) [browser.py]
INFO (18/12/2024 11:35:01): Window scroll to : Scroll  page -> added text (Line: 46) [base_element.py]
INFO (18/12/2024 11:35:01): Executing JavaScript: window.scrollTo(0, document.body.scrollHeight); with arguments: () (Line: 39) [browser.py]
INFO (18/12/2024 11:35:01): Get elements  (Line: 83) [browser.py]
INFO (18/12/2024 11:35:01): Window scroll to : Scroll  page -> added text (Line: 46) [base_element.py]
INFO (18/12/2024 11:35:01): Executing JavaScript: window.scrollTo(0, document.body.scrollHeight); with arguments: () (Line: 39) [browser.py]
INFO (18/12/2024 11:35:01): Get elements  (Line: 83) [browser.py]
INFO (18/12/2024 11:35:01): Window scroll to : Scroll  page -> added text (Line: 46) [base_element.py]
INFO (18/12/2024 11:35:01): Executing JavaScript: window.scrollTo(0, document.body.scrollHeight); with arguments: () (Line: 39) [browser.py]
INFO (18/12/2024 11:35:01): Get elements  (Line: 83) [browser.py]
INFO (18/12/2024 11:35:01): Window scroll to : Scroll  page -> added text (Line: 46) [base_element.py]
INFO (18/12/2024 11:35:01): Executing JavaScript: window.scrollTo(0, document.body.scrollHeight); with arguments: () (Line: 39) [browser.py]
INFO (18/12/2024 11:35:01): Get elements  (Line: 83) [browser.py]
INFO (18/12/2024 11:35:01): Window scroll to : Scroll  page -> added text (Line: 46) [base_element.py]
INFO (18/12/2024 11:35:01): Executing JavaScript: window.scrollTo(0, document.body.scrollHeight); with arguments: () (Line: 39) [browser.py]
INFO (18/12/2024 11:35:01): Get elements  (Line: 83) [browser.py]
INFO (18/12/2024 11:35:01): Window scroll to : Scroll  page -> added text (Line: 46) [base_element.py]
INFO (18/12/2024 11:35:01): Executing JavaScript: window.scrollTo(0, document.body.scrollHeight); with arguments: () (Line: 39) [browser.py]
INFO (18/12/2024 11:35:01): Get elements  (Line: 83) [browser.py]
INFO (18/12/2024 11:35:01): Window scroll to : Scroll  page -> added text (Line: 46) [base_element.py]
INFO (18/12/2024 11:35:01): Executing JavaScript: window.scrollTo(0, document.body.scrollHeight); with arguments: () (Line: 39) [browser.py]
INFO (18/12/2024 11:35:01): Get elements  (Line: 83) [browser.py]
INFO (18/12/2024 11:35:01): Window scroll to : Scroll  page -> added text (Line: 46) [base_element.py]
INFO (18/12/2024 11:35:01): Executing JavaScript: window.scrollTo(0, document.body.scrollHeight); with arguments: () (Line: 39) [browser.py]
INFO (18/12/2024 11:35:01): Get elements  (Line: 83) [browser.py]
INFO (18/12/2024 11:35:01): Window scroll to : Scroll  page -> added text (Line: 46) [base_element.py]
INFO (18/12/2024 11:35:01): Executing JavaScript: window.scrollTo(0, document.body.scrollHeight); with arguments: () (Line: 39) [browser.py]
INFO (18/12/2024 11:35:01): Get elements  (Line: 83) [browser.py]
INFO (18/12/2024 11:35:01): Window scroll to : Scroll  page -> added text (Line: 46) [base_element.py]
INFO (18/12/2024 11:35:01): Executing JavaScript: window.scrollTo(0, document.body.scrollHeight); with arguments: () (Line: 39) [browser.py]
INFO (18/12/2024 11:35:01): Get elements  (Line: 83) [browser.py]
INFO (18/12/2024 11:35:01): Window scroll to : Scroll  page -> added text (Line: 46) [base_element.py]
INFO (18/12/2024 11:35:01): Executing JavaScript: window.scrollTo(0, document.body.scrollHeight); with arguments: () (Line: 39) [browser.py]
INFO (18/12/2024 11:35:01): Get elements  (Line: 83) [browser.py]
INFO (18/12/2024 11:35:01): Window scroll to : Scroll  page -> added text (Line: 46) [base_element.py]
INFO (18/12/2024 11:35:01): Executing JavaScript: window.scrollTo(0, document.body.scrollHeight); with arguments: () (Line: 39) [browser.py]
INFO (18/12/2024 11:35:01): Get elements  (Line: 83) [browser.py]
INFO (18/12/2024 11:35:01): Window scroll to : Scroll  page -> added text (Line: 46) [base_element.py]
INFO (18/12/2024 11:35:01): Executing JavaScript: window.scrollTo(0, document.body.scrollHeight); with arguments: () (Line: 39) [browser.py]
INFO (18/12/2024 11:35:01): Get elements  (Line: 83) [browser.py]
INFO (18/12/2024 11:35:01): Window scroll to : Scroll  page -> added text (Line: 46) [base_element.py]
INFO (18/12/2024 11:35:01): Executing JavaScript: window.scrollTo(0, document.body.scrollHeight); with arguments: () (Line: 39) [browser.py]
INFO (18/12/2024 11:35:01): Get elements  (Line: 83) [browser.py]
INFO (18/12/2024 11:35:01): Window scroll to : Scroll  page -> added text (Line: 46) [base_element.py]
INFO (18/12/2024 11:35:01): Executing JavaScript: window.scrollTo(0, document.body.scrollHeight); with arguments: () (Line: 39) [browser.py]
INFO (18/12/2024 11:35:01): Get elements  (Line: 83) [browser.py]
INFO (18/12/2024 11:35:01): Window scroll to : Scroll  page -> added text (Line: 46) [base_element.py]
INFO (18/12/2024 11:35:01): Executing JavaScript: window.scrollTo(0, document.body.scrollHeight); with arguments: () (Line: 39) [browser.py]
INFO (18/12/2024 11:35:01): Get elements  (Line: 83) [browser.py]
INFO (18/12/2024 11:35:01): Window scroll to : Scroll  page -> added text (Line: 46) [base_element.py]
INFO (18/12/2024 11:35:01): Executing JavaScript: window.scrollTo(0, document.body.scrollHeight); with arguments: () (Line: 39) [browser.py]
INFO (18/12/2024 11:35:01): Get elements  (Line: 83) [browser.py]
INFO (18/12/2024 11:35:01): Window scroll to : Scroll  page -> added text (Line: 46) [base_element.py]
INFO (18/12/2024 11:35:01): Executing JavaScript: window.scrollTo(0, document.body.scrollHeight); with arguments: () (Line: 39) [browser.py]
INFO (18/12/2024 11:35:01): Get elements  (Line: 83) [browser.py]
INFO (18/12/2024 11:35:01): Window scroll to : Scroll  page -> added text (Line: 46) [base_element.py]
INFO (18/12/2024 11:35:01): Executing JavaScript: window.scrollTo(0, document.body.scrollHeight); with arguments: () (Line: 39) [browser.py]
INFO (18/12/2024 11:35:01): Get elements  (Line: 83) [browser.py]
INFO (18/12/2024 11:35:01): Window scroll to : Scroll  page -> added text (Line: 46) [base_element.py]
INFO (18/12/2024 11:35:01): Executing JavaScript: window.scrollTo(0, document.body.scrollHeight); with arguments: () (Line: 39) [browser.py]
INFO (18/12/2024 11:35:01): Get elements  (Line: 83) [browser.py]
INFO (18/12/2024 11:35:01): Window scroll to : Scroll  page -> added text (Line: 46) [base_element.py]
INFO (18/12/2024 11:35:01): Executing JavaScript: window.scrollTo(0, document.body.scrollHeight); with arguments: () (Line: 39) [browser.py]
INFO (18/12/2024 11:35:01): Get elements  (Line: 83) [browser.py]
INFO (18/12/2024 11:35:01): Window scroll to : Scroll  page -> added text (Line: 46) [base_element.py]
INFO (18/12/2024 11:35:01): Executing JavaScript: window.scrollTo(0, document.body.scrollHeight); with arguments: () (Line: 39) [browser.py]
INFO (18/12/2024 11:35:02): Get elements  (Line: 83) [browser.py]
INFO (18/12/2024 11:35:02): Window scroll to : Scroll  page -> added text (Line: 46) [base_element.py]
INFO (18/12/2024 11:35:02): Executing JavaScript: window.scrollTo(0, document.body.scrollHeight); with arguments: () (Line: 39) [browser.py]
INFO (18/12/2024 11:35:02): Get elements  (Line: 83) [browser.py]
INFO (18/12/2024 11:35:02): Window scroll to : Scroll  page -> added text (Line: 46) [base_element.py]
INFO (18/12/2024 11:35:02): Executing JavaScript: window.scrollTo(0, document.body.scrollHeight); with arguments: () (Line: 39) [browser.py]
INFO (18/12/2024 11:35:02): Get elements  (Line: 83) [browser.py]
INFO (18/12/2024 11:35:02): Window scroll to : Scroll  page -> added text (Line: 46) [base_element.py]
INFO (18/12/2024 11:35:02): Executing JavaScript: window.scrollTo(0, document.body.scrollHeight); with arguments: () (Line: 39) [browser.py]
INFO (18/12/2024 11:35:02): Get elements  (Line: 83) [browser.py]
INFO (18/12/2024 11:35:02): Window scroll to : Scroll  page -> added text (Line: 46) [base_element.py]
INFO (18/12/2024 11:35:02): Executing JavaScript: window.scrollTo(0, document.body.scrollHeight); with arguments: () (Line: 39) [browser.py]
INFO (18/12/2024 11:35:02): Get elements  (Line: 83) [browser.py]
INFO (18/12/2024 11:35:02): Window scroll to : Scroll  page -> added text (Line: 46) [base_element.py]
INFO (18/12/2024 11:35:02): Executing JavaScript: window.scrollTo(0, document.body.scrollHeight); with arguments: () (Line: 39) [browser.py]
INFO (18/12/2024 11:35:02): Get elements  (Line: 83) [browser.py]
INFO (18/12/2024 11:35:02): Window scroll to : Scroll  page -> added text (Line: 46) [base_element.py]
INFO (18/12/2024 11:35:02): Executing JavaScript: window.scrollTo(0, document.body.scrollHeight); with arguments: () (Line: 39) [browser.py]
INFO (18/12/2024 11:35:02): Get elements  (Line: 83) [browser.py]
INFO (18/12/2024 11:35:02): Window scroll to : Scroll  page -> added text (Line: 46) [base_element.py]
INFO (18/12/2024 11:35:02): Executing JavaScript: window.scrollTo(0, document.body.scrollHeight); with arguments: () (Line: 39) [browser.py]
INFO (18/12/2024 11:35:02): Get elements  (Line: 83) [browser.py]
INFO (18/12/2024 11:35:02): Window scroll to : Scroll  page -> added text (Line: 46) [base_element.py]
INFO (18/12/2024 11:35:02): Executing JavaScript: window.scrollTo(0, document.body.scrollHeight); with arguments: () (Line: 39) [browser.py]
INFO (18/12/2024 11:35:02): Get elements  (Line: 83) [browser.py]
INFO (18/12/2024 11:35:02): Window scroll to : Scroll  page -> added text (Line: 46) [base_element.py]
INFO (18/12/2024 11:35:02): Executing JavaScript: window.scrollTo(0, document.body.scrollHeight); with arguments: () (Line: 39) [browser.py]
INFO (18/12/2024 11:35:02): Get elements  (Line: 83) [browser.py]
INFO (18/12/2024 11:35:02): Window scroll to : Scroll  page -> added text (Line: 46) [base_element.py]
INFO (18/12/2024 11:35:02): Executing JavaScript: window.scrollTo(0, document.body.scrollHeight); with arguments: () (Line: 39) [browser.py]
INFO (18/12/2024 11:35:02): Get elements  (Line: 83) [browser.py]
INFO (18/12/2024 11:35:02): Window scroll to : Scroll  page -> added text (Line: 46) [base_element.py]
INFO (18/12/2024 11:35:02): Executing JavaScript: window.scrollTo(0, document.body.scrollHeight); with arguments: () (Line: 39) [browser.py]
INFO (18/12/2024 11:35:02): Get elements  (Line: 83) [browser.py]
INFO (18/12/2024 11:35:02): Window scroll to : Scroll  page -> added text (Line: 46) [base_element.py]
INFO (18/12/2024 11:35:02): Executing JavaScript: window.scrollTo(0, document.body.scrollHeight); with arguments: () (Line: 39) [browser.py]
INFO (18/12/2024 11:35:02): Get elements  (Line: 83) [browser.py]
INFO (18/12/2024 11:35:02): Window scroll to : Scroll  page -> added text (Line: 46) [base_element.py]
INFO (18/12/2024 11:35:02): Executing JavaScript: window.scrollTo(0, document.body.scrollHeight); with arguments: () (Line: 39) [browser.py]
INFO (18/12/2024 11:35:02): Get elements  (Line: 83) [browser.py]
INFO (18/12/2024 11:35:02): Window scroll to : Scroll  page -> added text (Line: 46) [base_element.py]
INFO (18/12/2024 11:35:02): Executing JavaScript: window.scrollTo(0, document.body.scrollHeight); with arguments: () (Line: 39) [browser.py]
INFO (18/12/2024 11:35:02): Get elements  (Line: 83) [browser.py]
INFO (18/12/2024 11:35:02): Window scroll to : Scroll  page -> added text (Line: 46) [base_element.py]
INFO (18/12/2024 11:35:02): Executing JavaScript: window.scrollTo(0, document.body.scrollHeight); with arguments: () (Line: 39) [browser.py]
INFO (18/12/2024 11:35:02): Get elements  (Line: 83) [browser.py]
INFO (18/12/2024 11:35:02): Window scroll to : Scroll  page -> added text (Line: 46) [base_element.py]
INFO (18/12/2024 11:35:02): Executing JavaScript: window.scrollTo(0, document.body.scrollHeight); with arguments: () (Line: 39) [browser.py]
INFO (18/12/2024 11:35:02): Get elements  (Line: 83) [browser.py]
INFO (18/12/2024 11:35:02): Window scroll to : Scroll  page -> added text (Line: 46) [base_element.py]
INFO (18/12/2024 11:35:02): Executing JavaScript: window.scrollTo(0, document.body.scrollHeight); with arguments: () (Line: 39) [browser.py]
INFO (18/12/2024 11:35:02): Get elements  (Line: 83) [browser.py]
INFO (18/12/2024 11:35:02): Window scroll to : Scroll  page -> added text (Line: 46) [base_element.py]
INFO (18/12/2024 11:35:02): Executing JavaScript: window.scrollTo(0, document.body.scrollHeight); with arguments: () (Line: 39) [browser.py]
INFO (18/12/2024 11:35:02): Get elements  (Line: 83) [browser.py]
INFO (18/12/2024 11:35:02): Window scroll to : Scroll  page -> added text (Line: 46) [base_element.py]
INFO (18/12/2024 11:35:02): Executing JavaScript: window.scrollTo(0, document.body.scrollHeight); with arguments: () (Line: 39) [browser.py]
INFO (18/12/2024 11:35:02): Get elements  (Line: 83) [browser.py]
INFO (18/12/2024 11:35:02): Window scroll to : Scroll  page -> added text (Line: 46) [base_element.py]
INFO (18/12/2024 11:35:02): Executing JavaScript: window.scrollTo(0, document.body.scrollHeight); with arguments: () (Line: 39) [browser.py]
INFO (18/12/2024 11:35:02): Get elements  (Line: 83) [browser.py]
INFO (18/12/2024 11:35:02): Window scroll to : Scroll  page -> added text (Line: 46) [base_element.py]
INFO (18/12/2024 11:35:02): Executing JavaScript: window.scrollTo(0, document.body.scrollHeight); with arguments: () (Line: 39) [browser.py]
INFO (18/12/2024 11:35:02): Get elements  (Line: 83) [browser.py]
INFO (18/12/2024 11:35:02): Window scroll to : Scroll  page -> added text (Line: 46) [base_element.py]
INFO (18/12/2024 11:35:02): Executing JavaScript: window.scrollTo(0, document.body.scrollHeight); with arguments: () (Line: 39) [browser.py]
INFO (18/12/2024 11:35:02): Get elements  (Line: 83) [browser.py]
INFO (18/12/2024 11:35:02): Window scroll to : Scroll  page -> added text (Line: 46) [base_element.py]
INFO (18/12/2024 11:35:02): Executing JavaScript: window.scrollTo(0, document.body.scrollHeight); with arguments: () (Line: 39) [browser.py]
INFO (18/12/2024 11:35:02): Get elements  (Line: 83) [browser.py]
INFO (18/12/2024 11:35:02): Window scroll to : Scroll  page -> added text (Line: 46) [base_element.py]
INFO (18/12/2024 11:35:02): Executing JavaScript: window.scrollTo(0, document.body.scrollHeight); with arguments: () (Line: 39) [browser.py]
INFO (18/12/2024 11:35:02): Get elements  (Line: 83) [browser.py]
INFO (18/12/2024 11:35:02): Window scroll to : Scroll  page -> added text (Line: 46) [base_element.py]
INFO (18/12/2024 11:35:02): Executing JavaScript: window.scrollTo(0, document.body.scrollHeight); with arguments: () (Line: 39) [browser.py]
INFO (18/12/2024 11:35:02): Get elements  (Line: 83) [browser.py]
INFO (18/12/2024 11:35:02): Window scroll to : Scroll  page -> added text (Line: 46) [base_element.py]
INFO (18/12/2024 11:35:02): Executing JavaScript: window.scrollTo(0, document.body.scrollHeight); with arguments: () (Line: 39) [browser.py]
INFO (18/12/2024 11:35:02): Get elements  (Line: 83) [browser.py]
INFO (18/12/2024 11:35:02): Window scroll to : Scroll  page -> added text (Line: 46) [base_element.py]
INFO (18/12/2024 11:35:02): Executing JavaScript: window.scrollTo(0, document.body.scrollHeight); with arguments: () (Line: 39) [browser.py]
INFO (18/12/2024 11:35:02): Get elements  (Line: 83) [browser.py]
INFO (18/12/2024 11:35:02): Window scroll to : Scroll  page -> added text (Line: 46) [base_element.py]
INFO (18/12/2024 11:35:02): Executing JavaScript: window.scrollTo(0, document.body.scrollHeight); with arguments: () (Line: 39) [browser.py]
INFO (18/12/2024 11:35:02): Get elements  (Line: 83) [browser.py]
INFO (18/12/2024 11:35:02): Window scroll to : Scroll  page -> added text (Line: 46) [base_element.py]
INFO (18/12/2024 11:35:02): Executing JavaScript: window.scrollTo(0, document.body.scrollHeight); with arguments: () (Line: 39) [browser.py]
INFO (18/12/2024 11:35:02): Get elements  (Line: 83) [browser.py]
INFO (18/12/2024 11:35:02): Window scroll to : Scroll  page -> added text (Line: 46) [base_element.py]
INFO (18/12/2024 11:35:02): Executing JavaScript: window.scrollTo(0, document.body.scrollHeight); with arguments: () (Line: 39) [browser.py]
INFO (18/12/2024 11:35:02): Get elements  (Line: 83) [browser.py]
INFO (18/12/2024 11:35:02): Window scroll to : Scroll  page -> added text (Line: 46) [base_element.py]
INFO (18/12/2024 11:35:02): Executing JavaScript: window.scrollTo(0, document.body.scrollHeight); with arguments: () (Line: 39) [browser.py]
INFO (18/12/2024 11:35:02): Get elements  (Line: 83) [browser.py]
INFO (18/12/2024 11:35:02): Window scroll to : Scroll  page -> added text (Line: 46) [base_element.py]
INFO (18/12/2024 11:35:02): Executing JavaScript: window.scrollTo(0, document.body.scrollHeight); with arguments: () (Line: 39) [browser.py]
INFO (18/12/2024 11:35:02): Get elements  (Line: 83) [browser.py]
INFO (18/12/2024 11:35:02): Window scroll to : Scroll  page -> added text (Line: 46) [base_element.py]
INFO (18/12/2024 11:35:02): Executing JavaScript: window.scrollTo(0, document.body.scrollHeight); with arguments: () (Line: 39) [browser.py]
INFO (18/12/2024 11:35:02): Get elements  (Line: 83) [browser.py]
INFO (18/12/2024 11:35:02): Window scroll to : Scroll  page -> added text (Line: 46) [base_element.py]
INFO (18/12/2024 11:35:02): Executing JavaScript: window.scrollTo(0, document.body.scrollHeight); with arguments: () (Line: 39) [browser.py]
INFO (18/12/2024 11:35:02): Get elements  (Line: 83) [browser.py]
INFO (18/12/2024 11:35:02): Window scroll to : Scroll  page -> added text (Line: 46) [base_element.py]
INFO (18/12/2024 11:35:02): Executing JavaScript: window.scrollTo(0, document.body.scrollHeight); with arguments: () (Line: 39) [browser.py]
INFO (18/12/2024 11:35:02): Get elements  (Line: 83) [browser.py]
INFO (18/12/2024 11:35:02): Window scroll to : Scroll  page -> added text (Line: 46) [base_element.py]
INFO (18/12/2024 11:35:02): Executing JavaScript: window.scrollTo(0, document.body.scrollHeight); with arguments: () (Line: 39) [browser.py]
INFO (18/12/2024 11:35:02): Get elements  (Line: 83) [browser.py]
INFO (18/12/2024 11:35:02): Window scroll to : Scroll  page -> added text (Line: 46) [base_element.py]
INFO (18/12/2024 11:35:02): Executing JavaScript: window.scrollTo(0, document.body.scrollHeight); with arguments: () (Line: 39) [browser.py]
INFO (18/12/2024 11:35:02): Get elements  (Line: 83) [browser.py]
INFO (18/12/2024 11:35:02): Window scroll to : Scroll  page -> added text (Line: 46) [base_element.py]
INFO (18/12/2024 11:35:02): Executing JavaScript: window.scrollTo(0, document.body.scrollHeight); with arguments: () (Line: 39) [browser.py]
INFO (18/12/2024 11:35:02): Get elements  (Line: 83) [browser.py]
INFO (18/12/2024 11:35:02): Window scroll to : Scroll  page -> added text (Line: 46) [base_element.py]
INFO (18/12/2024 11:35:02): Executing JavaScript: window.scrollTo(0, document.body.scrollHeight); with arguments: () (Line: 39) [browser.py]
INFO (18/12/2024 11:35:02): Get elements  (Line: 83) [browser.py]
INFO (18/12/2024 11:35:02): Window scroll to : Scroll  page -> added text (Line: 46) [base_element.py]
INFO (18/12/2024 11:35:02): Executing JavaScript: window.scrollTo(0, document.body.scrollHeight); with arguments: () (Line: 39) [browser.py]
INFO (18/12/2024 11:35:02): Get elements  (Line: 83) [browser.py]
INFO (18/12/2024 11:35:02): Window scroll to : Scroll  page -> added text (Line: 46) [base_element.py]
INFO (18/12/2024 11:35:02): Executing JavaScript: window.scrollTo(0, document.body.scrollHeight); with arguments: () (Line: 39) [browser.py]
INFO (18/12/2024 11:35:02): Get elements  (Line: 83) [browser.py]
INFO (18/12/2024 11:35:02): Window scroll to : Scroll  page -> added text (Line: 46) [base_element.py]
INFO (18/12/2024 11:35:02): Executing JavaScript: window.scrollTo(0, document.body.scrollHeight); with arguments: () (Line: 39) [browser.py]
INFO (18/12/2024 11:35:02): Get elements  (Line: 83) [browser.py]
INFO (18/12/2024 11:35:02): Window scroll to : Scroll  page -> added text (Line: 46) [base_element.py]
INFO (18/12/2024 11:35:02): Executing JavaScript: window.scrollTo(0, document.body.scrollHeight); with arguments: () (Line: 39) [browser.py]
INFO (18/12/2024 11:35:02): Get elements  (Line: 83) [browser.py]
INFO (18/12/2024 11:35:02): Window scroll to : Scroll  page -> added text (Line: 46) [base_element.py]
INFO (18/12/2024 11:35:02): Executing JavaScript: window.scrollTo(0, document.body.scrollHeight); with arguments: () (Line: 39) [browser.py]
INFO (18/12/2024 11:35:02): Get elements  (Line: 83) [browser.py]
INFO (18/12/2024 11:35:02): Window scroll to : Scroll  page -> added text (Line: 46) [base_element.py]
INFO (18/12/2024 11:35:02): Executing JavaScript: window.scrollTo(0, document.body.scrollHeight); with arguments: () (Line: 39) [browser.py]
INFO (18/12/2024 11:35:02): Get elements  (Line: 83) [browser.py]
INFO (18/12/2024 11:35:02): Window scroll to : Scroll  page -> added text (Line: 46) [base_element.py]
INFO (18/12/2024 11:35:02): Executing JavaScript: window.scrollTo(0, document.body.scrollHeight); with arguments: () (Line: 39) [browser.py]
INFO (18/12/2024 11:35:02): Get elements  (Line: 83) [browser.py]
INFO (18/12/2024 11:35:02): Window scroll to : Scroll  page -> added text (Line: 46) [base_element.py]
INFO (18/12/2024 11:35:02): Executing JavaScript: window.scrollTo(0, document.body.scrollHeight); with arguments: () (Line: 39) [browser.py]
INFO (18/12/2024 11:35:02): Get elements  (Line: 83) [browser.py]
INFO (18/12/2024 11:35:02): Window scroll to : Scroll  page -> added text (Line: 46) [base_element.py]
INFO (18/12/2024 11:35:02): Executing JavaScript: window.scrollTo(0, document.body.scrollHeight); with arguments: () (Line: 39) [browser.py]
INFO (18/12/2024 11:35:02): Get elements  (Line: 83) [browser.py]
INFO (18/12/2024 11:35:02): Window scroll to : Scroll  page -> added text (Line: 46) [base_element.py]
INFO (18/12/2024 11:35:02): Executing JavaScript: window.scrollTo(0, document.body.scrollHeight); with arguments: () (Line: 39) [browser.py]
INFO (18/12/2024 11:35:02): Get elements  (Line: 83) [browser.py]
INFO (18/12/2024 11:35:02): Window scroll to : Scroll  page -> added text (Line: 46) [base_element.py]
INFO (18/12/2024 11:35:02): Executing JavaScript: window.scrollTo(0, document.body.scrollHeight); with arguments: () (Line: 39) [browser.py]
INFO (18/12/2024 11:35:02): Get elements  (Line: 83) [browser.py]
INFO (18/12/2024 11:35:02): Window scroll to : Scroll  page -> added text (Line: 46) [base_element.py]
INFO (18/12/2024 11:35:02): Executing JavaScript: window.scrollTo(0, document.body.scrollHeight); with arguments: () (Line: 39) [browser.py]
INFO (18/12/2024 11:35:02): Get elements  (Line: 83) [browser.py]
INFO (18/12/2024 11:35:02): Window scroll to : Scroll  page -> added text (Line: 46) [base_element.py]
INFO (18/12/2024 11:35:02): Executing JavaScript: window.scrollTo(0, document.body.scrollHeight); with arguments: () (Line: 39) [browser.py]
INFO (18/12/2024 11:35:02): Get elements  (Line: 83) [browser.py]
INFO (18/12/2024 11:35:02): Window scroll to : Scroll  page -> added text (Line: 46) [base_element.py]
INFO (18/12/2024 11:35:02): Executing JavaScript: window.scrollTo(0, document.body.scrollHeight); with arguments: () (Line: 39) [browser.py]
INFO (18/12/2024 11:35:02): Get elements  (Line: 83) [browser.py]
INFO (18/12/2024 11:35:02): Window scroll to : Scroll  page -> added text (Line: 46) [base_element.py]
INFO (18/12/2024 11:35:02): Executing JavaScript: window.scrollTo(0, document.body.scrollHeight); with arguments: () (Line: 39) [browser.py]
INFO (18/12/2024 11:35:02): Get elements  (Line: 83) [browser.py]
INFO (18/12/2024 11:35:02): Window scroll to : Scroll  page -> added text (Line: 46) [base_element.py]
INFO (18/12/2024 11:35:02): Executing JavaScript: window.scrollTo(0, document.body.scrollHeight); with arguments: () (Line: 39) [browser.py]
INFO (18/12/2024 11:35:02): Get elements  (Line: 83) [browser.py]
INFO (18/12/2024 11:35:02): Window scroll to : Scroll  page -> added text (Line: 46) [base_element.py]
INFO (18/12/2024 11:35:02): Executing JavaScript: window.scrollTo(0, document.body.scrollHeight); with arguments: () (Line: 39) [browser.py]
INFO (18/12/2024 11:35:02): Get elements  (Line: 83) [browser.py]
INFO (18/12/2024 11:35:02): Window scroll to : Scroll  page -> added text (Line: 46) [base_element.py]
INFO (18/12/2024 11:35:02): Executing JavaScript: window.scrollTo(0, document.body.scrollHeight); with arguments: () (Line: 39) [browser.py]
INFO (18/12/2024 11:35:02): Get elements  (Line: 83) [browser.py]
INFO (18/12/2024 11:35:02): Window scroll to : Scroll  page -> added text (Line: 46) [base_element.py]
INFO (18/12/2024 11:35:02): Executing JavaScript: window.scrollTo(0, document.body.scrollHeight); with arguments: () (Line: 39) [browser.py]
INFO (18/12/2024 11:35:02): Get elements  (Line: 83) [browser.py]
INFO (18/12/2024 11:35:02): Window scroll to : Scroll  page -> added text (Line: 46) [base_element.py]
INFO (18/12/2024 11:35:02): Executing JavaScript: window.scrollTo(0, document.body.scrollHeight); with arguments: () (Line: 39) [browser.py]
INFO (18/12/2024 11:35:02): Get elements  (Line: 83) [browser.py]
INFO (18/12/2024 11:35:02): Window scroll to : Scroll  page -> added text (Line: 46) [base_element.py]
INFO (18/12/2024 11:35:02): Executing JavaScript: window.scrollTo(0, document.body.scrollHeight); with arguments: () (Line: 39) [browser.py]
INFO (18/12/2024 11:35:02): Get elements  (Line: 83) [browser.py]
INFO (18/12/2024 11:35:02): Window scroll to : Scroll  page -> added text (Line: 46) [base_element.py]
INFO (18/12/2024 11:35:02): Executing JavaScript: window.scrollTo(0, document.body.scrollHeight); with arguments: () (Line: 39) [browser.py]
INFO (18/12/2024 11:35:02): Get elements  (Line: 83) [browser.py]
INFO (18/12/2024 11:35:02): Window scroll to : Scroll  page -> added text (Line: 46) [base_element.py]
INFO (18/12/2024 11:35:02): Executing JavaScript: window.scrollTo(0, document.body.scrollHeight); with arguments: () (Line: 39) [browser.py]
INFO (18/12/2024 11:35:02): Get elements  (Line: 83) [browser.py]
INFO (18/12/2024 11:35:02): Window scroll to : Scroll  page -> added text (Line: 46) [base_element.py]
INFO (18/12/2024 11:35:02): Executing JavaScript: window.scrollTo(0, document.body.scrollHeight); with arguments: () (Line: 39) [browser.py]
INFO (18/12/2024 11:35:02): Get elements  (Line: 83) [browser.py]
INFO (18/12/2024 11:35:02): Window scroll to : Scroll  page -> added text (Line: 46) [base_element.py]
INFO (18/12/2024 11:35:02): Executing JavaScript: window.scrollTo(0, document.body.scrollHeight); with arguments: () (Line: 39) [browser.py]
INFO (18/12/2024 11:35:02): Get elements  (Line: 83) [browser.py]
INFO (18/12/2024 11:35:02): Window scroll to : Scroll  page -> added text (Line: 46) [base_element.py]
INFO (18/12/2024 11:35:02): Executing JavaScript: window.scrollTo(0, document.body.scrollHeight); with arguments: () (Line: 39) [browser.py]
INFO (18/12/2024 11:35:02): Get elements  (Line: 83) [browser.py]
INFO (18/12/2024 11:35:02): Window scroll to : Scroll  page -> added text (Line: 46) [base_element.py]
INFO (18/12/2024 11:35:02): Executing JavaScript: window.scrollTo(0, document.body.scrollHeight); with arguments: () (Line: 39) [browser.py]
INFO (18/12/2024 11:35:02): Get elements  (Line: 83) [browser.py]
INFO (18/12/2024 11:35:02): Window scroll to : Scroll  page -> added text (Line: 46) [base_element.py]
INFO (18/12/2024 11:35:02): Executing JavaScript: window.scrollTo(0, document.body.scrollHeight); with arguments: () (Line: 39) [browser.py]
INFO (18/12/2024 11:35:02): Get elements  (Line: 83) [browser.py]
INFO (18/12/2024 11:35:02): Window scroll to : Scroll  page -> added text (Line: 46) [base_element.py]
INFO (18/12/2024 11:35:02): Executing JavaScript: window.scrollTo(0, document.body.scrollHeight); with arguments: () (Line: 39) [browser.py]
INFO (18/12/2024 11:35:02): Get elements  (Line: 83) [browser.py]
INFO (18/12/2024 11:35:02): Window scroll to : Scroll  page -> added text (Line: 46) [base_element.py]
INFO (18/12/2024 11:35:02): Executing JavaScript: window.scrollTo(0, document.body.scrollHeight); with arguments: () (Line: 39) [browser.py]
INFO (18/12/2024 11:35:02): Get elements  (Line: 83) [browser.py]
INFO (18/12/2024 11:35:02): Window scroll to : Scroll  page -> added text (Line: 46) [base_element.py]
INFO (18/12/2024 11:35:02): Executing JavaScript: window.scrollTo(0, document.body.scrollHeight); with arguments: () (Line: 39) [browser.py]
INFO (18/12/2024 11:35:02): Get elements  (Line: 83) [browser.py]
INFO (18/12/2024 11:35:02): Window scroll to : Scroll  page -> added text (Line: 46) [base_element.py]
INFO (18/12/2024 11:35:02): Executing JavaScript: window.scrollTo(0, document.body.scrollHeight); with arguments: () (Line: 39) [browser.py]
INFO (18/12/2024 11:35:02): Get elements  (Line: 83) [browser.py]
INFO (18/12/2024 11:35:02): Window scroll to : Scroll  page -> added text (Line: 46) [base_element.py]
INFO (18/12/2024 11:35:02): Executing JavaScript: window.scrollTo(0, document.body.scrollHeight); with arguments: () (Line: 39) [browser.py]
INFO (18/12/2024 11:35:02): Get elements  (Line: 83) [browser.py]
INFO (18/12/2024 11:35:02): Window scroll to : Scroll  page -> added text (Line: 46) [base_element.py]
INFO (18/12/2024 11:35:02): Executing JavaScript: window.scrollTo(0, document.body.scrollHeight); with arguments: () (Line: 39) [browser.py]
INFO (18/12/2024 11:35:02): Get elements  (Line: 83) [browser.py]
INFO (18/12/2024 11:35:02): Window scroll to : Scroll  page -> added text (Line: 46) [base_element.py]
INFO (18/12/2024 11:35:02): Executing JavaScript: window.scrollTo(0, document.body.scrollHeight); with arguments: () (Line: 39) [browser.py]
INFO (18/12/2024 11:35:02): Get elements  (Line: 83) [browser.py]
INFO (18/12/2024 11:35:02): Window scroll to : Scroll  page -> added text (Line: 46) [base_element.py]
INFO (18/12/2024 11:35:02): Executing JavaScript: window.scrollTo(0, document.body.scrollHeight); with arguments: () (Line: 39) [browser.py]
INFO (18/12/2024 11:35:02): Get elements  (Line: 83) [browser.py]
INFO (18/12/2024 11:35:02): Window scroll to : Scroll  page -> added text (Line: 46) [base_element.py]
INFO (18/12/2024 11:35:02): Executing JavaScript: window.scrollTo(0, document.body.scrollHeight); with arguments: () (Line: 39) [browser.py]
INFO (18/12/2024 11:35:02): Get elements  (Line: 83) [browser.py]
INFO (18/12/2024 11:35:02): Window scroll to : Scroll  page -> added text (Line: 46) [base_element.py]
INFO (18/12/2024 11:35:02): Executing JavaScript: window.scrollTo(0, document.body.scrollHeight); with arguments: () (Line: 39) [browser.py]
INFO (18/12/2024 11:35:02): Get elements  (Line: 83) [browser.py]
INFO (18/12/2024 11:35:02): Window scroll to : Scroll  page -> added text (Line: 46) [base_element.py]
INFO (18/12/2024 11:35:02): Executing JavaScript: window.scrollTo(0, document.body.scrollHeight); with arguments: () (Line: 39) [browser.py]
INFO (18/12/2024 11:35:02): Get elements  (Line: 83) [browser.py]
INFO (18/12/2024 11:35:02): Window scroll to : Scroll  page -> added text (Line: 46) [base_element.py]
INFO (18/12/2024 11:35:02): Executing JavaScript: window.scrollTo(0, document.body.scrollHeight); with arguments: () (Line: 39) [browser.py]
INFO (18/12/2024 11:35:02): Get elements  (Line: 83) [browser.py]
INFO (18/12/2024 11:35:02): Window scroll to : Scroll  page -> added text (Line: 46) [base_element.py]
INFO (18/12/2024 11:35:02): Executing JavaScript: window.scrollTo(0, document.body.scrollHeight); with arguments: () (Line: 39) [browser.py]
INFO (18/12/2024 11:35:02): Get elements  (Line: 83) [browser.py]
INFO (18/12/2024 11:35:02): Window scroll to : Scroll  page -> added text (Line: 46) [base_element.py]
INFO (18/12/2024 11:35:02): Executing JavaScript: window.scrollTo(0, document.body.scrollHeight); with arguments: () (Line: 39) [browser.py]
INFO (18/12/2024 11:35:02): Get elements  (Line: 83) [browser.py]
INFO (18/12/2024 11:35:02): Window scroll to : Scroll  page -> added text (Line: 46) [base_element.py]
INFO (18/12/2024 11:35:02): Executing JavaScript: window.scrollTo(0, document.body.scrollHeight); with arguments: () (Line: 39) [browser.py]
INFO (18/12/2024 11:35:02): Get elements  (Line: 83) [browser.py]
INFO (18/12/2024 11:35:02): Window scroll to : Scroll  page -> added text (Line: 46) [base_element.py]
INFO (18/12/2024 11:35:02): Executing JavaScript: window.scrollTo(0, document.body.scrollHeight); with arguments: () (Line: 39) [browser.py]
INFO (18/12/2024 11:35:02): Get elements  (Line: 83) [browser.py]
INFO (18/12/2024 11:35:02): Window scroll to : Scroll  page -> added text (Line: 46) [base_element.py]
INFO (18/12/2024 11:35:02): Executing JavaScript: window.scrollTo(0, document.body.scrollHeight); with arguments: () (Line: 39) [browser.py]
INFO (18/12/2024 11:35:02): Get elements  (Line: 83) [browser.py]
INFO (18/12/2024 11:35:02): Window scroll to : Scroll  page -> added text (Line: 46) [base_element.py]
INFO (18/12/2024 11:35:02): Executing JavaScript: window.scrollTo(0, document.body.scrollHeight); with arguments: () (Line: 39) [browser.py]
INFO (18/12/2024 11:35:02): Get elements  (Line: 83) [browser.py]
INFO (18/12/2024 11:35:02): Window scroll to : Scroll  page -> added text (Line: 46) [base_element.py]
INFO (18/12/2024 11:35:02): Executing JavaScript: window.scrollTo(0, document.body.scrollHeight); with arguments: () (Line: 39) [browser.py]
INFO (18/12/2024 11:35:02): Get elements  (Line: 83) [browser.py]
INFO (18/12/2024 11:35:02): Window scroll to : Scroll  page -> added text (Line: 46) [base_element.py]
INFO (18/12/2024 11:35:02): Executing JavaScript: window.scrollTo(0, document.body.scrollHeight); with arguments: () (Line: 39) [browser.py]
INFO (18/12/2024 11:35:02): Get elements  (Line: 83) [browser.py]
INFO (18/12/2024 11:35:02): Window scroll to : Scroll  page -> added text (Line: 46) [base_element.py]
INFO (18/12/2024 11:35:02): Executing JavaScript: window.scrollTo(0, document.body.scrollHeight); with arguments: () (Line: 39) [browser.py]
INFO (18/12/2024 11:35:02): Get elements  (Line: 83) [browser.py]
INFO (18/12/2024 11:35:02): Window scroll to : Scroll  page -> added text (Line: 46) [base_element.py]
INFO (18/12/2024 11:35:02): Executing JavaScript: window.scrollTo(0, document.body.scrollHeight); with arguments: () (Line: 39) [browser.py]
INFO (18/12/2024 11:35:02): Get elements  (Line: 83) [browser.py]
INFO (18/12/2024 11:35:02): Window scroll to : Scroll  page -> added text (Line: 46) [base_element.py]
INFO (18/12/2024 11:35:02): Executing JavaScript: window.scrollTo(0, document.body.scrollHeight); with arguments: () (Line: 39) [browser.py]
INFO (18/12/2024 11:35:02): Get elements  (Line: 83) [browser.py]
INFO (18/12/2024 11:35:02): Window scroll to : Scroll  page -> added text (Line: 46) [base_element.py]
INFO (18/12/2024 11:35:02): Executing JavaScript: window.scrollTo(0, document.body.scrollHeight); with arguments: () (Line: 39) [browser.py]
INFO (18/12/2024 11:35:02): Get elements  (Line: 83) [browser.py]
INFO (18/12/2024 11:35:02): Window scroll to : Scroll  page -> added text (Line: 46) [base_element.py]
INFO (18/12/2024 11:35:02): Executing JavaScript: window.scrollTo(0, document.body.scrollHeight); with arguments: () (Line: 39) [browser.py]
INFO (18/12/2024 11:35:02): Get elements  (Line: 83) [browser.py]
INFO (18/12/2024 11:35:02): Window scroll to : Scroll  page -> added text (Line: 46) [base_element.py]
INFO (18/12/2024 11:35:02): Executing JavaScript: window.scrollTo(0, document.body.scrollHeight); with arguments: () (Line: 39) [browser.py]
INFO (18/12/2024 11:35:02): Get elements  (Line: 83) [browser.py]
INFO (18/12/2024 11:35:02): Window scroll to : Scroll  page -> added text (Line: 46) [base_element.py]
INFO (18/12/2024 11:35:02): Executing JavaScript: window.scrollTo(0, document.body.scrollHeight); with arguments: () (Line: 39) [browser.py]
INFO (18/12/2024 11:35:02): Get elements  (Line: 83) [browser.py]
INFO (18/12/2024 11:35:02): Window scroll to : Scroll  page -> added text (Line: 46) [base_element.py]
INFO (18/12/2024 11:35:02): Executing JavaScript: window.scrollTo(0, document.body.scrollHeight); with arguments: () (Line: 39) [browser.py]
INFO (18/12/2024 11:35:02): Get elements  (Line: 83) [browser.py]
INFO (18/12/2024 11:35:02): Window scroll to : Scroll  page -> added text (Line: 46) [base_element.py]
INFO (18/12/2024 11:35:02): Executing JavaScript: window.scrollTo(0, document.body.scrollHeight); with arguments: () (Line: 39) [browser.py]
INFO (18/12/2024 11:35:02): Get elements  (Line: 83) [browser.py]
INFO (18/12/2024 11:35:02): Window scroll to : Scroll  page -> added text (Line: 46) [base_element.py]
INFO (18/12/2024 11:35:02): Executing JavaScript: window.scrollTo(0, document.body.scrollHeight); with arguments: () (Line: 39) [browser.py]
INFO (18/12/2024 11:35:02): Get elements  (Line: 83) [browser.py]
INFO (18/12/2024 11:35:02): Window scroll to : Scroll  page -> added text (Line: 46) [base_element.py]
INFO (18/12/2024 11:35:02): Executing JavaScript: window.scrollTo(0, document.body.scrollHeight); with arguments: () (Line: 39) [browser.py]
INFO (18/12/2024 11:35:02): Get elements  (Line: 83) [browser.py]
INFO (18/12/2024 11:35:02): Window scroll to : Scroll  page -> added text (Line: 46) [base_element.py]
INFO (18/12/2024 11:35:02): Executing JavaScript: window.scrollTo(0, document.body.scrollHeight); with arguments: () (Line: 39) [browser.py]
INFO (18/12/2024 11:35:02): Get elements  (Line: 83) [browser.py]
INFO (18/12/2024 11:35:02): Window scroll to : Scroll  page -> added text (Line: 46) [base_element.py]
INFO (18/12/2024 11:35:02): Executing JavaScript: window.scrollTo(0, document.body.scrollHeight); with arguments: () (Line: 39) [browser.py]
INFO (18/12/2024 11:35:02): Get elements  (Line: 83) [browser.py]
INFO (18/12/2024 11:35:02): Window scroll to : Scroll  page -> added text (Line: 46) [base_element.py]
INFO (18/12/2024 11:35:02): Executing JavaScript: window.scrollTo(0, document.body.scrollHeight); with arguments: () (Line: 39) [browser.py]
INFO (18/12/2024 11:35:02): Get elements  (Line: 83) [browser.py]
INFO (18/12/2024 11:35:02): Window scroll to : Scroll  page -> added text (Line: 46) [base_element.py]
INFO (18/12/2024 11:35:02): Executing JavaScript: window.scrollTo(0, document.body.scrollHeight); with arguments: () (Line: 39) [browser.py]
INFO (18/12/2024 11:35:02): Get elements  (Line: 83) [browser.py]
INFO (18/12/2024 11:35:02): Window scroll to : Scroll  page -> added text (Line: 46) [base_element.py]
INFO (18/12/2024 11:35:02): Executing JavaScript: window.scrollTo(0, document.body.scrollHeight); with arguments: () (Line: 39) [browser.py]
INFO (18/12/2024 11:35:02): Get elements  (Line: 83) [browser.py]
INFO (18/12/2024 11:35:02): Window scroll to : Scroll  page -> added text (Line: 46) [base_element.py]
INFO (18/12/2024 11:35:02): Executing JavaScript: window.scrollTo(0, document.body.scrollHeight); with arguments: () (Line: 39) [browser.py]
INFO (18/12/2024 11:35:02): Get elements  (Line: 83) [browser.py]
INFO (18/12/2024 11:35:02): Window scroll to : Scroll  page -> added text (Line: 46) [base_element.py]
INFO (18/12/2024 11:35:02): Executing JavaScript: window.scrollTo(0, document.body.scrollHeight); with arguments: () (Line: 39) [browser.py]
INFO (18/12/2024 11:35:02): Get elements  (Line: 83) [browser.py]
INFO (18/12/2024 11:35:02): Window scroll to : Scroll  page -> added text (Line: 46) [base_element.py]
INFO (18/12/2024 11:35:02): Executing JavaScript: window.scrollTo(0, document.body.scrollHeight); with arguments: () (Line: 39) [browser.py]
INFO (18/12/2024 11:35:02): Get elements  (Line: 83) [browser.py]
INFO (18/12/2024 11:35:02): Window scroll to : Scroll  page -> added text (Line: 46) [base_element.py]
INFO (18/12/2024 11:35:02): Executing JavaScript: window.scrollTo(0, document.body.scrollHeight); with arguments: () (Line: 39) [browser.py]
INFO (18/12/2024 11:35:02): Get elements  (Line: 83) [browser.py]
INFO (18/12/2024 11:35:02): Window scroll to : Scroll  page -> added text (Line: 46) [base_element.py]
INFO (18/12/2024 11:35:02): Executing JavaScript: window.scrollTo(0, document.body.scrollHeight); with arguments: () (Line: 39) [browser.py]
INFO (18/12/2024 11:35:02): Get elements  (Line: 83) [browser.py]
INFO (18/12/2024 11:35:02): Window scroll to : Scroll  page -> added text (Line: 46) [base_element.py]
INFO (18/12/2024 11:35:02): Executing JavaScript: window.scrollTo(0, document.body.scrollHeight); with arguments: () (Line: 39) [browser.py]
INFO (18/12/2024 11:35:02): Get elements  (Line: 83) [browser.py]
INFO (18/12/2024 11:35:02): Window scroll to : Scroll  page -> added text (Line: 46) [base_element.py]
INFO (18/12/2024 11:35:02): Executing JavaScript: window.scrollTo(0, document.body.scrollHeight); with arguments: () (Line: 39) [browser.py]
INFO (18/12/2024 11:35:02): Get elements  (Line: 83) [browser.py]
INFO (18/12/2024 11:35:02): Window scroll to : Scroll  page -> added text (Line: 46) [base_element.py]
INFO (18/12/2024 11:35:02): Executing JavaScript: window.scrollTo(0, document.body.scrollHeight); with arguments: () (Line: 39) [browser.py]
INFO (18/12/2024 11:35:02): Get elements  (Line: 83) [browser.py]
INFO (18/12/2024 11:35:02): Window scroll to : Scroll  page -> added text (Line: 46) [base_element.py]
INFO (18/12/2024 11:35:02): Executing JavaScript: window.scrollTo(0, document.body.scrollHeight); with arguments: () (Line: 39) [browser.py]
INFO (18/12/2024 11:35:02): Get elements  (Line: 83) [browser.py]
INFO (18/12/2024 11:35:02): Window scroll to : Scroll  page -> added text (Line: 46) [base_element.py]
INFO (18/12/2024 11:35:02): Executing JavaScript: window.scrollTo(0, document.body.scrollHeight); with arguments: () (Line: 39) [browser.py]
INFO (18/12/2024 11:35:02): Get elements  (Line: 83) [browser.py]
INFO (18/12/2024 11:35:02): Window scroll to : Scroll  page -> added text (Line: 46) [base_element.py]
INFO (18/12/2024 11:35:02): Executing JavaScript: window.scrollTo(0, document.body.scrollHeight); with arguments: () (Line: 39) [browser.py]
INFO (18/12/2024 11:35:02): Get elements  (Line: 83) [browser.py]
INFO (18/12/2024 11:35:02): Window scroll to : Scroll  page -> added text (Line: 46) [base_element.py]
INFO (18/12/2024 11:35:02): Executing JavaScript: window.scrollTo(0, document.body.scrollHeight); with arguments: () (Line: 39) [browser.py]
INFO (18/12/2024 11:35:02): Get elements  (Line: 83) [browser.py]
INFO (18/12/2024 11:35:02): Window scroll to : Scroll  page -> added text (Line: 46) [base_element.py]
INFO (18/12/2024 11:35:02): Executing JavaScript: window.scrollTo(0, document.body.scrollHeight); with arguments: () (Line: 39) [browser.py]
INFO (18/12/2024 11:35:02): Get elements  (Line: 83) [browser.py]
INFO (18/12/2024 11:35:02): Window scroll to : Scroll  page -> added text (Line: 46) [base_element.py]
INFO (18/12/2024 11:35:02): Executing JavaScript: window.scrollTo(0, document.body.scrollHeight); with arguments: () (Line: 39) [browser.py]
INFO (18/12/2024 11:35:02): Get elements  (Line: 83) [browser.py]
INFO (18/12/2024 11:35:02): Window scroll to : Scroll  page -> added text (Line: 46) [base_element.py]
INFO (18/12/2024 11:35:02): Executing JavaScript: window.scrollTo(0, document.body.scrollHeight); with arguments: () (Line: 39) [browser.py]
INFO (18/12/2024 11:35:02): Get elements  (Line: 83) [browser.py]
INFO (18/12/2024 11:35:02): Window scroll to : Scroll  page -> added text (Line: 46) [base_element.py]
INFO (18/12/2024 11:35:02): Executing JavaScript: window.scrollTo(0, document.body.scrollHeight); with arguments: () (Line: 39) [browser.py]
INFO (18/12/2024 11:35:02): Get elements  (Line: 83) [browser.py]
INFO (18/12/2024 11:35:02): Window scroll to : Scroll  page -> added text (Line: 46) [base_element.py]
INFO (18/12/2024 11:35:02): Executing JavaScript: window.scrollTo(0, document.body.scrollHeight); with arguments: () (Line: 39) [browser.py]
INFO (18/12/2024 11:35:02): Get elements  (Line: 83) [browser.py]
INFO (18/12/2024 11:35:02): Window scroll to : Scroll  page -> added text (Line: 46) [base_element.py]
INFO (18/12/2024 11:35:02): Executing JavaScript: window.scrollTo(0, document.body.scrollHeight); with arguments: () (Line: 39) [browser.py]
INFO (18/12/2024 11:35:02): Get elements  (Line: 83) [browser.py]
INFO (18/12/2024 11:35:02): Window scroll to : Scroll  page -> added text (Line: 46) [base_element.py]
INFO (18/12/2024 11:35:02): Executing JavaScript: window.scrollTo(0, document.body.scrollHeight); with arguments: () (Line: 39) [browser.py]
INFO (18/12/2024 11:35:02): Get elements  (Line: 83) [browser.py]
INFO (18/12/2024 11:35:02): Window scroll to : Scroll  page -> added text (Line: 46) [base_element.py]
INFO (18/12/2024 11:35:02): Executing JavaScript: window.scrollTo(0, document.body.scrollHeight); with arguments: () (Line: 39) [browser.py]
INFO (18/12/2024 11:35:02): Get elements  (Line: 83) [browser.py]
INFO (18/12/2024 11:35:02): Window scroll to : Scroll  page -> added text (Line: 46) [base_element.py]
INFO (18/12/2024 11:35:02): Executing JavaScript: window.scrollTo(0, document.body.scrollHeight); with arguments: () (Line: 39) [browser.py]
INFO (18/12/2024 11:35:02): Get elements  (Line: 83) [browser.py]
INFO (18/12/2024 11:35:02): Window scroll to : Scroll  page -> added text (Line: 46) [base_element.py]
INFO (18/12/2024 11:35:02): Executing JavaScript: window.scrollTo(0, document.body.scrollHeight); with arguments: () (Line: 39) [browser.py]
INFO (18/12/2024 11:35:02): Get elements  (Line: 83) [browser.py]
INFO (18/12/2024 11:35:02): Window scroll to : Scroll  page -> added text (Line: 46) [base_element.py]
INFO (18/12/2024 11:35:02): Executing JavaScript: window.scrollTo(0, document.body.scrollHeight); with arguments: () (Line: 39) [browser.py]
INFO (18/12/2024 11:35:02): Get elements  (Line: 83) [browser.py]
INFO (18/12/2024 11:35:02): Window scroll to : Scroll  page -> added text (Line: 46) [base_element.py]
INFO (18/12/2024 11:35:02): Executing JavaScript: window.scrollTo(0, document.body.scrollHeight); with arguments: () (Line: 39) [browser.py]
INFO (18/12/2024 11:35:02): Get elements  (Line: 83) [browser.py]
INFO (18/12/2024 11:35:02): Window scroll to : Scroll  page -> added text (Line: 46) [base_element.py]
INFO (18/12/2024 11:35:02): Executing JavaScript: window.scrollTo(0, document.body.scrollHeight); with arguments: () (Line: 39) [browser.py]
INFO (18/12/2024 11:35:02): Get elements  (Line: 83) [browser.py]
INFO (18/12/2024 11:35:02): Window scroll to : Scroll  page -> added text (Line: 46) [base_element.py]
INFO (18/12/2024 11:35:02): Executing JavaScript: window.scrollTo(0, document.body.scrollHeight); with arguments: () (Line: 39) [browser.py]
INFO (18/12/2024 11:35:02): Get elements  (Line: 83) [browser.py]
INFO (18/12/2024 11:35:02): Window scroll to : Scroll  page -> added text (Line: 46) [base_element.py]
INFO (18/12/2024 11:35:02): Executing JavaScript: window.scrollTo(0, document.body.scrollHeight); with arguments: () (Line: 39) [browser.py]
INFO (18/12/2024 11:35:02): Get elements  (Line: 83) [browser.py]
INFO (18/12/2024 11:35:02): Window scroll to : Scroll  page -> added text (Line: 46) [base_element.py]
INFO (18/12/2024 11:35:02): Executing JavaScript: window.scrollTo(0, document.body.scrollHeight); with arguments: () (Line: 39) [browser.py]
INFO (18/12/2024 11:35:02): Get elements  (Line: 83) [browser.py]
INFO (18/12/2024 11:35:02): Window scroll to : Scroll  page -> added text (Line: 46) [base_element.py]
INFO (18/12/2024 11:35:02): Executing JavaScript: window.scrollTo(0, document.body.scrollHeight); with arguments: () (Line: 39) [browser.py]
INFO (18/12/2024 11:35:02): Get elements  (Line: 83) [browser.py]
INFO (18/12/2024 11:35:02): Window scroll to : Scroll  page -> added text (Line: 46) [base_element.py]
INFO (18/12/2024 11:35:02): Executing JavaScript: window.scrollTo(0, document.body.scrollHeight); with arguments: () (Line: 39) [browser.py]
INFO (18/12/2024 11:35:02): Get elements  (Line: 83) [browser.py]
INFO (18/12/2024 11:35:02): Window scroll to : Scroll  page -> added text (Line: 46) [base_element.py]
INFO (18/12/2024 11:35:02): Executing JavaScript: window.scrollTo(0, document.body.scrollHeight); with arguments: () (Line: 39) [browser.py]
INFO (18/12/2024 11:35:02): Get elements  (Line: 83) [browser.py]
INFO (18/12/2024 11:35:02): Window scroll to : Scroll  page -> added text (Line: 46) [base_element.py]
INFO (18/12/2024 11:35:02): Executing JavaScript: window.scrollTo(0, document.body.scrollHeight); with arguments: () (Line: 39) [browser.py]
INFO (18/12/2024 11:35:02): Get elements  (Line: 83) [browser.py]
INFO (18/12/2024 11:35:02): Window scroll to : Scroll  page -> added text (Line: 46) [base_element.py]
INFO (18/12/2024 11:35:02): Executing JavaScript: window.scrollTo(0, document.body.scrollHeight); with arguments: () (Line: 39) [browser.py]
INFO (18/12/2024 11:35:02): Get elements  (Line: 83) [browser.py]
INFO (18/12/2024 11:35:02): Window scroll to : Scroll  page -> added text (Line: 46) [base_element.py]
INFO (18/12/2024 11:35:02): Executing JavaScript: window.scrollTo(0, document.body.scrollHeight); with arguments: () (Line: 39) [browser.py]
INFO (18/12/2024 11:35:02): Get elements  (Line: 83) [browser.py]
INFO (18/12/2024 11:35:02): Window scroll to : Scroll  page -> added text (Line: 46) [base_element.py]
INFO (18/12/2024 11:35:02): Executing JavaScript: window.scrollTo(0, document.body.scrollHeight); with arguments: () (Line: 39) [browser.py]
INFO (18/12/2024 11:35:02): Get elements  (Line: 83) [browser.py]
INFO (18/12/2024 11:35:02): Window scroll to : Scroll  page -> added text (Line: 46) [base_element.py]
INFO (18/12/2024 11:35:02): Executing JavaScript: window.scrollTo(0, document.body.scrollHeight); with arguments: () (Line: 39) [browser.py]
INFO (18/12/2024 11:35:02): Get elements  (Line: 83) [browser.py]
INFO (18/12/2024 11:35:02): Window scroll to : Scroll  page -> added text (Line: 46) [base_element.py]
INFO (18/12/2024 11:35:02): Executing JavaScript: window.scrollTo(0, document.body.scrollHeight); with arguments: () (Line: 39) [browser.py]
INFO (18/12/2024 11:35:02): Get elements  (Line: 83) [browser.py]
INFO (18/12/2024 11:35:02): Window scroll to : Scroll  page -> added text (Line: 46) [base_element.py]
INFO (18/12/2024 11:35:02): Executing JavaScript: window.scrollTo(0, document.body.scrollHeight); with arguments: () (Line: 39) [browser.py]
INFO (18/12/2024 11:35:02): Get elements  (Line: 83) [browser.py]
INFO (18/12/2024 11:35:02): Window scroll to : Scroll  page -> added text (Line: 46) [base_element.py]
INFO (18/12/2024 11:35:02): Executing JavaScript: window.scrollTo(0, document.body.scrollHeight); with arguments: () (Line: 39) [browser.py]
INFO (18/12/2024 11:35:02): Get elements  (Line: 83) [browser.py]
INFO (18/12/2024 11:35:02): Window scroll to : Scroll  page -> added text (Line: 46) [base_element.py]
INFO (18/12/2024 11:35:02): Executing JavaScript: window.scrollTo(0, document.body.scrollHeight); with arguments: () (Line: 39) [browser.py]
INFO (18/12/2024 11:35:02): Get elements  (Line: 83) [browser.py]
INFO (18/12/2024 11:35:02): Window scroll to : Scroll  page -> added text (Line: 46) [base_element.py]
INFO (18/12/2024 11:35:02): Executing JavaScript: window.scrollTo(0, document.body.scrollHeight); with arguments: () (Line: 39) [browser.py]
INFO (18/12/2024 11:35:02): Get elements  (Line: 83) [browser.py]
INFO (18/12/2024 11:35:02): Window scroll to : Scroll  page -> added text (Line: 46) [base_element.py]
INFO (18/12/2024 11:35:02): Executing JavaScript: window.scrollTo(0, document.body.scrollHeight); with arguments: () (Line: 39) [browser.py]
INFO (18/12/2024 11:35:02): Get elements  (Line: 83) [browser.py]
INFO (18/12/2024 11:35:02): Window scroll to : Scroll  page -> added text (Line: 46) [base_element.py]
INFO (18/12/2024 11:35:02): Executing JavaScript: window.scrollTo(0, document.body.scrollHeight); with arguments: () (Line: 39) [browser.py]
INFO (18/12/2024 11:35:02): Get elements  (Line: 83) [browser.py]
INFO (18/12/2024 11:35:02): Window scroll to : Scroll  page -> added text (Line: 46) [base_element.py]
INFO (18/12/2024 11:35:02): Executing JavaScript: window.scrollTo(0, document.body.scrollHeight); with arguments: () (Line: 39) [browser.py]
INFO (18/12/2024 11:35:02): Get elements  (Line: 83) [browser.py]
INFO (18/12/2024 11:35:02): Window scroll to : Scroll  page -> added text (Line: 46) [base_element.py]
INFO (18/12/2024 11:35:02): Executing JavaScript: window.scrollTo(0, document.body.scrollHeight); with arguments: () (Line: 39) [browser.py]
INFO (18/12/2024 11:35:02): Get elements  (Line: 83) [browser.py]
INFO (18/12/2024 11:35:02): Window scroll to : Scroll  page -> added text (Line: 46) [base_element.py]
INFO (18/12/2024 11:35:02): Executing JavaScript: window.scrollTo(0, document.body.scrollHeight); with arguments: () (Line: 39) [browser.py]
INFO (18/12/2024 11:35:02): Get elements  (Line: 83) [browser.py]
INFO (18/12/2024 11:35:02): Window scroll to : Scroll  page -> added text (Line: 46) [base_element.py]
INFO (18/12/2024 11:35:02): Executing JavaScript: window.scrollTo(0, document.body.scrollHeight); with arguments: () (Line: 39) [browser.py]
INFO (18/12/2024 11:35:02): Get elements  (Line: 83) [browser.py]
INFO (18/12/2024 11:35:02): Window scroll to : Scroll  page -> added text (Line: 46) [base_element.py]
INFO (18/12/2024 11:35:02): Executing JavaScript: window.scrollTo(0, document.body.scrollHeight); with arguments: () (Line: 39) [browser.py]
INFO (18/12/2024 11:35:02): Get elements  (Line: 83) [browser.py]
INFO (18/12/2024 11:35:02): Window scroll to : Scroll  page -> added text (Line: 46) [base_element.py]
INFO (18/12/2024 11:35:02): Executing JavaScript: window.scrollTo(0, document.body.scrollHeight); with arguments: () (Line: 39) [browser.py]
INFO (18/12/2024 11:35:02): Get elements  (Line: 83) [browser.py]
INFO (18/12/2024 11:35:02): Window scroll to : Scroll  page -> added text (Line: 46) [base_element.py]
INFO (18/12/2024 11:35:02): Executing JavaScript: window.scrollTo(0, document.body.scrollHeight); with arguments: () (Line: 39) [browser.py]
INFO (18/12/2024 11:35:02): Get elements  (Line: 83) [browser.py]
INFO (18/12/2024 11:35:02): Window scroll to : Scroll  page -> added text (Line: 46) [base_element.py]
INFO (18/12/2024 11:35:02): Executing JavaScript: window.scrollTo(0, document.body.scrollHeight); with arguments: () (Line: 39) [browser.py]
INFO (18/12/2024 11:35:02): Get elements  (Line: 83) [browser.py]
INFO (18/12/2024 11:35:02): Window scroll to : Scroll  page -> added text (Line: 46) [base_element.py]
INFO (18/12/2024 11:35:02): Executing JavaScript: window.scrollTo(0, document.body.scrollHeight); with arguments: () (Line: 39) [browser.py]
INFO (18/12/2024 11:35:02): Get elements  (Line: 83) [browser.py]
INFO (18/12/2024 11:35:02): Window scroll to : Scroll  page -> added text (Line: 46) [base_element.py]
INFO (18/12/2024 11:35:02): Executing JavaScript: window.scrollTo(0, document.body.scrollHeight); with arguments: () (Line: 39) [browser.py]
INFO (18/12/2024 11:35:02): Get elements  (Line: 83) [browser.py]
INFO (18/12/2024 11:35:02): Window scroll to : Scroll  page -> added text (Line: 46) [base_element.py]
INFO (18/12/2024 11:35:02): Executing JavaScript: window.scrollTo(0, document.body.scrollHeight); with arguments: () (Line: 39) [browser.py]
INFO (18/12/2024 11:35:02): Get elements  (Line: 83) [browser.py]
INFO (18/12/2024 11:35:02): Window scroll to : Scroll  page -> added text (Line: 46) [base_element.py]
INFO (18/12/2024 11:35:02): Executing JavaScript: window.scrollTo(0, document.body.scrollHeight); with arguments: () (Line: 39) [browser.py]
INFO (18/12/2024 11:35:02): Get elements  (Line: 83) [browser.py]
INFO (18/12/2024 11:35:02): Window scroll to : Scroll  page -> added text (Line: 46) [base_element.py]
INFO (18/12/2024 11:35:02): Executing JavaScript: window.scrollTo(0, document.body.scrollHeight); with arguments: () (Line: 39) [browser.py]
INFO (18/12/2024 11:35:02): Get elements  (Line: 83) [browser.py]
INFO (18/12/2024 11:35:02): Window scroll to : Scroll  page -> added text (Line: 46) [base_element.py]
INFO (18/12/2024 11:35:02): Executing JavaScript: window.scrollTo(0, document.body.scrollHeight); with arguments: () (Line: 39) [browser.py]
INFO (18/12/2024 11:35:02): Get elements  (Line: 83) [browser.py]
INFO (18/12/2024 11:35:02): Window scroll to : Scroll  page -> added text (Line: 46) [base_element.py]
INFO (18/12/2024 11:35:02): Executing JavaScript: window.scrollTo(0, document.body.scrollHeight); with arguments: () (Line: 39) [browser.py]
INFO (18/12/2024 11:35:02): Get elements  (Line: 83) [browser.py]
INFO (18/12/2024 11:35:02): Window scroll to : Scroll  page -> added text (Line: 46) [base_element.py]
INFO (18/12/2024 11:35:02): Executing JavaScript: window.scrollTo(0, document.body.scrollHeight); with arguments: () (Line: 39) [browser.py]
INFO (18/12/2024 11:35:02): Get elements  (Line: 83) [browser.py]
INFO (18/12/2024 11:35:02): Window scroll to : Scroll  page -> added text (Line: 46) [base_element.py]
INFO (18/12/2024 11:35:02): Executing JavaScript: window.scrollTo(0, document.body.scrollHeight); with arguments: () (Line: 39) [browser.py]
INFO (18/12/2024 11:35:02): Get elements  (Line: 83) [browser.py]
INFO (18/12/2024 11:35:02): Window scroll to : Scroll  page -> added text (Line: 46) [base_element.py]
INFO (18/12/2024 11:35:02): Executing JavaScript: window.scrollTo(0, document.body.scrollHeight); with arguments: () (Line: 39) [browser.py]
INFO (18/12/2024 11:35:02): Get elements  (Line: 83) [browser.py]
INFO (18/12/2024 11:35:02): Window scroll to : Scroll  page -> added text (Line: 46) [base_element.py]
INFO (18/12/2024 11:35:02): Executing JavaScript: window.scrollTo(0, document.body.scrollHeight); with arguments: () (Line: 39) [browser.py]
INFO (18/12/2024 11:35:02): Get elements  (Line: 83) [browser.py]
INFO (18/12/2024 11:35:02): Window scroll to : Scroll  page -> added text (Line: 46) [base_element.py]
INFO (18/12/2024 11:35:02): Executing JavaScript: window.scrollTo(0, document.body.scrollHeight); with arguments: () (Line: 39) [browser.py]
INFO (18/12/2024 11:35:02): Get elements  (Line: 83) [browser.py]
INFO (18/12/2024 11:35:02): Window scroll to : Scroll  page -> added text (Line: 46) [base_element.py]
INFO (18/12/2024 11:35:02): Executing JavaScript: window.scrollTo(0, document.body.scrollHeight); with arguments: () (Line: 39) [browser.py]
INFO (18/12/2024 11:35:03): Get elements  (Line: 83) [browser.py]
INFO (18/12/2024 11:35:03): Window scroll to : Scroll  page -> added text (Line: 46) [base_element.py]
INFO (18/12/2024 11:35:03): Executing JavaScript: window.scrollTo(0, document.body.scrollHeight); with arguments: () (Line: 39) [browser.py]
INFO (18/12/2024 11:35:03): Get elements  (Line: 83) [browser.py]
INFO (18/12/2024 11:35:03): Window scroll to : Scroll  page -> added text (Line: 46) [base_element.py]
INFO (18/12/2024 11:35:03): Executing JavaScript: window.scrollTo(0, document.body.scrollHeight); with arguments: () (Line: 39) [browser.py]
INFO (18/12/2024 11:35:03): Get elements  (Line: 83) [browser.py]
INFO (18/12/2024 11:35:03): Window scroll to : Scroll  page -> added text (Line: 46) [base_element.py]
INFO (18/12/2024 11:35:03): Executing JavaScript: window.scrollTo(0, document.body.scrollHeight); with arguments: () (Line: 39) [browser.py]
INFO (18/12/2024 11:35:03): Get elements  (Line: 83) [browser.py]
INFO (18/12/2024 11:35:03): Window scroll to : Scroll  page -> added text (Line: 46) [base_element.py]
INFO (18/12/2024 11:35:03): Executing JavaScript: window.scrollTo(0, document.body.scrollHeight); with arguments: () (Line: 39) [browser.py]
INFO (18/12/2024 11:35:03): Get elements  (Line: 83) [browser.py]
INFO (18/12/2024 11:35:03): Window scroll to : Scroll  page -> added text (Line: 46) [base_element.py]
INFO (18/12/2024 11:35:03): Executing JavaScript: window.scrollTo(0, document.body.scrollHeight); with arguments: () (Line: 39) [browser.py]
INFO (18/12/2024 11:35:03): Get elements  (Line: 83) [browser.py]
INFO (18/12/2024 11:35:03): Window scroll to : Scroll  page -> added text (Line: 46) [base_element.py]
INFO (18/12/2024 11:35:03): Executing JavaScript: window.scrollTo(0, document.body.scrollHeight); with arguments: () (Line: 39) [browser.py]
INFO (18/12/2024 11:35:03): Get elements  (Line: 83) [browser.py]
INFO (18/12/2024 11:35:03): Window scroll to : Scroll  page -> added text (Line: 46) [base_element.py]
INFO (18/12/2024 11:35:03): Executing JavaScript: window.scrollTo(0, document.body.scrollHeight); with arguments: () (Line: 39) [browser.py]
INFO (18/12/2024 11:35:03): Get elements  (Line: 83) [browser.py]
INFO (18/12/2024 11:35:03): Window scroll to : Scroll  page -> added text (Line: 46) [base_element.py]
INFO (18/12/2024 11:35:03): Executing JavaScript: window.scrollTo(0, document.body.scrollHeight); with arguments: () (Line: 39) [browser.py]
INFO (18/12/2024 11:35:03): Get elements  (Line: 83) [browser.py]
INFO (18/12/2024 11:35:03): Window scroll to : Scroll  page -> added text (Line: 46) [base_element.py]
INFO (18/12/2024 11:35:03): Executing JavaScript: window.scrollTo(0, document.body.scrollHeight); with arguments: () (Line: 39) [browser.py]
INFO (18/12/2024 11:35:03): Get elements  (Line: 83) [browser.py]
INFO (18/12/2024 11:35:03): Window scroll to : Scroll  page -> added text (Line: 46) [base_element.py]
INFO (18/12/2024 11:35:03): Executing JavaScript: window.scrollTo(0, document.body.scrollHeight); with arguments: () (Line: 39) [browser.py]
INFO (18/12/2024 11:35:03): Get elements  (Line: 83) [browser.py]
INFO (18/12/2024 11:35:03): Window scroll to : Scroll  page -> added text (Line: 46) [base_element.py]
INFO (18/12/2024 11:35:03): Executing JavaScript: window.scrollTo(0, document.body.scrollHeight); with arguments: () (Line: 39) [browser.py]
INFO (18/12/2024 11:35:03): Get elements  (Line: 83) [browser.py]
INFO (18/12/2024 11:35:03): Window scroll to : Scroll  page -> added text (Line: 46) [base_element.py]
INFO (18/12/2024 11:35:03): Executing JavaScript: window.scrollTo(0, document.body.scrollHeight); with arguments: () (Line: 39) [browser.py]
INFO (18/12/2024 11:35:03): Get elements  (Line: 83) [browser.py]
INFO (18/12/2024 11:35:03): Window scroll to : Scroll  page -> added text (Line: 46) [base_element.py]
INFO (18/12/2024 11:35:03): Executing JavaScript: window.scrollTo(0, document.body.scrollHeight); with arguments: () (Line: 39) [browser.py]
INFO (18/12/2024 11:35:03): Get elements  (Line: 83) [browser.py]
INFO (18/12/2024 11:35:03): Window scroll to : Scroll  page -> added text (Line: 46) [base_element.py]
INFO (18/12/2024 11:35:03): Executing JavaScript: window.scrollTo(0, document.body.scrollHeight); with arguments: () (Line: 39) [browser.py]
INFO (18/12/2024 11:35:03): Get elements  (Line: 83) [browser.py]
INFO (18/12/2024 11:35:03): Window scroll to : Scroll  page -> added text (Line: 46) [base_element.py]
INFO (18/12/2024 11:35:03): Executing JavaScript: window.scrollTo(0, document.body.scrollHeight); with arguments: () (Line: 39) [browser.py]
INFO (18/12/2024 11:35:03): Get elements  (Line: 83) [browser.py]
INFO (18/12/2024 11:35:03): Window scroll to : Scroll  page -> added text (Line: 46) [base_element.py]
INFO (18/12/2024 11:35:03): Executing JavaScript: window.scrollTo(0, document.body.scrollHeight); with arguments: () (Line: 39) [browser.py]
INFO (18/12/2024 11:35:03): Get elements  (Line: 83) [browser.py]
INFO (18/12/2024 11:35:03): Window scroll to : Scroll  page -> added text (Line: 46) [base_element.py]
INFO (18/12/2024 11:35:03): Executing JavaScript: window.scrollTo(0, document.body.scrollHeight); with arguments: () (Line: 39) [browser.py]
INFO (18/12/2024 11:35:03): Get elements  (Line: 83) [browser.py]
INFO (18/12/2024 11:35:03): Window scroll to : Scroll  page -> added text (Line: 46) [base_element.py]
INFO (18/12/2024 11:35:03): Executing JavaScript: window.scrollTo(0, document.body.scrollHeight); with arguments: () (Line: 39) [browser.py]
INFO (18/12/2024 11:35:03): Get elements  (Line: 83) [browser.py]
INFO (18/12/2024 11:35:03): Window scroll to : Scroll  page -> added text (Line: 46) [base_element.py]
INFO (18/12/2024 11:35:03): Executing JavaScript: window.scrollTo(0, document.body.scrollHeight); with arguments: () (Line: 39) [browser.py]
INFO (18/12/2024 11:35:03): Get elements  (Line: 83) [browser.py]
INFO (18/12/2024 11:35:03): Window scroll to : Scroll  page -> added text (Line: 46) [base_element.py]
INFO (18/12/2024 11:35:03): Executing JavaScript: window.scrollTo(0, document.body.scrollHeight); with arguments: () (Line: 39) [browser.py]
INFO (18/12/2024 11:35:03): Get elements  (Line: 83) [browser.py]
INFO (18/12/2024 11:35:03): Window scroll to : Scroll  page -> added text (Line: 46) [base_element.py]
INFO (18/12/2024 11:35:03): Executing JavaScript: window.scrollTo(0, document.body.scrollHeight); with arguments: () (Line: 39) [browser.py]
INFO (18/12/2024 11:35:03): Get elements  (Line: 83) [browser.py]
INFO (18/12/2024 11:35:03): Window scroll to : Scroll  page -> added text (Line: 46) [base_element.py]
INFO (18/12/2024 11:35:03): Executing JavaScript: window.scrollTo(0, document.body.scrollHeight); with arguments: () (Line: 39) [browser.py]
INFO (18/12/2024 11:35:03): Get elements  (Line: 83) [browser.py]
INFO (18/12/2024 11:35:03): Window scroll to : Scroll  page -> added text (Line: 46) [base_element.py]
INFO (18/12/2024 11:35:03): Executing JavaScript: window.scrollTo(0, document.body.scrollHeight); with arguments: () (Line: 39) [browser.py]
INFO (18/12/2024 11:35:03): Get elements  (Line: 83) [browser.py]
INFO (18/12/2024 11:35:03): Window scroll to : Scroll  page -> added text (Line: 46) [base_element.py]
INFO (18/12/2024 11:35:03): Executing JavaScript: window.scrollTo(0, document.body.scrollHeight); with arguments: () (Line: 39) [browser.py]
INFO (18/12/2024 11:35:03): Get elements  (Line: 83) [browser.py]
INFO (18/12/2024 11:35:03): Window scroll to : Scroll  page -> added text (Line: 46) [base_element.py]
INFO (18/12/2024 11:35:03): Executing JavaScript: window.scrollTo(0, document.body.scrollHeight); with arguments: () (Line: 39) [browser.py]
INFO (18/12/2024 11:35:03): Get elements  (Line: 83) [browser.py]
INFO (18/12/2024 11:35:03): Window scroll to : Scroll  page -> added text (Line: 46) [base_element.py]
INFO (18/12/2024 11:35:03): Executing JavaScript: window.scrollTo(0, document.body.scrollHeight); with arguments: () (Line: 39) [browser.py]
INFO (18/12/2024 11:35:03): Get elements  (Line: 83) [browser.py]
INFO (18/12/2024 11:35:03): Window scroll to : Scroll  page -> added text (Line: 46) [base_element.py]
INFO (18/12/2024 11:35:03): Executing JavaScript: window.scrollTo(0, document.body.scrollHeight); with arguments: () (Line: 39) [browser.py]
INFO (18/12/2024 11:35:03): Get elements  (Line: 83) [browser.py]
INFO (18/12/2024 11:35:03): Window scroll to : Scroll  page -> added text (Line: 46) [base_element.py]
INFO (18/12/2024 11:35:03): Executing JavaScript: window.scrollTo(0, document.body.scrollHeight); with arguments: () (Line: 39) [browser.py]
INFO (18/12/2024 11:35:03): Get elements  (Line: 83) [browser.py]
INFO (18/12/2024 11:35:03): Window scroll to : Scroll  page -> added text (Line: 46) [base_element.py]
INFO (18/12/2024 11:35:03): Executing JavaScript: window.scrollTo(0, document.body.scrollHeight); with arguments: () (Line: 39) [browser.py]
INFO (18/12/2024 11:35:03): Get elements  (Line: 83) [browser.py]
INFO (18/12/2024 11:35:03): Window scroll to : Scroll  page -> added text (Line: 46) [base_element.py]
INFO (18/12/2024 11:35:03): Executing JavaScript: window.scrollTo(0, document.body.scrollHeight); with arguments: () (Line: 39) [browser.py]
INFO (18/12/2024 11:35:03): Get elements  (Line: 83) [browser.py]
INFO (18/12/2024 11:35:03): Window scroll to : Scroll  page -> added text (Line: 46) [base_element.py]
INFO (18/12/2024 11:35:03): Executing JavaScript: window.scrollTo(0, document.body.scrollHeight); with arguments: () (Line: 39) [browser.py]
INFO (18/12/2024 11:35:03): Get elements  (Line: 83) [browser.py]
INFO (18/12/2024 11:35:03): Window scroll to : Scroll  page -> added text (Line: 46) [base_element.py]
INFO (18/12/2024 11:35:03): Executing JavaScript: window.scrollTo(0, document.body.scrollHeight); with arguments: () (Line: 39) [browser.py]
INFO (18/12/2024 11:35:03): Get elements  (Line: 83) [browser.py]
INFO (18/12/2024 11:35:03): Window scroll to : Scroll  page -> added text (Line: 46) [base_element.py]
INFO (18/12/2024 11:35:03): Executing JavaScript: window.scrollTo(0, document.body.scrollHeight); with arguments: () (Line: 39) [browser.py]
INFO (18/12/2024 11:35:03): Get elements  (Line: 83) [browser.py]
INFO (18/12/2024 11:35:03): Window scroll to : Scroll  page -> added text (Line: 46) [base_element.py]
INFO (18/12/2024 11:35:03): Executing JavaScript: window.scrollTo(0, document.body.scrollHeight); with arguments: () (Line: 39) [browser.py]
INFO (18/12/2024 11:35:03): Get elements  (Line: 83) [browser.py]
INFO (18/12/2024 11:35:03): Window scroll to : Scroll  page -> added text (Line: 46) [base_element.py]
INFO (18/12/2024 11:35:03): Executing JavaScript: window.scrollTo(0, document.body.scrollHeight); with arguments: () (Line: 39) [browser.py]
INFO (18/12/2024 11:35:03): Get elements  (Line: 83) [browser.py]
INFO (18/12/2024 11:35:03): Window scroll to : Scroll  page -> added text (Line: 46) [base_element.py]
INFO (18/12/2024 11:35:03): Executing JavaScript: window.scrollTo(0, document.body.scrollHeight); with arguments: () (Line: 39) [browser.py]
INFO (18/12/2024 11:35:03): Get elements  (Line: 83) [browser.py]
INFO (18/12/2024 11:35:03): Window scroll to : Scroll  page -> added text (Line: 46) [base_element.py]
INFO (18/12/2024 11:35:03): Executing JavaScript: window.scrollTo(0, document.body.scrollHeight); with arguments: () (Line: 39) [browser.py]
INFO (18/12/2024 11:35:03): Get elements  (Line: 83) [browser.py]
INFO (18/12/2024 11:35:03): Window scroll to : Scroll  page -> added text (Line: 46) [base_element.py]
INFO (18/12/2024 11:35:03): Executing JavaScript: window.scrollTo(0, document.body.scrollHeight); with arguments: () (Line: 39) [browser.py]
INFO (18/12/2024 11:35:03): Get elements  (Line: 83) [browser.py]
INFO (18/12/2024 11:35:03): Window scroll to : Scroll  page -> added text (Line: 46) [base_element.py]
INFO (18/12/2024 11:35:03): Executing JavaScript: window.scrollTo(0, document.body.scrollHeight); with arguments: () (Line: 39) [browser.py]
INFO (18/12/2024 11:35:03): Get elements  (Line: 83) [browser.py]
INFO (18/12/2024 11:35:03): Window scroll to : Scroll  page -> added text (Line: 46) [base_element.py]
INFO (18/12/2024 11:35:03): Executing JavaScript: window.scrollTo(0, document.body.scrollHeight); with arguments: () (Line: 39) [browser.py]
INFO (18/12/2024 11:35:03): Get elements  (Line: 83) [browser.py]
INFO (18/12/2024 11:35:03): Window scroll to : Scroll  page -> added text (Line: 46) [base_element.py]
INFO (18/12/2024 11:35:03): Executing JavaScript: window.scrollTo(0, document.body.scrollHeight); with arguments: () (Line: 39) [browser.py]
INFO (18/12/2024 11:35:03): Get elements  (Line: 83) [browser.py]
INFO (18/12/2024 11:35:03): Window scroll to : Scroll  page -> added text (Line: 46) [base_element.py]
INFO (18/12/2024 11:35:03): Executing JavaScript: window.scrollTo(0, document.body.scrollHeight); with arguments: () (Line: 39) [browser.py]
INFO (18/12/2024 11:35:03): Get elements  (Line: 83) [browser.py]
INFO (18/12/2024 11:35:03): Window scroll to : Scroll  page -> added text (Line: 46) [base_element.py]
INFO (18/12/2024 11:35:03): Executing JavaScript: window.scrollTo(0, document.body.scrollHeight); with arguments: () (Line: 39) [browser.py]
INFO (18/12/2024 11:35:03): Get elements  (Line: 83) [browser.py]
INFO (18/12/2024 11:35:03): Window scroll to : Scroll  page -> added text (Line: 46) [base_element.py]
INFO (18/12/2024 11:35:03): Executing JavaScript: window.scrollTo(0, document.body.scrollHeight); with arguments: () (Line: 39) [browser.py]
INFO (18/12/2024 11:35:03): Get elements  (Line: 83) [browser.py]
INFO (18/12/2024 11:35:03): Window scroll to : Scroll  page -> added text (Line: 46) [base_element.py]
INFO (18/12/2024 11:35:03): Executing JavaScript: window.scrollTo(0, document.body.scrollHeight); with arguments: () (Line: 39) [browser.py]
INFO (18/12/2024 11:35:03): Get elements  (Line: 83) [browser.py]
INFO (18/12/2024 11:35:03): Window scroll to : Scroll  page -> added text (Line: 46) [base_element.py]
INFO (18/12/2024 11:35:03): Executing JavaScript: window.scrollTo(0, document.body.scrollHeight); with arguments: () (Line: 39) [browser.py]
INFO (18/12/2024 11:35:03): Get elements  (Line: 83) [browser.py]
INFO (18/12/2024 11:35:03): Window scroll to : Scroll  page -> added text (Line: 46) [base_element.py]
INFO (18/12/2024 11:35:03): Executing JavaScript: window.scrollTo(0, document.body.scrollHeight); with arguments: () (Line: 39) [browser.py]
INFO (18/12/2024 11:35:03): Get elements  (Line: 83) [browser.py]
INFO (18/12/2024 11:35:03): Window scroll to : Scroll  page -> added text (Line: 46) [base_element.py]
INFO (18/12/2024 11:35:03): Executing JavaScript: window.scrollTo(0, document.body.scrollHeight); with arguments: () (Line: 39) [browser.py]
INFO (18/12/2024 11:35:03): Get elements  (Line: 83) [browser.py]
INFO (18/12/2024 11:35:03): Window scroll to : Scroll  page -> added text (Line: 46) [base_element.py]
INFO (18/12/2024 11:35:03): Executing JavaScript: window.scrollTo(0, document.body.scrollHeight); with arguments: () (Line: 39) [browser.py]
INFO (18/12/2024 11:35:03): Get elements  (Line: 83) [browser.py]
INFO (18/12/2024 11:35:03): Window scroll to : Scroll  page -> added text (Line: 46) [base_element.py]
INFO (18/12/2024 11:35:03): Executing JavaScript: window.scrollTo(0, document.body.scrollHeight); with arguments: () (Line: 39) [browser.py]
INFO (18/12/2024 11:35:03): Get elements  (Line: 83) [browser.py]
INFO (18/12/2024 11:35:03): Window scroll to : Scroll  page -> added text (Line: 46) [base_element.py]
INFO (18/12/2024 11:35:03): Executing JavaScript: window.scrollTo(0, document.body.scrollHeight); with arguments: () (Line: 39) [browser.py]
INFO (18/12/2024 11:35:03): Get elements  (Line: 83) [browser.py]
INFO (18/12/2024 11:35:03): Window scroll to : Scroll  page -> added text (Line: 46) [base_element.py]
INFO (18/12/2024 11:35:03): Executing JavaScript: window.scrollTo(0, document.body.scrollHeight); with arguments: () (Line: 39) [browser.py]
INFO (18/12/2024 11:35:03): Get elements  (Line: 83) [browser.py]
INFO (18/12/2024 11:35:03): Window scroll to : Scroll  page -> added text (Line: 46) [base_element.py]
INFO (18/12/2024 11:35:03): Executing JavaScript: window.scrollTo(0, document.body.scrollHeight); with arguments: () (Line: 39) [browser.py]
INFO (18/12/2024 11:35:03): Get elements  (Line: 83) [browser.py]
INFO (18/12/2024 11:35:03): Window scroll to : Scroll  page -> added text (Line: 46) [base_element.py]
INFO (18/12/2024 11:35:03): Executing JavaScript: window.scrollTo(0, document.body.scrollHeight); with arguments: () (Line: 39) [browser.py]
INFO (18/12/2024 11:35:03): Get elements  (Line: 83) [browser.py]
INFO (18/12/2024 11:35:03): Window scroll to : Scroll  page -> added text (Line: 46) [base_element.py]
INFO (18/12/2024 11:35:03): Executing JavaScript: window.scrollTo(0, document.body.scrollHeight); with arguments: () (Line: 39) [browser.py]
INFO (18/12/2024 11:35:03): Get elements  (Line: 83) [browser.py]
INFO (18/12/2024 11:35:03): Window scroll to : Scroll  page -> added text (Line: 46) [base_element.py]
INFO (18/12/2024 11:35:03): Executing JavaScript: window.scrollTo(0, document.body.scrollHeight); with arguments: () (Line: 39) [browser.py]
INFO (18/12/2024 11:35:03): Get elements  (Line: 83) [browser.py]
INFO (18/12/2024 11:35:03): Window scroll to : Scroll  page -> added text (Line: 46) [base_element.py]
INFO (18/12/2024 11:35:03): Executing JavaScript: window.scrollTo(0, document.body.scrollHeight); with arguments: () (Line: 39) [browser.py]
INFO (18/12/2024 11:35:03): Get elements  (Line: 83) [browser.py]
INFO (18/12/2024 11:35:03): Window scroll to : Scroll  page -> added text (Line: 46) [base_element.py]
INFO (18/12/2024 11:35:03): Executing JavaScript: window.scrollTo(0, document.body.scrollHeight); with arguments: () (Line: 39) [browser.py]
INFO (18/12/2024 11:35:03): Get elements  (Line: 83) [browser.py]
INFO (18/12/2024 11:35:03): Window scroll to : Scroll  page -> added text (Line: 46) [base_element.py]
INFO (18/12/2024 11:35:03): Executing JavaScript: window.scrollTo(0, document.body.scrollHeight); with arguments: () (Line: 39) [browser.py]
INFO (18/12/2024 11:35:03): Get elements  (Line: 83) [browser.py]
INFO (18/12/2024 11:35:03): Window scroll to : Scroll  page -> added text (Line: 46) [base_element.py]
INFO (18/12/2024 11:35:03): Executing JavaScript: window.scrollTo(0, document.body.scrollHeight); with arguments: () (Line: 39) [browser.py]
INFO (18/12/2024 11:35:03): Get elements  (Line: 83) [browser.py]
INFO (18/12/2024 11:35:03): Window scroll to : Scroll  page -> added text (Line: 46) [base_element.py]
INFO (18/12/2024 11:35:03): Executing JavaScript: window.scrollTo(0, document.body.scrollHeight); with arguments: () (Line: 39) [browser.py]
INFO (18/12/2024 11:35:03): Get elements  (Line: 83) [browser.py]
INFO (18/12/2024 11:35:03): Window scroll to : Scroll  page -> added text (Line: 46) [base_element.py]
INFO (18/12/2024 11:35:03): Executing JavaScript: window.scrollTo(0, document.body.scrollHeight); with arguments: () (Line: 39) [browser.py]
INFO (18/12/2024 11:35:03): Get elements  (Line: 83) [browser.py]
INFO (18/12/2024 11:35:03): Window scroll to : Scroll  page -> added text (Line: 46) [base_element.py]
INFO (18/12/2024 11:35:03): Executing JavaScript: window.scrollTo(0, document.body.scrollHeight); with arguments: () (Line: 39) [browser.py]
INFO (18/12/2024 11:35:03): Get elements  (Line: 83) [browser.py]
INFO (18/12/2024 11:35:03): Window scroll to : Scroll  page -> added text (Line: 46) [base_element.py]
INFO (18/12/2024 11:35:03): Executing JavaScript: window.scrollTo(0, document.body.scrollHeight); with arguments: () (Line: 39) [browser.py]
INFO (18/12/2024 11:35:03): Get elements  (Line: 83) [browser.py]
INFO (18/12/2024 11:35:03): Window scroll to : Scroll  page -> added text (Line: 46) [base_element.py]
INFO (18/12/2024 11:35:03): Executing JavaScript: window.scrollTo(0, document.body.scrollHeight); with arguments: () (Line: 39) [browser.py]
INFO (18/12/2024 11:35:03): Get elements  (Line: 83) [browser.py]
INFO (18/12/2024 11:35:03): Window scroll to : Scroll  page -> added text (Line: 46) [base_element.py]
INFO (18/12/2024 11:35:03): Executing JavaScript: window.scrollTo(0, document.body.scrollHeight); with arguments: () (Line: 39) [browser.py]
INFO (18/12/2024 11:35:03): Get elements  (Line: 83) [browser.py]
INFO (18/12/2024 11:35:03): Window scroll to : Scroll  page -> added text (Line: 46) [base_element.py]
INFO (18/12/2024 11:35:03): Executing JavaScript: window.scrollTo(0, document.body.scrollHeight); with arguments: () (Line: 39) [browser.py]
INFO (18/12/2024 11:35:03): Get elements  (Line: 83) [browser.py]
INFO (18/12/2024 11:35:03): Window scroll to : Scroll  page -> added text (Line: 46) [base_element.py]
INFO (18/12/2024 11:35:03): Executing JavaScript: window.scrollTo(0, document.body.scrollHeight); with arguments: () (Line: 39) [browser.py]
INFO (18/12/2024 11:35:03): Get elements  (Line: 83) [browser.py]
INFO (18/12/2024 11:35:03): Window scroll to : Scroll  page -> added text (Line: 46) [base_element.py]
INFO (18/12/2024 11:35:03): Executing JavaScript: window.scrollTo(0, document.body.scrollHeight); with arguments: () (Line: 39) [browser.py]
INFO (18/12/2024 11:35:03): Get elements  (Line: 83) [browser.py]
INFO (18/12/2024 11:35:03): Window scroll to : Scroll  page -> added text (Line: 46) [base_element.py]
INFO (18/12/2024 11:35:03): Executing JavaScript: window.scrollTo(0, document.body.scrollHeight); with arguments: () (Line: 39) [browser.py]
INFO (18/12/2024 11:35:03): Get elements  (Line: 83) [browser.py]
INFO (18/12/2024 11:35:03): Window scroll to : Scroll  page -> added text (Line: 46) [base_element.py]
INFO (18/12/2024 11:35:03): Executing JavaScript: window.scrollTo(0, document.body.scrollHeight); with arguments: () (Line: 39) [browser.py]
INFO (18/12/2024 11:35:03): Get elements  (Line: 83) [browser.py]
INFO (18/12/2024 11:35:03): Window scroll to : Scroll  page -> added text (Line: 46) [base_element.py]
INFO (18/12/2024 11:35:03): Executing JavaScript: window.scrollTo(0, document.body.scrollHeight); with arguments: () (Line: 39) [browser.py]
INFO (18/12/2024 11:35:03): Get elements  (Line: 83) [browser.py]
INFO (18/12/2024 11:35:03): Window scroll to : Scroll  page -> added text (Line: 46) [base_element.py]
INFO (18/12/2024 11:35:03): Executing JavaScript: window.scrollTo(0, document.body.scrollHeight); with arguments: () (Line: 39) [browser.py]
INFO (18/12/2024 11:35:03): Get elements  (Line: 83) [browser.py]
INFO (18/12/2024 11:35:03): Window scroll to : Scroll  page -> added text (Line: 46) [base_element.py]
INFO (18/12/2024 11:35:03): Executing JavaScript: window.scrollTo(0, document.body.scrollHeight); with arguments: () (Line: 39) [browser.py]
INFO (18/12/2024 11:35:03): Get elements  (Line: 83) [browser.py]
INFO (18/12/2024 11:35:03): Window scroll to : Scroll  page -> added text (Line: 46) [base_element.py]
INFO (18/12/2024 11:35:03): Executing JavaScript: window.scrollTo(0, document.body.scrollHeight); with arguments: () (Line: 39) [browser.py]
INFO (18/12/2024 11:35:03): Get elements  (Line: 83) [browser.py]
INFO (18/12/2024 11:35:03): Window scroll to : Scroll  page -> added text (Line: 46) [base_element.py]
INFO (18/12/2024 11:35:03): Executing JavaScript: window.scrollTo(0, document.body.scrollHeight); with arguments: () (Line: 39) [browser.py]
INFO (18/12/2024 11:35:03): Get elements  (Line: 83) [browser.py]
INFO (18/12/2024 11:35:03): Window scroll to : Scroll  page -> added text (Line: 46) [base_element.py]
INFO (18/12/2024 11:35:03): Executing JavaScript: window.scrollTo(0, document.body.scrollHeight); with arguments: () (Line: 39) [browser.py]
INFO (18/12/2024 11:35:03): Get elements  (Line: 83) [browser.py]
INFO (18/12/2024 11:35:03): Window scroll to : Scroll  page -> added text (Line: 46) [base_element.py]
INFO (18/12/2024 11:35:03): Executing JavaScript: window.scrollTo(0, document.body.scrollHeight); with arguments: () (Line: 39) [browser.py]
INFO (18/12/2024 11:35:03): Get elements  (Line: 83) [browser.py]
INFO (18/12/2024 11:35:03): Window scroll to : Scroll  page -> added text (Line: 46) [base_element.py]
INFO (18/12/2024 11:35:03): Executing JavaScript: window.scrollTo(0, document.body.scrollHeight); with arguments: () (Line: 39) [browser.py]
INFO (18/12/2024 11:35:03): Get elements  (Line: 83) [browser.py]
INFO (18/12/2024 11:35:03): Window scroll to : Scroll  page -> added text (Line: 46) [base_element.py]
INFO (18/12/2024 11:35:03): Executing JavaScript: window.scrollTo(0, document.body.scrollHeight); with arguments: () (Line: 39) [browser.py]
INFO (18/12/2024 11:35:03): Get elements  (Line: 83) [browser.py]
INFO (18/12/2024 11:35:03): Window scroll to : Scroll  page -> added text (Line: 46) [base_element.py]
INFO (18/12/2024 11:35:03): Executing JavaScript: window.scrollTo(0, document.body.scrollHeight); with arguments: () (Line: 39) [browser.py]
INFO (18/12/2024 11:35:03): Get elements  (Line: 83) [browser.py]
INFO (18/12/2024 11:35:03): Window scroll to : Scroll  page -> added text (Line: 46) [base_element.py]
INFO (18/12/2024 11:35:03): Executing JavaScript: window.scrollTo(0, document.body.scrollHeight); with arguments: () (Line: 39) [browser.py]
INFO (18/12/2024 11:35:03): Get elements  (Line: 83) [browser.py]
INFO (18/12/2024 11:35:03): Window scroll to : Scroll  page -> added text (Line: 46) [base_element.py]
INFO (18/12/2024 11:35:03): Executing JavaScript: window.scrollTo(0, document.body.scrollHeight); with arguments: () (Line: 39) [browser.py]
INFO (18/12/2024 11:35:03): Get elements  (Line: 83) [browser.py]
INFO (18/12/2024 11:35:03): Window scroll to : Scroll  page -> added text (Line: 46) [base_element.py]
INFO (18/12/2024 11:35:03): Executing JavaScript: window.scrollTo(0, document.body.scrollHeight); with arguments: () (Line: 39) [browser.py]
INFO (18/12/2024 11:35:03): Get elements  (Line: 83) [browser.py]
INFO (18/12/2024 11:35:03): Window scroll to : Scroll  page -> added text (Line: 46) [base_element.py]
INFO (18/12/2024 11:35:03): Executing JavaScript: window.scrollTo(0, document.body.scrollHeight); with arguments: () (Line: 39) [browser.py]
INFO (18/12/2024 11:35:03): Get elements  (Line: 83) [browser.py]
INFO (18/12/2024 11:35:03): Window scroll to : Scroll  page -> added text (Line: 46) [base_element.py]
INFO (18/12/2024 11:35:03): Executing JavaScript: window.scrollTo(0, document.body.scrollHeight); with arguments: () (Line: 39) [browser.py]
INFO (18/12/2024 11:35:03): Get elements  (Line: 83) [browser.py]
INFO (18/12/2024 11:35:03): Window scroll to : Scroll  page -> added text (Line: 46) [base_element.py]
INFO (18/12/2024 11:35:03): Executing JavaScript: window.scrollTo(0, document.body.scrollHeight); with arguments: () (Line: 39) [browser.py]
INFO (18/12/2024 11:35:03): Get elements  (Line: 83) [browser.py]
INFO (18/12/2024 11:35:03): Window scroll to : Scroll  page -> added text (Line: 46) [base_element.py]
INFO (18/12/2024 11:35:03): Executing JavaScript: window.scrollTo(0, document.body.scrollHeight); with arguments: () (Line: 39) [browser.py]
INFO (18/12/2024 11:35:03): Get elements  (Line: 83) [browser.py]
INFO (18/12/2024 11:35:03): Window scroll to : Scroll  page -> added text (Line: 46) [base_element.py]
INFO (18/12/2024 11:35:03): Executing JavaScript: window.scrollTo(0, document.body.scrollHeight); with arguments: () (Line: 39) [browser.py]
INFO (18/12/2024 11:35:03): Get elements  (Line: 83) [browser.py]
INFO (18/12/2024 11:35:03): Window scroll to : Scroll  page -> added text (Line: 46) [base_element.py]
INFO (18/12/2024 11:35:03): Executing JavaScript: window.scrollTo(0, document.body.scrollHeight); with arguments: () (Line: 39) [browser.py]
INFO (18/12/2024 11:35:03): Get elements  (Line: 83) [browser.py]
INFO (18/12/2024 11:35:03): Window scroll to : Scroll  page -> added text (Line: 46) [base_element.py]
INFO (18/12/2024 11:35:03): Executing JavaScript: window.scrollTo(0, document.body.scrollHeight); with arguments: () (Line: 39) [browser.py]
INFO (18/12/2024 11:35:03): Get elements  (Line: 83) [browser.py]
INFO (18/12/2024 11:35:03): Window scroll to : Scroll  page -> added text (Line: 46) [base_element.py]
INFO (18/12/2024 11:35:03): Executing JavaScript: window.scrollTo(0, document.body.scrollHeight); with arguments: () (Line: 39) [browser.py]
INFO (18/12/2024 11:35:03): Get elements  (Line: 83) [browser.py]
INFO (18/12/2024 11:35:03): Window scroll to : Scroll  page -> added text (Line: 46) [base_element.py]
INFO (18/12/2024 11:35:03): Executing JavaScript: window.scrollTo(0, document.body.scrollHeight); with arguments: () (Line: 39) [browser.py]
INFO (18/12/2024 11:35:03): Get elements  (Line: 83) [browser.py]
INFO (18/12/2024 11:35:03): Window scroll to : Scroll  page -> added text (Line: 46) [base_element.py]
INFO (18/12/2024 11:35:03): Executing JavaScript: window.scrollTo(0, document.body.scrollHeight); with arguments: () (Line: 39) [browser.py]
INFO (18/12/2024 11:35:03): Get elements  (Line: 83) [browser.py]
INFO (18/12/2024 11:35:03): Window scroll to : Scroll  page -> added text (Line: 46) [base_element.py]
INFO (18/12/2024 11:35:03): Executing JavaScript: window.scrollTo(0, document.body.scrollHeight); with arguments: () (Line: 39) [browser.py]
INFO (18/12/2024 11:35:03): Get elements  (Line: 83) [browser.py]
INFO (18/12/2024 11:35:03): Window scroll to : Scroll  page -> added text (Line: 46) [base_element.py]
INFO (18/12/2024 11:35:03): Executing JavaScript: window.scrollTo(0, document.body.scrollHeight); with arguments: () (Line: 39) [browser.py]
INFO (18/12/2024 11:35:03): Get elements  (Line: 83) [browser.py]
INFO (18/12/2024 11:35:03): Window scroll to : Scroll  page -> added text (Line: 46) [base_element.py]
INFO (18/12/2024 11:35:03): Executing JavaScript: window.scrollTo(0, document.body.scrollHeight); with arguments: () (Line: 39) [browser.py]
INFO (18/12/2024 11:35:03): Get elements  (Line: 83) [browser.py]
INFO (18/12/2024 11:35:03): Window scroll to : Scroll  page -> added text (Line: 46) [base_element.py]
INFO (18/12/2024 11:35:03): Executing JavaScript: window.scrollTo(0, document.body.scrollHeight); with arguments: () (Line: 39) [browser.py]
INFO (18/12/2024 11:35:03): Get elements  (Line: 83) [browser.py]
INFO (18/12/2024 11:35:03): Window scroll to : Scroll  page -> added text (Line: 46) [base_element.py]
INFO (18/12/2024 11:35:03): Executing JavaScript: window.scrollTo(0, document.body.scrollHeight); with arguments: () (Line: 39) [browser.py]
INFO (18/12/2024 11:35:03): Get elements  (Line: 83) [browser.py]
INFO (18/12/2024 11:35:03): Window scroll to : Scroll  page -> added text (Line: 46) [base_element.py]
INFO (18/12/2024 11:35:03): Executing JavaScript: window.scrollTo(0, document.body.scrollHeight); with arguments: () (Line: 39) [browser.py]
INFO (18/12/2024 11:35:03): Get elements  (Line: 83) [browser.py]
INFO (18/12/2024 11:35:03): Window scroll to : Scroll  page -> added text (Line: 46) [base_element.py]
INFO (18/12/2024 11:35:03): Executing JavaScript: window.scrollTo(0, document.body.scrollHeight); with arguments: () (Line: 39) [browser.py]
INFO (18/12/2024 11:35:03): Get elements  (Line: 83) [browser.py]
INFO (18/12/2024 11:35:03): Window scroll to : Scroll  page -> added text (Line: 46) [base_element.py]
INFO (18/12/2024 11:35:03): Executing JavaScript: window.scrollTo(0, document.body.scrollHeight); with arguments: () (Line: 39) [browser.py]
INFO (18/12/2024 11:35:03): Get elements  (Line: 83) [browser.py]
INFO (18/12/2024 11:35:03): Window scroll to : Scroll  page -> added text (Line: 46) [base_element.py]
INFO (18/12/2024 11:35:03): Executing JavaScript: window.scrollTo(0, document.body.scrollHeight); with arguments: () (Line: 39) [browser.py]
INFO (18/12/2024 11:35:03): Get elements  (Line: 83) [browser.py]
INFO (18/12/2024 11:35:03): Window scroll to : Scroll  page -> added text (Line: 46) [base_element.py]
INFO (18/12/2024 11:35:03): Executing JavaScript: window.scrollTo(0, document.body.scrollHeight); with arguments: () (Line: 39) [browser.py]
INFO (18/12/2024 11:35:03): Get elements  (Line: 83) [browser.py]
INFO (18/12/2024 11:35:03): Window scroll to : Scroll  page -> added text (Line: 46) [base_element.py]
INFO (18/12/2024 11:35:03): Executing JavaScript: window.scrollTo(0, document.body.scrollHeight); with arguments: () (Line: 39) [browser.py]
INFO (18/12/2024 11:35:03): Get elements  (Line: 83) [browser.py]
INFO (18/12/2024 11:35:03): Window scroll to : Scroll  page -> added text (Line: 46) [base_element.py]
INFO (18/12/2024 11:35:03): Executing JavaScript: window.scrollTo(0, document.body.scrollHeight); with arguments: () (Line: 39) [browser.py]
INFO (18/12/2024 11:35:03): Get elements  (Line: 83) [browser.py]
INFO (18/12/2024 11:35:03): Window scroll to : Scroll  page -> added text (Line: 46) [base_element.py]
INFO (18/12/2024 11:35:03): Executing JavaScript: window.scrollTo(0, document.body.scrollHeight); with arguments: () (Line: 39) [browser.py]
INFO (18/12/2024 11:35:03): Get elements  (Line: 83) [browser.py]
INFO (18/12/2024 11:35:03): Window scroll to : Scroll  page -> added text (Line: 46) [base_element.py]
INFO (18/12/2024 11:35:03): Executing JavaScript: window.scrollTo(0, document.body.scrollHeight); with arguments: () (Line: 39) [browser.py]
INFO (18/12/2024 11:35:03): Get elements  (Line: 83) [browser.py]
INFO (18/12/2024 11:35:03): Window scroll to : Scroll  page -> added text (Line: 46) [base_element.py]
INFO (18/12/2024 11:35:03): Executing JavaScript: window.scrollTo(0, document.body.scrollHeight); with arguments: () (Line: 39) [browser.py]
INFO (18/12/2024 11:35:03): Get elements  (Line: 83) [browser.py]
INFO (18/12/2024 11:35:03): Window scroll to : Scroll  page -> added text (Line: 46) [base_element.py]
INFO (18/12/2024 11:35:03): Executing JavaScript: window.scrollTo(0, document.body.scrollHeight); with arguments: () (Line: 39) [browser.py]
INFO (18/12/2024 11:35:03): Get elements  (Line: 83) [browser.py]
INFO (18/12/2024 11:35:03): Window scroll to : Scroll  page -> added text (Line: 46) [base_element.py]
INFO (18/12/2024 11:35:03): Executing JavaScript: window.scrollTo(0, document.body.scrollHeight); with arguments: () (Line: 39) [browser.py]
INFO (18/12/2024 11:35:03): Get elements  (Line: 83) [browser.py]
INFO (18/12/2024 11:35:03): Window scroll to : Scroll  page -> added text (Line: 46) [base_element.py]
INFO (18/12/2024 11:35:03): Executing JavaScript: window.scrollTo(0, document.body.scrollHeight); with arguments: () (Line: 39) [browser.py]
INFO (18/12/2024 11:35:03): Get elements  (Line: 83) [browser.py]
INFO (18/12/2024 11:35:03): Window scroll to : Scroll  page -> added text (Line: 46) [base_element.py]
INFO (18/12/2024 11:35:03): Executing JavaScript: window.scrollTo(0, document.body.scrollHeight); with arguments: () (Line: 39) [browser.py]
INFO (18/12/2024 11:35:03): Get elements  (Line: 83) [browser.py]
INFO (18/12/2024 11:35:03): Window scroll to : Scroll  page -> added text (Line: 46) [base_element.py]
INFO (18/12/2024 11:35:03): Executing JavaScript: window.scrollTo(0, document.body.scrollHeight); with arguments: () (Line: 39) [browser.py]
INFO (18/12/2024 11:35:03): Get elements  (Line: 83) [browser.py]
INFO (18/12/2024 11:35:03): Window scroll to : Scroll  page -> added text (Line: 46) [base_element.py]
INFO (18/12/2024 11:35:03): Executing JavaScript: window.scrollTo(0, document.body.scrollHeight); with arguments: () (Line: 39) [browser.py]
INFO (18/12/2024 11:35:03): Get elements  (Line: 83) [browser.py]
INFO (18/12/2024 11:35:03): Window scroll to : Scroll  page -> added text (Line: 46) [base_element.py]
INFO (18/12/2024 11:35:03): Executing JavaScript: window.scrollTo(0, document.body.scrollHeight); with arguments: () (Line: 39) [browser.py]
INFO (18/12/2024 11:35:03): Get elements  (Line: 83) [browser.py]
INFO (18/12/2024 11:35:03): Window scroll to : Scroll  page -> added text (Line: 46) [base_element.py]
INFO (18/12/2024 11:35:03): Executing JavaScript: window.scrollTo(0, document.body.scrollHeight); with arguments: () (Line: 39) [browser.py]
INFO (18/12/2024 11:35:03): Get elements  (Line: 83) [browser.py]
INFO (18/12/2024 11:35:03): Window scroll to : Scroll  page -> added text (Line: 46) [base_element.py]
INFO (18/12/2024 11:35:03): Executing JavaScript: window.scrollTo(0, document.body.scrollHeight); with arguments: () (Line: 39) [browser.py]
INFO (18/12/2024 11:35:03): Get elements  (Line: 83) [browser.py]
INFO (18/12/2024 11:35:03): Window scroll to : Scroll  page -> added text (Line: 46) [base_element.py]
INFO (18/12/2024 11:35:03): Executing JavaScript: window.scrollTo(0, document.body.scrollHeight); with arguments: () (Line: 39) [browser.py]
INFO (18/12/2024 11:35:03): Get elements  (Line: 83) [browser.py]
INFO (18/12/2024 11:35:03): Window scroll to : Scroll  page -> added text (Line: 46) [base_element.py]
INFO (18/12/2024 11:35:03): Executing JavaScript: window.scrollTo(0, document.body.scrollHeight); with arguments: () (Line: 39) [browser.py]
INFO (18/12/2024 11:35:03): Get elements  (Line: 83) [browser.py]
INFO (18/12/2024 11:35:03): Window scroll to : Scroll  page -> added text (Line: 46) [base_element.py]
INFO (18/12/2024 11:35:03): Executing JavaScript: window.scrollTo(0, document.body.scrollHeight); with arguments: () (Line: 39) [browser.py]
INFO (18/12/2024 11:35:03): Get elements  (Line: 83) [browser.py]
INFO (18/12/2024 11:35:03): Window scroll to : Scroll  page -> added text (Line: 46) [base_element.py]
INFO (18/12/2024 11:35:03): Executing JavaScript: window.scrollTo(0, document.body.scrollHeight); with arguments: () (Line: 39) [browser.py]
INFO (18/12/2024 11:35:03): Get elements  (Line: 83) [browser.py]
INFO (18/12/2024 11:35:03): Window scroll to : Scroll  page -> added text (Line: 46) [base_element.py]
INFO (18/12/2024 11:35:03): Executing JavaScript: window.scrollTo(0, document.body.scrollHeight); with arguments: () (Line: 39) [browser.py]
INFO (18/12/2024 11:35:03): Get elements  (Line: 83) [browser.py]
INFO (18/12/2024 11:35:03): Window scroll to : Scroll  page -> added text (Line: 46) [base_element.py]
INFO (18/12/2024 11:35:03): Executing JavaScript: window.scrollTo(0, document.body.scrollHeight); with arguments: () (Line: 39) [browser.py]
INFO (18/12/2024 11:35:03): Get elements  (Line: 83) [browser.py]
INFO (18/12/2024 11:35:03): Window scroll to : Scroll  page -> added text (Line: 46) [base_element.py]
INFO (18/12/2024 11:35:03): Executing JavaScript: window.scrollTo(0, document.body.scrollHeight); with arguments: () (Line: 39) [browser.py]
INFO (18/12/2024 11:35:03): Get elements  (Line: 83) [browser.py]
INFO (18/12/2024 11:35:03): Window scroll to : Scroll  page -> added text (Line: 46) [base_element.py]
INFO (18/12/2024 11:35:03): Executing JavaScript: window.scrollTo(0, document.body.scrollHeight); with arguments: () (Line: 39) [browser.py]
INFO (18/12/2024 11:35:03): Get elements  (Line: 83) [browser.py]
INFO (18/12/2024 11:35:03): Window scroll to : Scroll  page -> added text (Line: 46) [base_element.py]
INFO (18/12/2024 11:35:03): Executing JavaScript: window.scrollTo(0, document.body.scrollHeight); with arguments: () (Line: 39) [browser.py]
INFO (18/12/2024 11:35:03): Get elements  (Line: 83) [browser.py]
INFO (18/12/2024 11:35:03): Window scroll to : Scroll  page -> added text (Line: 46) [base_element.py]
INFO (18/12/2024 11:35:03): Executing JavaScript: window.scrollTo(0, document.body.scrollHeight); with arguments: () (Line: 39) [browser.py]
INFO (18/12/2024 11:35:03): Get elements  (Line: 83) [browser.py]
INFO (18/12/2024 11:35:03): Window scroll to : Scroll  page -> added text (Line: 46) [base_element.py]
INFO (18/12/2024 11:35:03): Executing JavaScript: window.scrollTo(0, document.body.scrollHeight); with arguments: () (Line: 39) [browser.py]
INFO (18/12/2024 11:35:03): Get elements  (Line: 83) [browser.py]
INFO (18/12/2024 11:35:03): Window scroll to : Scroll  page -> added text (Line: 46) [base_element.py]
INFO (18/12/2024 11:35:03): Executing JavaScript: window.scrollTo(0, document.body.scrollHeight); with arguments: () (Line: 39) [browser.py]
INFO (18/12/2024 11:35:03): Get elements  (Line: 83) [browser.py]
INFO (18/12/2024 11:35:03): Window scroll to : Scroll  page -> added text (Line: 46) [base_element.py]
INFO (18/12/2024 11:35:03): Executing JavaScript: window.scrollTo(0, document.body.scrollHeight); with arguments: () (Line: 39) [browser.py]
INFO (18/12/2024 11:35:03): Get elements  (Line: 83) [browser.py]
INFO (18/12/2024 11:35:03): Window scroll to : Scroll  page -> added text (Line: 46) [base_element.py]
INFO (18/12/2024 11:35:03): Executing JavaScript: window.scrollTo(0, document.body.scrollHeight); with arguments: () (Line: 39) [browser.py]
INFO (18/12/2024 11:35:03): Get elements  (Line: 83) [browser.py]
INFO (18/12/2024 11:35:03): Window scroll to : Scroll  page -> added text (Line: 46) [base_element.py]
INFO (18/12/2024 11:35:03): Executing JavaScript: window.scrollTo(0, document.body.scrollHeight); with arguments: () (Line: 39) [browser.py]
INFO (18/12/2024 11:35:03): Get elements  (Line: 83) [browser.py]
INFO (18/12/2024 11:35:03): Window scroll to : Scroll  page -> added text (Line: 46) [base_element.py]
INFO (18/12/2024 11:35:03): Executing JavaScript: window.scrollTo(0, document.body.scrollHeight); with arguments: () (Line: 39) [browser.py]
INFO (18/12/2024 11:35:03): Get elements  (Line: 83) [browser.py]
INFO (18/12/2024 11:35:03): Window scroll to : Scroll  page -> added text (Line: 46) [base_element.py]
INFO (18/12/2024 11:35:03): Executing JavaScript: window.scrollTo(0, document.body.scrollHeight); with arguments: () (Line: 39) [browser.py]
INFO (18/12/2024 11:35:04): Get elements  (Line: 83) [browser.py]
INFO (18/12/2024 11:35:04): Window scroll to : Scroll  page -> added text (Line: 46) [base_element.py]
INFO (18/12/2024 11:35:04): Executing JavaScript: window.scrollTo(0, document.body.scrollHeight); with arguments: () (Line: 39) [browser.py]
INFO (18/12/2024 11:35:04): Get elements  (Line: 83) [browser.py]
INFO (18/12/2024 11:35:04): Window scroll to : Scroll  page -> added text (Line: 46) [base_element.py]
INFO (18/12/2024 11:35:04): Executing JavaScript: window.scrollTo(0, document.body.scrollHeight); with arguments: () (Line: 39) [browser.py]
INFO (18/12/2024 11:35:04): Get elements  (Line: 83) [browser.py]
INFO (18/12/2024 11:35:04): Window scroll to : Scroll  page -> added text (Line: 46) [base_element.py]
INFO (18/12/2024 11:35:04): Executing JavaScript: window.scrollTo(0, document.body.scrollHeight); with arguments: () (Line: 39) [browser.py]
INFO (18/12/2024 11:35:04): Get elements  (Line: 83) [browser.py]
INFO (18/12/2024 11:35:04): Window scroll to : Scroll  page -> added text (Line: 46) [base_element.py]
INFO (18/12/2024 11:35:04): Executing JavaScript: window.scrollTo(0, document.body.scrollHeight); with arguments: () (Line: 39) [browser.py]
INFO (18/12/2024 11:35:04): Get elements  (Line: 83) [browser.py]
INFO (18/12/2024 11:35:04): Window scroll to : Scroll  page -> added text (Line: 46) [base_element.py]
INFO (18/12/2024 11:35:04): Executing JavaScript: window.scrollTo(0, document.body.scrollHeight); with arguments: () (Line: 39) [browser.py]
INFO (18/12/2024 11:35:04): Get elements  (Line: 83) [browser.py]
INFO (18/12/2024 11:35:04): Window scroll to : Scroll  page -> added text (Line: 46) [base_element.py]
INFO (18/12/2024 11:35:04): Executing JavaScript: window.scrollTo(0, document.body.scrollHeight); with arguments: () (Line: 39) [browser.py]
INFO (18/12/2024 11:35:04): Get elements  (Line: 83) [browser.py]
INFO (18/12/2024 11:35:04): Window scroll to : Scroll  page -> added text (Line: 46) [base_element.py]
INFO (18/12/2024 11:35:04): Executing JavaScript: window.scrollTo(0, document.body.scrollHeight); with arguments: () (Line: 39) [browser.py]
INFO (18/12/2024 11:35:04): Get elements  (Line: 83) [browser.py]
INFO (18/12/2024 11:35:04): Window scroll to : Scroll  page -> added text (Line: 46) [base_element.py]
INFO (18/12/2024 11:35:04): Executing JavaScript: window.scrollTo(0, document.body.scrollHeight); with arguments: () (Line: 39) [browser.py]
INFO (18/12/2024 11:35:04): Get elements  (Line: 83) [browser.py]
INFO (18/12/2024 11:35:04): Window scroll to : Scroll  page -> added text (Line: 46) [base_element.py]
INFO (18/12/2024 11:35:04): Executing JavaScript: window.scrollTo(0, document.body.scrollHeight); with arguments: () (Line: 39) [browser.py]
INFO (18/12/2024 11:35:04): Get elements  (Line: 83) [browser.py]
INFO (18/12/2024 11:35:04): Window scroll to : Scroll  page -> added text (Line: 46) [base_element.py]
INFO (18/12/2024 11:35:04): Executing JavaScript: window.scrollTo(0, document.body.scrollHeight); with arguments: () (Line: 39) [browser.py]
INFO (18/12/2024 11:35:04): Get elements  (Line: 83) [browser.py]
INFO (18/12/2024 11:35:04): Window scroll to : Scroll  page -> added text (Line: 46) [base_element.py]
INFO (18/12/2024 11:35:04): Executing JavaScript: window.scrollTo(0, document.body.scrollHeight); with arguments: () (Line: 39) [browser.py]
INFO (18/12/2024 11:35:04): Get elements  (Line: 83) [browser.py]
INFO (18/12/2024 11:35:04): Window scroll to : Scroll  page -> added text (Line: 46) [base_element.py]
INFO (18/12/2024 11:35:04): Executing JavaScript: window.scrollTo(0, document.body.scrollHeight); with arguments: () (Line: 39) [browser.py]
INFO (18/12/2024 11:35:04): Get elements  (Line: 83) [browser.py]
INFO (18/12/2024 11:35:04): Window scroll to : Scroll  page -> added text (Line: 46) [base_element.py]
INFO (18/12/2024 11:35:04): Executing JavaScript: window.scrollTo(0, document.body.scrollHeight); with arguments: () (Line: 39) [browser.py]
INFO (18/12/2024 11:35:04): Get elements  (Line: 83) [browser.py]
INFO (18/12/2024 11:35:04): Window scroll to : Scroll  page -> added text (Line: 46) [base_element.py]
INFO (18/12/2024 11:35:04): Executing JavaScript: window.scrollTo(0, document.body.scrollHeight); with arguments: () (Line: 39) [browser.py]
INFO (18/12/2024 11:35:04): Get elements  (Line: 83) [browser.py]
INFO (18/12/2024 11:35:04): Window scroll to : Scroll  page -> added text (Line: 46) [base_element.py]
INFO (18/12/2024 11:35:04): Executing JavaScript: window.scrollTo(0, document.body.scrollHeight); with arguments: () (Line: 39) [browser.py]
INFO (18/12/2024 11:35:04): Get elements  (Line: 83) [browser.py]
INFO (18/12/2024 11:35:04): Window scroll to : Scroll  page -> added text (Line: 46) [base_element.py]
INFO (18/12/2024 11:35:04): Executing JavaScript: window.scrollTo(0, document.body.scrollHeight); with arguments: () (Line: 39) [browser.py]
INFO (18/12/2024 11:35:04): Get elements  (Line: 83) [browser.py]
INFO (18/12/2024 11:35:04): Window scroll to : Scroll  page -> added text (Line: 46) [base_element.py]
INFO (18/12/2024 11:35:04): Executing JavaScript: window.scrollTo(0, document.body.scrollHeight); with arguments: () (Line: 39) [browser.py]
INFO (18/12/2024 11:35:04): Get elements  (Line: 83) [browser.py]
INFO (18/12/2024 11:35:04): Window scroll to : Scroll  page -> added text (Line: 46) [base_element.py]
INFO (18/12/2024 11:35:04): Executing JavaScript: window.scrollTo(0, document.body.scrollHeight); with arguments: () (Line: 39) [browser.py]
INFO (18/12/2024 11:35:04): Get elements  (Line: 83) [browser.py]
INFO (18/12/2024 11:35:04): Window scroll to : Scroll  page -> added text (Line: 46) [base_element.py]
INFO (18/12/2024 11:35:04): Executing JavaScript: window.scrollTo(0, document.body.scrollHeight); with arguments: () (Line: 39) [browser.py]
INFO (18/12/2024 11:35:04): Get elements  (Line: 83) [browser.py]
INFO (18/12/2024 11:35:04): Window scroll to : Scroll  page -> added text (Line: 46) [base_element.py]
INFO (18/12/2024 11:35:04): Executing JavaScript: window.scrollTo(0, document.body.scrollHeight); with arguments: () (Line: 39) [browser.py]
INFO (18/12/2024 11:35:04): Get elements  (Line: 83) [browser.py]
INFO (18/12/2024 11:35:04): Window scroll to : Scroll  page -> added text (Line: 46) [base_element.py]
INFO (18/12/2024 11:35:04): Executing JavaScript: window.scrollTo(0, document.body.scrollHeight); with arguments: () (Line: 39) [browser.py]
INFO (18/12/2024 11:35:04): Get elements  (Line: 83) [browser.py]
INFO (18/12/2024 11:35:04): Window scroll to : Scroll  page -> added text (Line: 46) [base_element.py]
INFO (18/12/2024 11:35:04): Executing JavaScript: window.scrollTo(0, document.body.scrollHeight); with arguments: () (Line: 39) [browser.py]
INFO (18/12/2024 11:35:04): Get elements  (Line: 83) [browser.py]
INFO (18/12/2024 11:35:04): Window scroll to : Scroll  page -> added text (Line: 46) [base_element.py]
INFO (18/12/2024 11:35:04): Executing JavaScript: window.scrollTo(0, document.body.scrollHeight); with arguments: () (Line: 39) [browser.py]
INFO (18/12/2024 11:35:04): Get elements  (Line: 83) [browser.py]
INFO (18/12/2024 11:35:04): Window scroll to : Scroll  page -> added text (Line: 46) [base_element.py]
INFO (18/12/2024 11:35:04): Executing JavaScript: window.scrollTo(0, document.body.scrollHeight); with arguments: () (Line: 39) [browser.py]
INFO (18/12/2024 11:35:04): Get elements  (Line: 83) [browser.py]
INFO (18/12/2024 11:35:04): Window scroll to : Scroll  page -> added text (Line: 46) [base_element.py]
INFO (18/12/2024 11:35:04): Executing JavaScript: window.scrollTo(0, document.body.scrollHeight); with arguments: () (Line: 39) [browser.py]
INFO (18/12/2024 11:35:04): Get elements  (Line: 83) [browser.py]
INFO (18/12/2024 11:35:04): Window scroll to : Scroll  page -> added text (Line: 46) [base_element.py]
INFO (18/12/2024 11:35:04): Executing JavaScript: window.scrollTo(0, document.body.scrollHeight); with arguments: () (Line: 39) [browser.py]
INFO (18/12/2024 11:35:04): Get elements  (Line: 83) [browser.py]
INFO (18/12/2024 11:35:04): Window scroll to : Scroll  page -> added text (Line: 46) [base_element.py]
INFO (18/12/2024 11:35:04): Executing JavaScript: window.scrollTo(0, document.body.scrollHeight); with arguments: () (Line: 39) [browser.py]
INFO (18/12/2024 11:35:04): Get elements  (Line: 83) [browser.py]
INFO (18/12/2024 11:35:04): Window scroll to : Scroll  page -> added text (Line: 46) [base_element.py]
INFO (18/12/2024 11:35:04): Executing JavaScript: window.scrollTo(0, document.body.scrollHeight); with arguments: () (Line: 39) [browser.py]
INFO (18/12/2024 11:35:04): Get elements  (Line: 83) [browser.py]
INFO (18/12/2024 11:35:04): Window scroll to : Scroll  page -> added text (Line: 46) [base_element.py]
INFO (18/12/2024 11:35:04): Executing JavaScript: window.scrollTo(0, document.body.scrollHeight); with arguments: () (Line: 39) [browser.py]
INFO (18/12/2024 11:35:04): Get elements  (Line: 83) [browser.py]
INFO (18/12/2024 11:35:04): Window scroll to : Scroll  page -> added text (Line: 46) [base_element.py]
INFO (18/12/2024 11:35:04): Executing JavaScript: window.scrollTo(0, document.body.scrollHeight); with arguments: () (Line: 39) [browser.py]
INFO (18/12/2024 11:35:04): Get elements  (Line: 83) [browser.py]
INFO (18/12/2024 11:35:04): Window scroll to : Scroll  page -> added text (Line: 46) [base_element.py]
INFO (18/12/2024 11:35:04): Executing JavaScript: window.scrollTo(0, document.body.scrollHeight); with arguments: () (Line: 39) [browser.py]
INFO (18/12/2024 11:35:04): Get elements  (Line: 83) [browser.py]
INFO (18/12/2024 11:35:04): Window scroll to : Scroll  page -> added text (Line: 46) [base_element.py]
INFO (18/12/2024 11:35:04): Executing JavaScript: window.scrollTo(0, document.body.scrollHeight); with arguments: () (Line: 39) [browser.py]
INFO (18/12/2024 11:35:04): Get elements  (Line: 83) [browser.py]
INFO (18/12/2024 11:35:04): Window scroll to : Scroll  page -> added text (Line: 46) [base_element.py]
INFO (18/12/2024 11:35:04): Executing JavaScript: window.scrollTo(0, document.body.scrollHeight); with arguments: () (Line: 39) [browser.py]
INFO (18/12/2024 11:35:04): Get elements  (Line: 83) [browser.py]
INFO (18/12/2024 11:35:04): Window scroll to : Scroll  page -> added text (Line: 46) [base_element.py]
INFO (18/12/2024 11:35:04): Executing JavaScript: window.scrollTo(0, document.body.scrollHeight); with arguments: () (Line: 39) [browser.py]
INFO (18/12/2024 11:35:04): Get elements  (Line: 83) [browser.py]
INFO (18/12/2024 11:35:04): Window scroll to : Scroll  page -> added text (Line: 46) [base_element.py]
INFO (18/12/2024 11:35:04): Executing JavaScript: window.scrollTo(0, document.body.scrollHeight); with arguments: () (Line: 39) [browser.py]
INFO (18/12/2024 11:35:04): Get elements  (Line: 83) [browser.py]
INFO (18/12/2024 11:35:04): Window scroll to : Scroll  page -> added text (Line: 46) [base_element.py]
INFO (18/12/2024 11:35:04): Executing JavaScript: window.scrollTo(0, document.body.scrollHeight); with arguments: () (Line: 39) [browser.py]
INFO (18/12/2024 11:35:04): Get elements  (Line: 83) [browser.py]
INFO (18/12/2024 11:35:04): Window scroll to : Scroll  page -> added text (Line: 46) [base_element.py]
INFO (18/12/2024 11:35:04): Executing JavaScript: window.scrollTo(0, document.body.scrollHeight); with arguments: () (Line: 39) [browser.py]
INFO (18/12/2024 11:35:04): Get elements  (Line: 83) [browser.py]
INFO (18/12/2024 11:35:04): Window scroll to : Scroll  page -> added text (Line: 46) [base_element.py]
INFO (18/12/2024 11:35:04): Executing JavaScript: window.scrollTo(0, document.body.scrollHeight); with arguments: () (Line: 39) [browser.py]
INFO (18/12/2024 11:35:04): Get elements  (Line: 83) [browser.py]
INFO (18/12/2024 11:35:04): Window scroll to : Scroll  page -> added text (Line: 46) [base_element.py]
INFO (18/12/2024 11:35:04): Executing JavaScript: window.scrollTo(0, document.body.scrollHeight); with arguments: () (Line: 39) [browser.py]
INFO (18/12/2024 11:35:04): Get elements  (Line: 83) [browser.py]
INFO (18/12/2024 11:35:04): Window scroll to : Scroll  page -> added text (Line: 46) [base_element.py]
INFO (18/12/2024 11:35:04): Executing JavaScript: window.scrollTo(0, document.body.scrollHeight); with arguments: () (Line: 39) [browser.py]
INFO (18/12/2024 11:35:04): Get elements  (Line: 83) [browser.py]
INFO (18/12/2024 11:35:04): Window scroll to : Scroll  page -> added text (Line: 46) [base_element.py]
INFO (18/12/2024 11:35:04): Executing JavaScript: window.scrollTo(0, document.body.scrollHeight); with arguments: () (Line: 39) [browser.py]
INFO (18/12/2024 11:35:04): Get elements  (Line: 83) [browser.py]
INFO (18/12/2024 11:35:04): Window scroll to : Scroll  page -> added text (Line: 46) [base_element.py]
INFO (18/12/2024 11:35:04): Executing JavaScript: window.scrollTo(0, document.body.scrollHeight); with arguments: () (Line: 39) [browser.py]
INFO (18/12/2024 11:35:04): Get elements  (Line: 83) [browser.py]
INFO (18/12/2024 11:35:04): Window scroll to : Scroll  page -> added text (Line: 46) [base_element.py]
INFO (18/12/2024 11:35:04): Executing JavaScript: window.scrollTo(0, document.body.scrollHeight); with arguments: () (Line: 39) [browser.py]
INFO (18/12/2024 11:35:04): Get elements  (Line: 83) [browser.py]
INFO (18/12/2024 11:35:04): Window scroll to : Scroll  page -> added text (Line: 46) [base_element.py]
INFO (18/12/2024 11:35:04): Executing JavaScript: window.scrollTo(0, document.body.scrollHeight); with arguments: () (Line: 39) [browser.py]
INFO (18/12/2024 11:35:04): Get elements  (Line: 83) [browser.py]
INFO (18/12/2024 11:35:04): Window scroll to : Scroll  page -> added text (Line: 46) [base_element.py]
INFO (18/12/2024 11:35:04): Executing JavaScript: window.scrollTo(0, document.body.scrollHeight); with arguments: () (Line: 39) [browser.py]
INFO (18/12/2024 11:35:04): Get elements  (Line: 83) [browser.py]
INFO (18/12/2024 11:35:04): Window scroll to : Scroll  page -> added text (Line: 46) [base_element.py]
INFO (18/12/2024 11:35:04): Executing JavaScript: window.scrollTo(0, document.body.scrollHeight); with arguments: () (Line: 39) [browser.py]
INFO (18/12/2024 11:35:04): Get elements  (Line: 83) [browser.py]
INFO (18/12/2024 11:35:04): Window scroll to : Scroll  page -> added text (Line: 46) [base_element.py]
INFO (18/12/2024 11:35:04): Executing JavaScript: window.scrollTo(0, document.body.scrollHeight); with arguments: () (Line: 39) [browser.py]
INFO (18/12/2024 11:35:04): Get elements  (Line: 83) [browser.py]
INFO (18/12/2024 11:35:04): Window scroll to : Scroll  page -> added text (Line: 46) [base_element.py]
INFO (18/12/2024 11:35:04): Executing JavaScript: window.scrollTo(0, document.body.scrollHeight); with arguments: () (Line: 39) [browser.py]
INFO (18/12/2024 11:35:04): Get elements  (Line: 83) [browser.py]
INFO (18/12/2024 11:35:04): Window scroll to : Scroll  page -> added text (Line: 46) [base_element.py]
INFO (18/12/2024 11:35:04): Executing JavaScript: window.scrollTo(0, document.body.scrollHeight); with arguments: () (Line: 39) [browser.py]
INFO (18/12/2024 11:35:04): Get elements  (Line: 83) [browser.py]
INFO (18/12/2024 11:35:04): Window scroll to : Scroll  page -> added text (Line: 46) [base_element.py]
INFO (18/12/2024 11:35:04): Executing JavaScript: window.scrollTo(0, document.body.scrollHeight); with arguments: () (Line: 39) [browser.py]
INFO (18/12/2024 11:35:04): Get elements  (Line: 83) [browser.py]
INFO (18/12/2024 11:35:04): Window scroll to : Scroll  page -> added text (Line: 46) [base_element.py]
INFO (18/12/2024 11:35:04): Executing JavaScript: window.scrollTo(0, document.body.scrollHeight); with arguments: () (Line: 39) [browser.py]
INFO (18/12/2024 11:35:04): Get elements  (Line: 83) [browser.py]
INFO (18/12/2024 11:35:04): Window scroll to : Scroll  page -> added text (Line: 46) [base_element.py]
INFO (18/12/2024 11:35:04): Executing JavaScript: window.scrollTo(0, document.body.scrollHeight); with arguments: () (Line: 39) [browser.py]
INFO (18/12/2024 11:35:04): Get elements  (Line: 83) [browser.py]
INFO (18/12/2024 11:35:04): Window scroll to : Scroll  page -> added text (Line: 46) [base_element.py]
INFO (18/12/2024 11:35:04): Executing JavaScript: window.scrollTo(0, document.body.scrollHeight); with arguments: () (Line: 39) [browser.py]
INFO (18/12/2024 11:35:04): Get elements  (Line: 83) [browser.py]
INFO (18/12/2024 11:35:04): Window scroll to : Scroll  page -> added text (Line: 46) [base_element.py]
INFO (18/12/2024 11:35:04): Executing JavaScript: window.scrollTo(0, document.body.scrollHeight); with arguments: () (Line: 39) [browser.py]
INFO (18/12/2024 11:35:04): Get elements  (Line: 83) [browser.py]
INFO (18/12/2024 11:35:04): Window scroll to : Scroll  page -> added text (Line: 46) [base_element.py]
INFO (18/12/2024 11:35:04): Executing JavaScript: window.scrollTo(0, document.body.scrollHeight); with arguments: () (Line: 39) [browser.py]
INFO (18/12/2024 11:35:04): Get elements  (Line: 83) [browser.py]
INFO (18/12/2024 11:35:04): Window scroll to : Scroll  page -> added text (Line: 46) [base_element.py]
INFO (18/12/2024 11:35:04): Executing JavaScript: window.scrollTo(0, document.body.scrollHeight); with arguments: () (Line: 39) [browser.py]
INFO (18/12/2024 11:35:04): Get elements  (Line: 83) [browser.py]
INFO (18/12/2024 11:35:04): Window scroll to : Scroll  page -> added text (Line: 46) [base_element.py]
INFO (18/12/2024 11:35:04): Executing JavaScript: window.scrollTo(0, document.body.scrollHeight); with arguments: () (Line: 39) [browser.py]
INFO (18/12/2024 11:35:04): Get elements  (Line: 83) [browser.py]
INFO (18/12/2024 11:35:04): Window scroll to : Scroll  page -> added text (Line: 46) [base_element.py]
INFO (18/12/2024 11:35:04): Executing JavaScript: window.scrollTo(0, document.body.scrollHeight); with arguments: () (Line: 39) [browser.py]
INFO (18/12/2024 11:35:04): Get elements  (Line: 83) [browser.py]
INFO (18/12/2024 11:35:04): Window scroll to : Scroll  page -> added text (Line: 46) [base_element.py]
INFO (18/12/2024 11:35:04): Executing JavaScript: window.scrollTo(0, document.body.scrollHeight); with arguments: () (Line: 39) [browser.py]
INFO (18/12/2024 11:35:04): Get elements  (Line: 83) [browser.py]
INFO (18/12/2024 11:35:04): Window scroll to : Scroll  page -> added text (Line: 46) [base_element.py]
INFO (18/12/2024 11:35:04): Executing JavaScript: window.scrollTo(0, document.body.scrollHeight); with arguments: () (Line: 39) [browser.py]
INFO (18/12/2024 11:35:04): Get elements  (Line: 83) [browser.py]
INFO (18/12/2024 11:35:04): Window scroll to : Scroll  page -> added text (Line: 46) [base_element.py]
INFO (18/12/2024 11:35:04): Executing JavaScript: window.scrollTo(0, document.body.scrollHeight); with arguments: () (Line: 39) [browser.py]
INFO (18/12/2024 11:35:04): Get elements  (Line: 83) [browser.py]
INFO (18/12/2024 11:35:04): Window scroll to : Scroll  page -> added text (Line: 46) [base_element.py]
INFO (18/12/2024 11:35:04): Executing JavaScript: window.scrollTo(0, document.body.scrollHeight); with arguments: () (Line: 39) [browser.py]
INFO (18/12/2024 11:35:04): Get elements  (Line: 83) [browser.py]
INFO (18/12/2024 11:35:04): Window scroll to : Scroll  page -> added text (Line: 46) [base_element.py]
INFO (18/12/2024 11:35:04): Executing JavaScript: window.scrollTo(0, document.body.scrollHeight); with arguments: () (Line: 39) [browser.py]
INFO (18/12/2024 11:35:04): Get elements  (Line: 83) [browser.py]
INFO (18/12/2024 11:35:04): Window scroll to : Scroll  page -> added text (Line: 46) [base_element.py]
INFO (18/12/2024 11:35:04): Executing JavaScript: window.scrollTo(0, document.body.scrollHeight); with arguments: () (Line: 39) [browser.py]
INFO (18/12/2024 11:35:04): Get elements  (Line: 83) [browser.py]
INFO (18/12/2024 11:35:04): Window scroll to : Scroll  page -> added text (Line: 46) [base_element.py]
INFO (18/12/2024 11:35:04): Executing JavaScript: window.scrollTo(0, document.body.scrollHeight); with arguments: () (Line: 39) [browser.py]
INFO (18/12/2024 11:35:04): Get elements  (Line: 83) [browser.py]
INFO (18/12/2024 11:35:04): Window scroll to : Scroll  page -> added text (Line: 46) [base_element.py]
INFO (18/12/2024 11:35:04): Executing JavaScript: window.scrollTo(0, document.body.scrollHeight); with arguments: () (Line: 39) [browser.py]
INFO (18/12/2024 11:35:04): Get elements  (Line: 83) [browser.py]
INFO (18/12/2024 11:35:04): Window scroll to : Scroll  page -> added text (Line: 46) [base_element.py]
INFO (18/12/2024 11:35:04): Executing JavaScript: window.scrollTo(0, document.body.scrollHeight); with arguments: () (Line: 39) [browser.py]
INFO (18/12/2024 11:35:04): Get elements  (Line: 83) [browser.py]
INFO (18/12/2024 11:35:04): Window scroll to : Scroll  page -> added text (Line: 46) [base_element.py]
INFO (18/12/2024 11:35:04): Executing JavaScript: window.scrollTo(0, document.body.scrollHeight); with arguments: () (Line: 39) [browser.py]
INFO (18/12/2024 11:35:04): Get elements  (Line: 83) [browser.py]
INFO (18/12/2024 11:35:04): Window scroll to : Scroll  page -> added text (Line: 46) [base_element.py]
INFO (18/12/2024 11:35:04): Executing JavaScript: window.scrollTo(0, document.body.scrollHeight); with arguments: () (Line: 39) [browser.py]
INFO (18/12/2024 11:35:04): Get elements  (Line: 83) [browser.py]
INFO (18/12/2024 11:35:04): Window scroll to : Scroll  page -> added text (Line: 46) [base_element.py]
INFO (18/12/2024 11:35:04): Executing JavaScript: window.scrollTo(0, document.body.scrollHeight); with arguments: () (Line: 39) [browser.py]
INFO (18/12/2024 11:35:04): Get elements  (Line: 83) [browser.py]
INFO (18/12/2024 11:35:04): Window scroll to : Scroll  page -> added text (Line: 46) [base_element.py]
INFO (18/12/2024 11:35:04): Executing JavaScript: window.scrollTo(0, document.body.scrollHeight); with arguments: () (Line: 39) [browser.py]
INFO (18/12/2024 11:35:04): Get elements  (Line: 83) [browser.py]
INFO (18/12/2024 11:35:04): Window scroll to : Scroll  page -> added text (Line: 46) [base_element.py]
INFO (18/12/2024 11:35:04): Executing JavaScript: window.scrollTo(0, document.body.scrollHeight); with arguments: () (Line: 39) [browser.py]
INFO (18/12/2024 11:35:04): Get elements  (Line: 83) [browser.py]
INFO (18/12/2024 11:35:04): Window scroll to : Scroll  page -> added text (Line: 46) [base_element.py]
INFO (18/12/2024 11:35:04): Executing JavaScript: window.scrollTo(0, document.body.scrollHeight); with arguments: () (Line: 39) [browser.py]
INFO (18/12/2024 11:35:04): Get elements  (Line: 83) [browser.py]
INFO (18/12/2024 11:35:04): Window scroll to : Scroll  page -> added text (Line: 46) [base_element.py]
INFO (18/12/2024 11:35:04): Executing JavaScript: window.scrollTo(0, document.body.scrollHeight); with arguments: () (Line: 39) [browser.py]
INFO (18/12/2024 11:35:04): Get elements  (Line: 83) [browser.py]
INFO (18/12/2024 11:35:04): Window scroll to : Scroll  page -> added text (Line: 46) [base_element.py]
INFO (18/12/2024 11:35:04): Executing JavaScript: window.scrollTo(0, document.body.scrollHeight); with arguments: () (Line: 39) [browser.py]
INFO (18/12/2024 11:35:04): Get elements  (Line: 83) [browser.py]
INFO (18/12/2024 11:35:04): Window scroll to : Scroll  page -> added text (Line: 46) [base_element.py]
INFO (18/12/2024 11:35:04): Executing JavaScript: window.scrollTo(0, document.body.scrollHeight); with arguments: () (Line: 39) [browser.py]
INFO (18/12/2024 11:35:04): Get elements  (Line: 83) [browser.py]
INFO (18/12/2024 11:35:04): Window scroll to : Scroll  page -> added text (Line: 46) [base_element.py]
INFO (18/12/2024 11:35:04): Executing JavaScript: window.scrollTo(0, document.body.scrollHeight); with arguments: () (Line: 39) [browser.py]
INFO (18/12/2024 11:35:04): Get elements  (Line: 83) [browser.py]
INFO (18/12/2024 11:35:04): Window scroll to : Scroll  page -> added text (Line: 46) [base_element.py]
INFO (18/12/2024 11:35:04): Executing JavaScript: window.scrollTo(0, document.body.scrollHeight); with arguments: () (Line: 39) [browser.py]
INFO (18/12/2024 11:35:04): Get elements  (Line: 83) [browser.py]
INFO (18/12/2024 11:35:04): Window scroll to : Scroll  page -> added text (Line: 46) [base_element.py]
INFO (18/12/2024 11:35:04): Executing JavaScript: window.scrollTo(0, document.body.scrollHeight); with arguments: () (Line: 39) [browser.py]
INFO (18/12/2024 11:35:04): Get elements  (Line: 83) [browser.py]
INFO (18/12/2024 11:35:04): Window scroll to : Scroll  page -> added text (Line: 46) [base_element.py]
INFO (18/12/2024 11:35:04): Executing JavaScript: window.scrollTo(0, document.body.scrollHeight); with arguments: () (Line: 39) [browser.py]
INFO (18/12/2024 11:35:04): Get elements  (Line: 83) [browser.py]
INFO (18/12/2024 11:35:04): Window scroll to : Scroll  page -> added text (Line: 46) [base_element.py]
INFO (18/12/2024 11:35:04): Executing JavaScript: window.scrollTo(0, document.body.scrollHeight); with arguments: () (Line: 39) [browser.py]
INFO (18/12/2024 11:35:04): Get elements  (Line: 83) [browser.py]
INFO (18/12/2024 11:35:04): Window scroll to : Scroll  page -> added text (Line: 46) [base_element.py]
INFO (18/12/2024 11:35:04): Executing JavaScript: window.scrollTo(0, document.body.scrollHeight); with arguments: () (Line: 39) [browser.py]
INFO (18/12/2024 11:35:04): Get elements  (Line: 83) [browser.py]
INFO (18/12/2024 11:35:04): Window scroll to : Scroll  page -> added text (Line: 46) [base_element.py]
INFO (18/12/2024 11:35:04): Executing JavaScript: window.scrollTo(0, document.body.scrollHeight); with arguments: () (Line: 39) [browser.py]
INFO (18/12/2024 11:35:04): Get elements  (Line: 83) [browser.py]
INFO (18/12/2024 11:35:04): Window scroll to : Scroll  page -> added text (Line: 46) [base_element.py]
INFO (18/12/2024 11:35:04): Executing JavaScript: window.scrollTo(0, document.body.scrollHeight); with arguments: () (Line: 39) [browser.py]
INFO (18/12/2024 11:35:04): Get elements  (Line: 83) [browser.py]
INFO (18/12/2024 11:35:04): Window scroll to : Scroll  page -> added text (Line: 46) [base_element.py]
INFO (18/12/2024 11:35:04): Executing JavaScript: window.scrollTo(0, document.body.scrollHeight); with arguments: () (Line: 39) [browser.py]
INFO (18/12/2024 11:35:04): Get elements  (Line: 83) [browser.py]
INFO (18/12/2024 11:35:04): Window scroll to : Scroll  page -> added text (Line: 46) [base_element.py]
INFO (18/12/2024 11:35:04): Executing JavaScript: window.scrollTo(0, document.body.scrollHeight); with arguments: () (Line: 39) [browser.py]
INFO (18/12/2024 11:35:04): Get elements  (Line: 83) [browser.py]
INFO (18/12/2024 11:35:04): Window scroll to : Scroll  page -> added text (Line: 46) [base_element.py]
INFO (18/12/2024 11:35:04): Executing JavaScript: window.scrollTo(0, document.body.scrollHeight); with arguments: () (Line: 39) [browser.py]
INFO (18/12/2024 11:35:04): Get elements  (Line: 83) [browser.py]
INFO (18/12/2024 11:35:04): Window scroll to : Scroll  page -> added text (Line: 46) [base_element.py]
INFO (18/12/2024 11:35:04): Executing JavaScript: window.scrollTo(0, document.body.scrollHeight); with arguments: () (Line: 39) [browser.py]
INFO (18/12/2024 11:35:04): Get elements  (Line: 83) [browser.py]
INFO (18/12/2024 11:35:04): Window scroll to : Scroll  page -> added text (Line: 46) [base_element.py]
INFO (18/12/2024 11:35:04): Executing JavaScript: window.scrollTo(0, document.body.scrollHeight); with arguments: () (Line: 39) [browser.py]
INFO (18/12/2024 11:35:04): Get elements  (Line: 83) [browser.py]
INFO (18/12/2024 11:35:04): Window scroll to : Scroll  page -> added text (Line: 46) [base_element.py]
INFO (18/12/2024 11:35:04): Executing JavaScript: window.scrollTo(0, document.body.scrollHeight); with arguments: () (Line: 39) [browser.py]
INFO (18/12/2024 11:35:04): Get elements  (Line: 83) [browser.py]
INFO (18/12/2024 11:35:04): Window scroll to : Scroll  page -> added text (Line: 46) [base_element.py]
INFO (18/12/2024 11:35:04): Executing JavaScript: window.scrollTo(0, document.body.scrollHeight); with arguments: () (Line: 39) [browser.py]
INFO (18/12/2024 11:35:04): Get elements  (Line: 83) [browser.py]
INFO (18/12/2024 11:35:04): Window scroll to : Scroll  page -> added text (Line: 46) [base_element.py]
INFO (18/12/2024 11:35:04): Executing JavaScript: window.scrollTo(0, document.body.scrollHeight); with arguments: () (Line: 39) [browser.py]
INFO (18/12/2024 11:35:04): Get elements  (Line: 83) [browser.py]
INFO (18/12/2024 11:35:04): Window scroll to : Scroll  page -> added text (Line: 46) [base_element.py]
INFO (18/12/2024 11:35:04): Executing JavaScript: window.scrollTo(0, document.body.scrollHeight); with arguments: () (Line: 39) [browser.py]
INFO (18/12/2024 11:35:04): Get elements  (Line: 83) [browser.py]
INFO (18/12/2024 11:35:04): Window scroll to : Scroll  page -> added text (Line: 46) [base_element.py]
INFO (18/12/2024 11:35:04): Executing JavaScript: window.scrollTo(0, document.body.scrollHeight); with arguments: () (Line: 39) [browser.py]
INFO (18/12/2024 11:35:04): Get elements  (Line: 83) [browser.py]
INFO (18/12/2024 11:35:04): Window scroll to : Scroll  page -> added text (Line: 46) [base_element.py]
INFO (18/12/2024 11:35:04): Executing JavaScript: window.scrollTo(0, document.body.scrollHeight); with arguments: () (Line: 39) [browser.py]
INFO (18/12/2024 11:35:04): Get elements  (Line: 83) [browser.py]
INFO (18/12/2024 11:35:04): Window scroll to : Scroll  page -> added text (Line: 46) [base_element.py]
INFO (18/12/2024 11:35:04): Executing JavaScript: window.scrollTo(0, document.body.scrollHeight); with arguments: () (Line: 39) [browser.py]
INFO (18/12/2024 11:35:04): Get elements  (Line: 83) [browser.py]
INFO (18/12/2024 11:35:04): Window scroll to : Scroll  page -> added text (Line: 46) [base_element.py]
INFO (18/12/2024 11:35:04): Executing JavaScript: window.scrollTo(0, document.body.scrollHeight); with arguments: () (Line: 39) [browser.py]
INFO (18/12/2024 11:35:04): Get elements  (Line: 83) [browser.py]
INFO (18/12/2024 11:35:04): Window scroll to : Scroll  page -> added text (Line: 46) [base_element.py]
INFO (18/12/2024 11:35:04): Executing JavaScript: window.scrollTo(0, document.body.scrollHeight); with arguments: () (Line: 39) [browser.py]
INFO (18/12/2024 11:35:04): Get elements  (Line: 83) [browser.py]
INFO (18/12/2024 11:35:04): Window scroll to : Scroll  page -> added text (Line: 46) [base_element.py]
INFO (18/12/2024 11:35:04): Executing JavaScript: window.scrollTo(0, document.body.scrollHeight); with arguments: () (Line: 39) [browser.py]
INFO (18/12/2024 11:35:04): Get elements  (Line: 83) [browser.py]
INFO (18/12/2024 11:35:04): Window scroll to : Scroll  page -> added text (Line: 46) [base_element.py]
INFO (18/12/2024 11:35:04): Executing JavaScript: window.scrollTo(0, document.body.scrollHeight); with arguments: () (Line: 39) [browser.py]
INFO (18/12/2024 11:35:04): Get elements  (Line: 83) [browser.py]
INFO (18/12/2024 11:35:04): Window scroll to : Scroll  page -> added text (Line: 46) [base_element.py]
INFO (18/12/2024 11:35:04): Executing JavaScript: window.scrollTo(0, document.body.scrollHeight); with arguments: () (Line: 39) [browser.py]
INFO (18/12/2024 11:35:04): Get elements  (Line: 83) [browser.py]
INFO (18/12/2024 11:35:04): Window scroll to : Scroll  page -> added text (Line: 46) [base_element.py]
INFO (18/12/2024 11:35:04): Executing JavaScript: window.scrollTo(0, document.body.scrollHeight); with arguments: () (Line: 39) [browser.py]
INFO (18/12/2024 11:35:04): Get elements  (Line: 83) [browser.py]
INFO (18/12/2024 11:35:04): Window scroll to : Scroll  page -> added text (Line: 46) [base_element.py]
INFO (18/12/2024 11:35:04): Executing JavaScript: window.scrollTo(0, document.body.scrollHeight); with arguments: () (Line: 39) [browser.py]
INFO (18/12/2024 11:35:04): Get elements  (Line: 83) [browser.py]
INFO (18/12/2024 11:35:04): Window scroll to : Scroll  page -> added text (Line: 46) [base_element.py]
INFO (18/12/2024 11:35:04): Executing JavaScript: window.scrollTo(0, document.body.scrollHeight); with arguments: () (Line: 39) [browser.py]
INFO (18/12/2024 11:35:04): Get elements  (Line: 83) [browser.py]
INFO (18/12/2024 11:35:04): Window scroll to : Scroll  page -> added text (Line: 46) [base_element.py]
INFO (18/12/2024 11:35:04): Executing JavaScript: window.scrollTo(0, document.body.scrollHeight); with arguments: () (Line: 39) [browser.py]
INFO (18/12/2024 11:35:04): Get elements  (Line: 83) [browser.py]
INFO (18/12/2024 11:35:04): Window scroll to : Scroll  page -> added text (Line: 46) [base_element.py]
INFO (18/12/2024 11:35:04): Executing JavaScript: window.scrollTo(0, document.body.scrollHeight); with arguments: () (Line: 39) [browser.py]
INFO (18/12/2024 11:35:04): Get elements  (Line: 83) [browser.py]
INFO (18/12/2024 11:35:04): Window scroll to : Scroll  page -> added text (Line: 46) [base_element.py]
INFO (18/12/2024 11:35:04): Executing JavaScript: window.scrollTo(0, document.body.scrollHeight); with arguments: () (Line: 39) [browser.py]
INFO (18/12/2024 11:35:04): Get elements  (Line: 83) [browser.py]
INFO (18/12/2024 11:35:04): Window scroll to : Scroll  page -> added text (Line: 46) [base_element.py]
INFO (18/12/2024 11:35:04): Executing JavaScript: window.scrollTo(0, document.body.scrollHeight); with arguments: () (Line: 39) [browser.py]
INFO (18/12/2024 11:35:04): Get elements  (Line: 83) [browser.py]
INFO (18/12/2024 11:35:04): Window scroll to : Scroll  page -> added text (Line: 46) [base_element.py]
INFO (18/12/2024 11:35:04): Executing JavaScript: window.scrollTo(0, document.body.scrollHeight); with arguments: () (Line: 39) [browser.py]
INFO (18/12/2024 11:35:04): Get elements  (Line: 83) [browser.py]
INFO (18/12/2024 11:35:04): Window scroll to : Scroll  page -> added text (Line: 46) [base_element.py]
INFO (18/12/2024 11:35:04): Executing JavaScript: window.scrollTo(0, document.body.scrollHeight); with arguments: () (Line: 39) [browser.py]
INFO (18/12/2024 11:35:04): Get elements  (Line: 83) [browser.py]
INFO (18/12/2024 11:35:04): Window scroll to : Scroll  page -> added text (Line: 46) [base_element.py]
INFO (18/12/2024 11:35:04): Executing JavaScript: window.scrollTo(0, document.body.scrollHeight); with arguments: () (Line: 39) [browser.py]
INFO (18/12/2024 11:35:04): Get elements  (Line: 83) [browser.py]
INFO (18/12/2024 11:35:04): Window scroll to : Scroll  page -> added text (Line: 46) [base_element.py]
INFO (18/12/2024 11:35:04): Executing JavaScript: window.scrollTo(0, document.body.scrollHeight); with arguments: () (Line: 39) [browser.py]
INFO (18/12/2024 11:35:04): Get elements  (Line: 83) [browser.py]
INFO (18/12/2024 11:35:04): Window scroll to : Scroll  page -> added text (Line: 46) [base_element.py]
INFO (18/12/2024 11:35:04): Executing JavaScript: window.scrollTo(0, document.body.scrollHeight); with arguments: () (Line: 39) [browser.py]
INFO (18/12/2024 11:35:04): Get elements  (Line: 83) [browser.py]
INFO (18/12/2024 11:35:04): Window scroll to : Scroll  page -> added text (Line: 46) [base_element.py]
INFO (18/12/2024 11:35:04): Executing JavaScript: window.scrollTo(0, document.body.scrollHeight); with arguments: () (Line: 39) [browser.py]
INFO (18/12/2024 11:35:04): Get elements  (Line: 83) [browser.py]
INFO (18/12/2024 11:35:04): Window scroll to : Scroll  page -> added text (Line: 46) [base_element.py]
INFO (18/12/2024 11:35:04): Executing JavaScript: window.scrollTo(0, document.body.scrollHeight); with arguments: () (Line: 39) [browser.py]
INFO (18/12/2024 11:35:04): Get elements  (Line: 83) [browser.py]
INFO (18/12/2024 11:35:04): Window scroll to : Scroll  page -> added text (Line: 46) [base_element.py]
INFO (18/12/2024 11:35:04): Executing JavaScript: window.scrollTo(0, document.body.scrollHeight); with arguments: () (Line: 39) [browser.py]
INFO (18/12/2024 11:35:04): Get elements  (Line: 83) [browser.py]
INFO (18/12/2024 11:35:04): Window scroll to : Scroll  page -> added text (Line: 46) [base_element.py]
INFO (18/12/2024 11:35:04): Executing JavaScript: window.scrollTo(0, document.body.scrollHeight); with arguments: () (Line: 39) [browser.py]
INFO (18/12/2024 11:35:04): Get elements  (Line: 83) [browser.py]
INFO (18/12/2024 11:35:04): Window scroll to : Scroll  page -> added text (Line: 46) [base_element.py]
INFO (18/12/2024 11:35:04): Executing JavaScript: window.scrollTo(0, document.body.scrollHeight); with arguments: () (Line: 39) [browser.py]
INFO (18/12/2024 11:35:04): Get elements  (Line: 83) [browser.py]
INFO (18/12/2024 11:35:04): Window scroll to : Scroll  page -> added text (Line: 46) [base_element.py]
INFO (18/12/2024 11:35:04): Executing JavaScript: window.scrollTo(0, document.body.scrollHeight); with arguments: () (Line: 39) [browser.py]
INFO (18/12/2024 11:35:04): Get elements  (Line: 83) [browser.py]
INFO (18/12/2024 11:35:04): Window scroll to : Scroll  page -> added text (Line: 46) [base_element.py]
INFO (18/12/2024 11:35:04): Executing JavaScript: window.scrollTo(0, document.body.scrollHeight); with arguments: () (Line: 39) [browser.py]
INFO (18/12/2024 11:35:04): Get elements  (Line: 83) [browser.py]
INFO (18/12/2024 11:35:04): Window scroll to : Scroll  page -> added text (Line: 46) [base_element.py]
INFO (18/12/2024 11:35:04): Executing JavaScript: window.scrollTo(0, document.body.scrollHeight); with arguments: () (Line: 39) [browser.py]
INFO (18/12/2024 11:35:04): Get elements  (Line: 83) [browser.py]
INFO (18/12/2024 11:35:04): Window scroll to : Scroll  page -> added text (Line: 46) [base_element.py]
INFO (18/12/2024 11:35:04): Executing JavaScript: window.scrollTo(0, document.body.scrollHeight); with arguments: () (Line: 39) [browser.py]
INFO (18/12/2024 11:35:04): Get elements  (Line: 83) [browser.py]
INFO (18/12/2024 11:35:04): Window scroll to : Scroll  page -> added text (Line: 46) [base_element.py]
INFO (18/12/2024 11:35:04): Executing JavaScript: window.scrollTo(0, document.body.scrollHeight); with arguments: () (Line: 39) [browser.py]
INFO (18/12/2024 11:35:04): Get elements  (Line: 83) [browser.py]
INFO (18/12/2024 11:35:04): Window scroll to : Scroll  page -> added text (Line: 46) [base_element.py]
INFO (18/12/2024 11:35:04): Executing JavaScript: window.scrollTo(0, document.body.scrollHeight); with arguments: () (Line: 39) [browser.py]
INFO (18/12/2024 11:35:04): Get elements  (Line: 83) [browser.py]
INFO (18/12/2024 11:35:04): Window scroll to : Scroll  page -> added text (Line: 46) [base_element.py]
INFO (18/12/2024 11:35:04): Executing JavaScript: window.scrollTo(0, document.body.scrollHeight); with arguments: () (Line: 39) [browser.py]
INFO (18/12/2024 11:35:04): Get elements  (Line: 83) [browser.py]
INFO (18/12/2024 11:35:04): Window scroll to : Scroll  page -> added text (Line: 46) [base_element.py]
INFO (18/12/2024 11:35:04): Executing JavaScript: window.scrollTo(0, document.body.scrollHeight); with arguments: () (Line: 39) [browser.py]
INFO (18/12/2024 11:35:04): Get elements  (Line: 83) [browser.py]
INFO (18/12/2024 11:35:04): Window scroll to : Scroll  page -> added text (Line: 46) [base_element.py]
INFO (18/12/2024 11:35:04): Executing JavaScript: window.scrollTo(0, document.body.scrollHeight); with arguments: () (Line: 39) [browser.py]
INFO (18/12/2024 11:35:04): Get elements  (Line: 83) [browser.py]
INFO (18/12/2024 11:35:04): Window scroll to : Scroll  page -> added text (Line: 46) [base_element.py]
INFO (18/12/2024 11:35:04): Executing JavaScript: window.scrollTo(0, document.body.scrollHeight); with arguments: () (Line: 39) [browser.py]
INFO (18/12/2024 11:35:04): Get elements  (Line: 83) [browser.py]
INFO (18/12/2024 11:35:04): Window scroll to : Scroll  page -> added text (Line: 46) [base_element.py]
INFO (18/12/2024 11:35:04): Executing JavaScript: window.scrollTo(0, document.body.scrollHeight); with arguments: () (Line: 39) [browser.py]
INFO (18/12/2024 11:35:04): Get elements  (Line: 83) [browser.py]
INFO (18/12/2024 11:35:04): Window scroll to : Scroll  page -> added text (Line: 46) [base_element.py]
INFO (18/12/2024 11:35:04): Executing JavaScript: window.scrollTo(0, document.body.scrollHeight); with arguments: () (Line: 39) [browser.py]
INFO (18/12/2024 11:35:04): Get elements  (Line: 83) [browser.py]
INFO (18/12/2024 11:35:04): Window scroll to : Scroll  page -> added text (Line: 46) [base_element.py]
INFO (18/12/2024 11:35:04): Executing JavaScript: window.scrollTo(0, document.body.scrollHeight); with arguments: () (Line: 39) [browser.py]
INFO (18/12/2024 11:35:04): Get elements  (Line: 83) [browser.py]
INFO (18/12/2024 11:35:04): Window scroll to : Scroll  page -> added text (Line: 46) [base_element.py]
INFO (18/12/2024 11:35:04): Executing JavaScript: window.scrollTo(0, document.body.scrollHeight); with arguments: () (Line: 39) [browser.py]
INFO (18/12/2024 11:35:04): Get elements  (Line: 83) [browser.py]
INFO (18/12/2024 11:35:04): Window scroll to : Scroll  page -> added text (Line: 46) [base_element.py]
INFO (18/12/2024 11:35:04): Executing JavaScript: window.scrollTo(0, document.body.scrollHeight); with arguments: () (Line: 39) [browser.py]
INFO (18/12/2024 11:35:04): Get elements  (Line: 83) [browser.py]
INFO (18/12/2024 11:35:05): Window scroll to : Scroll  page -> added text (Line: 46) [base_element.py]
INFO (18/12/2024 11:35:05): Executing JavaScript: window.scrollTo(0, document.body.scrollHeight); with arguments: () (Line: 39) [browser.py]
INFO (18/12/2024 11:35:05): Get elements  (Line: 83) [browser.py]
INFO (18/12/2024 11:35:05): Window scroll to : Scroll  page -> added text (Line: 46) [base_element.py]
INFO (18/12/2024 11:35:05): Executing JavaScript: window.scrollTo(0, document.body.scrollHeight); with arguments: () (Line: 39) [browser.py]
INFO (18/12/2024 11:35:05): Get elements  (Line: 83) [browser.py]
INFO (18/12/2024 11:35:05): Window scroll to : Scroll  page -> added text (Line: 46) [base_element.py]
INFO (18/12/2024 11:35:05): Executing JavaScript: window.scrollTo(0, document.body.scrollHeight); with arguments: () (Line: 39) [browser.py]
INFO (18/12/2024 11:35:05): Get elements  (Line: 83) [browser.py]
INFO (18/12/2024 11:35:05): Window scroll to : Scroll  page -> added text (Line: 46) [base_element.py]
INFO (18/12/2024 11:35:05): Executing JavaScript: window.scrollTo(0, document.body.scrollHeight); with arguments: () (Line: 39) [browser.py]
INFO (18/12/2024 11:35:05): Get elements  (Line: 83) [browser.py]
INFO (18/12/2024 11:35:05): Window scroll to : Scroll  page -> added text (Line: 46) [base_element.py]
INFO (18/12/2024 11:35:05): Executing JavaScript: window.scrollTo(0, document.body.scrollHeight); with arguments: () (Line: 39) [browser.py]
INFO (18/12/2024 11:35:05): Get elements  (Line: 83) [browser.py]
INFO (18/12/2024 11:35:05): Window scroll to : Scroll  page -> added text (Line: 46) [base_element.py]
INFO (18/12/2024 11:35:05): Executing JavaScript: window.scrollTo(0, document.body.scrollHeight); with arguments: () (Line: 39) [browser.py]
INFO (18/12/2024 11:35:05): Get elements  (Line: 83) [browser.py]
INFO (18/12/2024 11:35:05): Window scroll to : Scroll  page -> added text (Line: 46) [base_element.py]
INFO (18/12/2024 11:35:05): Executing JavaScript: window.scrollTo(0, document.body.scrollHeight); with arguments: () (Line: 39) [browser.py]
INFO (18/12/2024 11:35:05): Get elements  (Line: 83) [browser.py]
INFO (18/12/2024 11:35:05): Window scroll to : Scroll  page -> added text (Line: 46) [base_element.py]
INFO (18/12/2024 11:35:05): Executing JavaScript: window.scrollTo(0, document.body.scrollHeight); with arguments: () (Line: 39) [browser.py]
INFO (18/12/2024 11:35:05): Get elements  (Line: 83) [browser.py]
INFO (18/12/2024 11:35:05): Window scroll to : Scroll  page -> added text (Line: 46) [base_element.py]
INFO (18/12/2024 11:35:05): Executing JavaScript: window.scrollTo(0, document.body.scrollHeight); with arguments: () (Line: 39) [browser.py]
INFO (18/12/2024 11:35:05): Get elements  (Line: 83) [browser.py]
INFO (18/12/2024 11:35:05): Window scroll to : Scroll  page -> added text (Line: 46) [base_element.py]
INFO (18/12/2024 11:35:05): Executing JavaScript: window.scrollTo(0, document.body.scrollHeight); with arguments: () (Line: 39) [browser.py]
INFO (18/12/2024 11:35:05): Get elements  (Line: 83) [browser.py]
INFO (18/12/2024 11:35:05): Window scroll to : Scroll  page -> added text (Line: 46) [base_element.py]
INFO (18/12/2024 11:35:05): Executing JavaScript: window.scrollTo(0, document.body.scrollHeight); with arguments: () (Line: 39) [browser.py]
INFO (18/12/2024 11:35:05): Get elements  (Line: 83) [browser.py]
INFO (18/12/2024 11:35:05): Window scroll to : Scroll  page -> added text (Line: 46) [base_element.py]
INFO (18/12/2024 11:35:05): Executing JavaScript: window.scrollTo(0, document.body.scrollHeight); with arguments: () (Line: 39) [browser.py]
INFO (18/12/2024 11:35:05): Get elements  (Line: 83) [browser.py]
INFO (18/12/2024 11:35:05): Window scroll to : Scroll  page -> added text (Line: 46) [base_element.py]
INFO (18/12/2024 11:35:05): Executing JavaScript: window.scrollTo(0, document.body.scrollHeight); with arguments: () (Line: 39) [browser.py]
INFO (18/12/2024 11:35:05): Get elements  (Line: 83) [browser.py]
INFO (18/12/2024 11:35:05): Window scroll to : Scroll  page -> added text (Line: 46) [base_element.py]
INFO (18/12/2024 11:35:05): Executing JavaScript: window.scrollTo(0, document.body.scrollHeight); with arguments: () (Line: 39) [browser.py]
INFO (18/12/2024 11:35:05): Get elements  (Line: 83) [browser.py]
INFO (18/12/2024 11:35:05): Window scroll to : Scroll  page -> added text (Line: 46) [base_element.py]
INFO (18/12/2024 11:35:05): Executing JavaScript: window.scrollTo(0, document.body.scrollHeight); with arguments: () (Line: 39) [browser.py]
INFO (18/12/2024 11:35:05): Get elements  (Line: 83) [browser.py]
INFO (18/12/2024 11:35:05): Window scroll to : Scroll  page -> added text (Line: 46) [base_element.py]
INFO (18/12/2024 11:35:05): Executing JavaScript: window.scrollTo(0, document.body.scrollHeight); with arguments: () (Line: 39) [browser.py]
INFO (18/12/2024 11:35:05): Get elements  (Line: 83) [browser.py]
INFO (18/12/2024 11:35:05): Window scroll to : Scroll  page -> added text (Line: 46) [base_element.py]
INFO (18/12/2024 11:35:05): Executing JavaScript: window.scrollTo(0, document.body.scrollHeight); with arguments: () (Line: 39) [browser.py]
INFO (18/12/2024 11:35:05): Get elements  (Line: 83) [browser.py]
INFO (18/12/2024 11:35:05): Window scroll to : Scroll  page -> added text (Line: 46) [base_element.py]
INFO (18/12/2024 11:35:05): Executing JavaScript: window.scrollTo(0, document.body.scrollHeight); with arguments: () (Line: 39) [browser.py]
INFO (18/12/2024 11:35:05): Get elements  (Line: 83) [browser.py]
INFO (18/12/2024 11:35:05): Window scroll to : Scroll  page -> added text (Line: 46) [base_element.py]
INFO (18/12/2024 11:35:05): Executing JavaScript: window.scrollTo(0, document.body.scrollHeight); with arguments: () (Line: 39) [browser.py]
INFO (18/12/2024 11:35:05): Get elements  (Line: 83) [browser.py]
INFO (18/12/2024 11:35:05): Window scroll to : Scroll  page -> added text (Line: 46) [base_element.py]
INFO (18/12/2024 11:35:05): Executing JavaScript: window.scrollTo(0, document.body.scrollHeight); with arguments: () (Line: 39) [browser.py]
INFO (18/12/2024 11:35:05): Get elements  (Line: 83) [browser.py]
INFO (18/12/2024 11:35:05): Window scroll to : Scroll  page -> added text (Line: 46) [base_element.py]
INFO (18/12/2024 11:35:05): Executing JavaScript: window.scrollTo(0, document.body.scrollHeight); with arguments: () (Line: 39) [browser.py]
INFO (18/12/2024 11:35:05): Get elements  (Line: 83) [browser.py]
INFO (18/12/2024 11:35:05): Window scroll to : Scroll  page -> added text (Line: 46) [base_element.py]
INFO (18/12/2024 11:35:05): Executing JavaScript: window.scrollTo(0, document.body.scrollHeight); with arguments: () (Line: 39) [browser.py]
INFO (18/12/2024 11:35:05): Get elements  (Line: 83) [browser.py]
INFO (18/12/2024 11:35:05): Window scroll to : Scroll  page -> added text (Line: 46) [base_element.py]
INFO (18/12/2024 11:35:05): Executing JavaScript: window.scrollTo(0, document.body.scrollHeight); with arguments: () (Line: 39) [browser.py]
INFO (18/12/2024 11:35:05): Get elements  (Line: 83) [browser.py]
INFO (18/12/2024 11:35:05): Window scroll to : Scroll  page -> added text (Line: 46) [base_element.py]
INFO (18/12/2024 11:35:05): Executing JavaScript: window.scrollTo(0, document.body.scrollHeight); with arguments: () (Line: 39) [browser.py]
INFO (18/12/2024 11:35:05): Get elements  (Line: 83) [browser.py]
INFO (18/12/2024 11:35:05): Window scroll to : Scroll  page -> added text (Line: 46) [base_element.py]
INFO (18/12/2024 11:35:05): Executing JavaScript: window.scrollTo(0, document.body.scrollHeight); with arguments: () (Line: 39) [browser.py]
INFO (18/12/2024 11:35:05): Get elements  (Line: 83) [browser.py]
INFO (18/12/2024 11:35:05): Window scroll to : Scroll  page -> added text (Line: 46) [base_element.py]
INFO (18/12/2024 11:35:05): Executing JavaScript: window.scrollTo(0, document.body.scrollHeight); with arguments: () (Line: 39) [browser.py]
INFO (18/12/2024 11:35:05): Get elements  (Line: 83) [browser.py]
INFO (18/12/2024 11:35:05): Window scroll to : Scroll  page -> added text (Line: 46) [base_element.py]
INFO (18/12/2024 11:35:05): Executing JavaScript: window.scrollTo(0, document.body.scrollHeight); with arguments: () (Line: 39) [browser.py]
INFO (18/12/2024 11:35:05): Get elements  (Line: 83) [browser.py]
INFO (18/12/2024 11:35:05): Window scroll to : Scroll  page -> added text (Line: 46) [base_element.py]
INFO (18/12/2024 11:35:05): Executing JavaScript: window.scrollTo(0, document.body.scrollHeight); with arguments: () (Line: 39) [browser.py]
INFO (18/12/2024 11:35:05): Get elements  (Line: 83) [browser.py]
INFO (18/12/2024 11:35:05): Window scroll to : Scroll  page -> added text (Line: 46) [base_element.py]
INFO (18/12/2024 11:35:05): Executing JavaScript: window.scrollTo(0, document.body.scrollHeight); with arguments: () (Line: 39) [browser.py]
INFO (18/12/2024 11:35:05): Get elements  (Line: 83) [browser.py]
INFO (18/12/2024 11:35:05): Window scroll to : Scroll  page -> added text (Line: 46) [base_element.py]
INFO (18/12/2024 11:35:05): Executing JavaScript: window.scrollTo(0, document.body.scrollHeight); with arguments: () (Line: 39) [browser.py]
INFO (18/12/2024 11:35:05): Get elements  (Line: 83) [browser.py]
INFO (18/12/2024 11:35:05): Window scroll to : Scroll  page -> added text (Line: 46) [base_element.py]
INFO (18/12/2024 11:35:05): Executing JavaScript: window.scrollTo(0, document.body.scrollHeight); with arguments: () (Line: 39) [browser.py]
INFO (18/12/2024 11:35:05): Get elements  (Line: 83) [browser.py]
INFO (18/12/2024 11:35:05): Window scroll to : Scroll  page -> added text (Line: 46) [base_element.py]
INFO (18/12/2024 11:35:05): Executing JavaScript: window.scrollTo(0, document.body.scrollHeight); with arguments: () (Line: 39) [browser.py]
INFO (18/12/2024 11:35:05): Get elements  (Line: 83) [browser.py]
INFO (18/12/2024 11:35:05): Window scroll to : Scroll  page -> added text (Line: 46) [base_element.py]
INFO (18/12/2024 11:35:05): Executing JavaScript: window.scrollTo(0, document.body.scrollHeight); with arguments: () (Line: 39) [browser.py]
INFO (18/12/2024 11:35:05): Get elements  (Line: 83) [browser.py]
INFO (18/12/2024 11:35:05): Window scroll to : Scroll  page -> added text (Line: 46) [base_element.py]
INFO (18/12/2024 11:35:05): Executing JavaScript: window.scrollTo(0, document.body.scrollHeight); with arguments: () (Line: 39) [browser.py]
INFO (18/12/2024 11:35:05): Get elements  (Line: 83) [browser.py]
INFO (18/12/2024 11:35:05): Window scroll to : Scroll  page -> added text (Line: 46) [base_element.py]
INFO (18/12/2024 11:35:05): Executing JavaScript: window.scrollTo(0, document.body.scrollHeight); with arguments: () (Line: 39) [browser.py]
INFO (18/12/2024 11:35:05): Get elements  (Line: 83) [browser.py]
INFO (18/12/2024 11:35:05): Window scroll to : Scroll  page -> added text (Line: 46) [base_element.py]
INFO (18/12/2024 11:35:05): Executing JavaScript: window.scrollTo(0, document.body.scrollHeight); with arguments: () (Line: 39) [browser.py]
INFO (18/12/2024 11:35:05): Get elements  (Line: 83) [browser.py]
INFO (18/12/2024 11:35:05): Window scroll to : Scroll  page -> added text (Line: 46) [base_element.py]
INFO (18/12/2024 11:35:05): Executing JavaScript: window.scrollTo(0, document.body.scrollHeight); with arguments: () (Line: 39) [browser.py]
INFO (18/12/2024 11:35:05): Get elements  (Line: 83) [browser.py]
INFO (18/12/2024 11:35:05): Window scroll to : Scroll  page -> added text (Line: 46) [base_element.py]
INFO (18/12/2024 11:35:05): Executing JavaScript: window.scrollTo(0, document.body.scrollHeight); with arguments: () (Line: 39) [browser.py]
INFO (18/12/2024 11:35:05): Get elements  (Line: 83) [browser.py]
INFO (18/12/2024 11:35:05): Window scroll to : Scroll  page -> added text (Line: 46) [base_element.py]
INFO (18/12/2024 11:35:05): Executing JavaScript: window.scrollTo(0, document.body.scrollHeight); with arguments: () (Line: 39) [browser.py]
INFO (18/12/2024 11:35:05): Get elements  (Line: 83) [browser.py]
INFO (18/12/2024 11:35:05): Window scroll to : Scroll  page -> added text (Line: 46) [base_element.py]
INFO (18/12/2024 11:35:05): Executing JavaScript: window.scrollTo(0, document.body.scrollHeight); with arguments: () (Line: 39) [browser.py]
INFO (18/12/2024 11:35:05): Get elements  (Line: 83) [browser.py]
INFO (18/12/2024 11:35:05): Window scroll to : Scroll  page -> added text (Line: 46) [base_element.py]
INFO (18/12/2024 11:35:05): Executing JavaScript: window.scrollTo(0, document.body.scrollHeight); with arguments: () (Line: 39) [browser.py]
INFO (18/12/2024 11:35:05): Get elements  (Line: 83) [browser.py]
INFO (18/12/2024 11:35:05): Window scroll to : Scroll  page -> added text (Line: 46) [base_element.py]
INFO (18/12/2024 11:35:05): Executing JavaScript: window.scrollTo(0, document.body.scrollHeight); with arguments: () (Line: 39) [browser.py]
INFO (18/12/2024 11:35:05): Get elements  (Line: 83) [browser.py]
INFO (18/12/2024 11:35:05): Window scroll to : Scroll  page -> added text (Line: 46) [base_element.py]
INFO (18/12/2024 11:35:05): Executing JavaScript: window.scrollTo(0, document.body.scrollHeight); with arguments: () (Line: 39) [browser.py]
INFO (18/12/2024 11:35:05): Get elements  (Line: 83) [browser.py]
INFO (18/12/2024 11:35:05): Window scroll to : Scroll  page -> added text (Line: 46) [base_element.py]
INFO (18/12/2024 11:35:05): Executing JavaScript: window.scrollTo(0, document.body.scrollHeight); with arguments: () (Line: 39) [browser.py]
INFO (18/12/2024 11:35:05): Get elements  (Line: 83) [browser.py]
INFO (18/12/2024 11:35:05): Window scroll to : Scroll  page -> added text (Line: 46) [base_element.py]
INFO (18/12/2024 11:35:05): Executing JavaScript: window.scrollTo(0, document.body.scrollHeight); with arguments: () (Line: 39) [browser.py]
INFO (18/12/2024 11:35:05): Get elements  (Line: 83) [browser.py]
INFO (18/12/2024 11:35:05): Window scroll to : Scroll  page -> added text (Line: 46) [base_element.py]
INFO (18/12/2024 11:35:05): Executing JavaScript: window.scrollTo(0, document.body.scrollHeight); with arguments: () (Line: 39) [browser.py]
INFO (18/12/2024 11:35:05): Get elements  (Line: 83) [browser.py]
INFO (18/12/2024 11:35:05): Window scroll to : Scroll  page -> added text (Line: 46) [base_element.py]
INFO (18/12/2024 11:35:05): Executing JavaScript: window.scrollTo(0, document.body.scrollHeight); with arguments: () (Line: 39) [browser.py]
INFO (18/12/2024 11:35:05): Get elements  (Line: 83) [browser.py]
INFO (18/12/2024 11:35:05): Window scroll to : Scroll  page -> added text (Line: 46) [base_element.py]
INFO (18/12/2024 11:35:05): Executing JavaScript: window.scrollTo(0, document.body.scrollHeight); with arguments: () (Line: 39) [browser.py]
INFO (18/12/2024 11:35:05): Get elements  (Line: 83) [browser.py]
INFO (18/12/2024 11:35:05): Window scroll to : Scroll  page -> added text (Line: 46) [base_element.py]
INFO (18/12/2024 11:35:05): Executing JavaScript: window.scrollTo(0, document.body.scrollHeight); with arguments: () (Line: 39) [browser.py]
INFO (18/12/2024 11:35:05): Get elements  (Line: 83) [browser.py]
INFO (18/12/2024 11:35:05): Window scroll to : Scroll  page -> added text (Line: 46) [base_element.py]
INFO (18/12/2024 11:35:05): Executing JavaScript: window.scrollTo(0, document.body.scrollHeight); with arguments: () (Line: 39) [browser.py]
INFO (18/12/2024 11:35:05): Get elements  (Line: 83) [browser.py]
INFO (18/12/2024 11:35:05): Window scroll to : Scroll  page -> added text (Line: 46) [base_element.py]
INFO (18/12/2024 11:35:05): Executing JavaScript: window.scrollTo(0, document.body.scrollHeight); with arguments: () (Line: 39) [browser.py]
INFO (18/12/2024 11:35:05): Get elements  (Line: 83) [browser.py]
INFO (18/12/2024 11:35:05): Window scroll to : Scroll  page -> added text (Line: 46) [base_element.py]
INFO (18/12/2024 11:35:05): Executing JavaScript: window.scrollTo(0, document.body.scrollHeight); with arguments: () (Line: 39) [browser.py]
INFO (18/12/2024 11:35:05): Get elements  (Line: 83) [browser.py]
INFO (18/12/2024 11:35:05): Window scroll to : Scroll  page -> added text (Line: 46) [base_element.py]
INFO (18/12/2024 11:35:05): Executing JavaScript: window.scrollTo(0, document.body.scrollHeight); with arguments: () (Line: 39) [browser.py]
INFO (18/12/2024 11:35:05): Get elements  (Line: 83) [browser.py]
INFO (18/12/2024 11:35:05): Window scroll to : Scroll  page -> added text (Line: 46) [base_element.py]
INFO (18/12/2024 11:35:05): Executing JavaScript: window.scrollTo(0, document.body.scrollHeight); with arguments: () (Line: 39) [browser.py]
INFO (18/12/2024 11:35:05): Get elements  (Line: 83) [browser.py]
INFO (18/12/2024 11:35:05): Window scroll to : Scroll  page -> added text (Line: 46) [base_element.py]
INFO (18/12/2024 11:35:05): Executing JavaScript: window.scrollTo(0, document.body.scrollHeight); with arguments: () (Line: 39) [browser.py]
INFO (18/12/2024 11:35:05): Get elements  (Line: 83) [browser.py]
INFO (18/12/2024 11:35:05): Window scroll to : Scroll  page -> added text (Line: 46) [base_element.py]
INFO (18/12/2024 11:35:05): Executing JavaScript: window.scrollTo(0, document.body.scrollHeight); with arguments: () (Line: 39) [browser.py]
INFO (18/12/2024 11:35:05): Get elements  (Line: 83) [browser.py]
INFO (18/12/2024 11:35:05): Window scroll to : Scroll  page -> added text (Line: 46) [base_element.py]
INFO (18/12/2024 11:35:05): Executing JavaScript: window.scrollTo(0, document.body.scrollHeight); with arguments: () (Line: 39) [browser.py]
INFO (18/12/2024 11:35:05): Get elements  (Line: 83) [browser.py]
INFO (18/12/2024 11:35:05): Window scroll to : Scroll  page -> added text (Line: 46) [base_element.py]
INFO (18/12/2024 11:35:05): Executing JavaScript: window.scrollTo(0, document.body.scrollHeight); with arguments: () (Line: 39) [browser.py]
INFO (18/12/2024 11:35:05): Get elements  (Line: 83) [browser.py]
INFO (18/12/2024 11:35:05): Window scroll to : Scroll  page -> added text (Line: 46) [base_element.py]
INFO (18/12/2024 11:35:05): Executing JavaScript: window.scrollTo(0, document.body.scrollHeight); with arguments: () (Line: 39) [browser.py]
INFO (18/12/2024 11:35:05): Get elements  (Line: 83) [browser.py]
INFO (18/12/2024 11:35:05): Window scroll to : Scroll  page -> added text (Line: 46) [base_element.py]
INFO (18/12/2024 11:35:05): Executing JavaScript: window.scrollTo(0, document.body.scrollHeight); with arguments: () (Line: 39) [browser.py]
INFO (18/12/2024 11:35:05): Get elements  (Line: 83) [browser.py]
INFO (18/12/2024 11:35:05): Window scroll to : Scroll  page -> added text (Line: 46) [base_element.py]
INFO (18/12/2024 11:35:05): Executing JavaScript: window.scrollTo(0, document.body.scrollHeight); with arguments: () (Line: 39) [browser.py]
INFO (18/12/2024 11:35:05): Get elements  (Line: 83) [browser.py]
INFO (18/12/2024 11:35:05): Window scroll to : Scroll  page -> added text (Line: 46) [base_element.py]
INFO (18/12/2024 11:35:05): Executing JavaScript: window.scrollTo(0, document.body.scrollHeight); with arguments: () (Line: 39) [browser.py]
INFO (18/12/2024 11:35:05): Get elements  (Line: 83) [browser.py]
INFO (18/12/2024 11:35:05): Window scroll to : Scroll  page -> added text (Line: 46) [base_element.py]
INFO (18/12/2024 11:35:05): Executing JavaScript: window.scrollTo(0, document.body.scrollHeight); with arguments: () (Line: 39) [browser.py]
INFO (18/12/2024 11:35:05): Get elements  (Line: 83) [browser.py]
INFO (18/12/2024 11:35:05): Window scroll to : Scroll  page -> added text (Line: 46) [base_element.py]
INFO (18/12/2024 11:35:05): Executing JavaScript: window.scrollTo(0, document.body.scrollHeight); with arguments: () (Line: 39) [browser.py]
INFO (18/12/2024 11:35:05): Get elements  (Line: 83) [browser.py]
INFO (18/12/2024 11:35:05): Window scroll to : Scroll  page -> added text (Line: 46) [base_element.py]
INFO (18/12/2024 11:35:05): Executing JavaScript: window.scrollTo(0, document.body.scrollHeight); with arguments: () (Line: 39) [browser.py]
INFO (18/12/2024 11:35:05): Get elements  (Line: 83) [browser.py]
INFO (18/12/2024 11:35:05): Window scroll to : Scroll  page -> added text (Line: 46) [base_element.py]
INFO (18/12/2024 11:35:05): Executing JavaScript: window.scrollTo(0, document.body.scrollHeight); with arguments: () (Line: 39) [browser.py]
INFO (18/12/2024 11:35:05): Get elements  (Line: 83) [browser.py]
INFO (18/12/2024 11:35:05): Window scroll to : Scroll  page -> added text (Line: 46) [base_element.py]
INFO (18/12/2024 11:35:05): Executing JavaScript: window.scrollTo(0, document.body.scrollHeight); with arguments: () (Line: 39) [browser.py]
INFO (18/12/2024 11:35:05): Get elements  (Line: 83) [browser.py]
INFO (18/12/2024 11:35:05): Window scroll to : Scroll  page -> added text (Line: 46) [base_element.py]
INFO (18/12/2024 11:35:05): Executing JavaScript: window.scrollTo(0, document.body.scrollHeight); with arguments: () (Line: 39) [browser.py]
INFO (18/12/2024 11:35:05): Get elements  (Line: 83) [browser.py]
INFO (18/12/2024 11:35:05): Window scroll to : Scroll  page -> added text (Line: 46) [base_element.py]
INFO (18/12/2024 11:35:05): Executing JavaScript: window.scrollTo(0, document.body.scrollHeight); with arguments: () (Line: 39) [browser.py]
INFO (18/12/2024 11:35:05): Get elements  (Line: 83) [browser.py]
INFO (18/12/2024 11:35:05): Window scroll to : Scroll  page -> added text (Line: 46) [base_element.py]
INFO (18/12/2024 11:35:05): Executing JavaScript: window.scrollTo(0, document.body.scrollHeight); with arguments: () (Line: 39) [browser.py]
INFO (18/12/2024 11:35:05): Get elements  (Line: 83) [browser.py]
INFO (18/12/2024 11:35:05): Window scroll to : Scroll  page -> added text (Line: 46) [base_element.py]
INFO (18/12/2024 11:35:05): Executing JavaScript: window.scrollTo(0, document.body.scrollHeight); with arguments: () (Line: 39) [browser.py]
INFO (18/12/2024 11:35:05): Get elements  (Line: 83) [browser.py]
INFO (18/12/2024 11:35:05): Window scroll to : Scroll  page -> added text (Line: 46) [base_element.py]
INFO (18/12/2024 11:35:05): Executing JavaScript: window.scrollTo(0, document.body.scrollHeight); with arguments: () (Line: 39) [browser.py]
INFO (18/12/2024 11:35:05): Get elements  (Line: 83) [browser.py]
INFO (18/12/2024 11:35:05): Window scroll to : Scroll  page -> added text (Line: 46) [base_element.py]
INFO (18/12/2024 11:35:05): Executing JavaScript: window.scrollTo(0, document.body.scrollHeight); with arguments: () (Line: 39) [browser.py]
INFO (18/12/2024 11:35:05): Get elements  (Line: 83) [browser.py]
INFO (18/12/2024 11:35:05): Window scroll to : Scroll  page -> added text (Line: 46) [base_element.py]
INFO (18/12/2024 11:35:05): Executing JavaScript: window.scrollTo(0, document.body.scrollHeight); with arguments: () (Line: 39) [browser.py]
INFO (18/12/2024 11:35:05): Get elements  (Line: 83) [browser.py]
INFO (18/12/2024 11:35:05): Window scroll to : Scroll  page -> added text (Line: 46) [base_element.py]
INFO (18/12/2024 11:35:05): Executing JavaScript: window.scrollTo(0, document.body.scrollHeight); with arguments: () (Line: 39) [browser.py]
INFO (18/12/2024 11:35:05): Get elements  (Line: 83) [browser.py]
INFO (18/12/2024 11:35:05): Window scroll to : Scroll  page -> added text (Line: 46) [base_element.py]
INFO (18/12/2024 11:35:05): Executing JavaScript: window.scrollTo(0, document.body.scrollHeight); with arguments: () (Line: 39) [browser.py]
INFO (18/12/2024 11:35:05): Get elements  (Line: 83) [browser.py]
INFO (18/12/2024 11:35:05): Window scroll to : Scroll  page -> added text (Line: 46) [base_element.py]
INFO (18/12/2024 11:35:05): Executing JavaScript: window.scrollTo(0, document.body.scrollHeight); with arguments: () (Line: 39) [browser.py]
INFO (18/12/2024 11:35:05): Get elements  (Line: 83) [browser.py]
INFO (18/12/2024 11:35:05): Window scroll to : Scroll  page -> added text (Line: 46) [base_element.py]
INFO (18/12/2024 11:35:05): Executing JavaScript: window.scrollTo(0, document.body.scrollHeight); with arguments: () (Line: 39) [browser.py]
INFO (18/12/2024 11:35:05): Get elements  (Line: 83) [browser.py]
INFO (18/12/2024 11:35:05): Window scroll to : Scroll  page -> added text (Line: 46) [base_element.py]
INFO (18/12/2024 11:35:05): Executing JavaScript: window.scrollTo(0, document.body.scrollHeight); with arguments: () (Line: 39) [browser.py]
INFO (18/12/2024 11:35:05): Get elements  (Line: 83) [browser.py]
INFO (18/12/2024 11:35:05): Window scroll to : Scroll  page -> added text (Line: 46) [base_element.py]
INFO (18/12/2024 11:35:05): Executing JavaScript: window.scrollTo(0, document.body.scrollHeight); with arguments: () (Line: 39) [browser.py]
INFO (18/12/2024 11:35:05): Get elements  (Line: 83) [browser.py]
INFO (18/12/2024 11:35:05): Window scroll to : Scroll  page -> added text (Line: 46) [base_element.py]
INFO (18/12/2024 11:35:05): Executing JavaScript: window.scrollTo(0, document.body.scrollHeight); with arguments: () (Line: 39) [browser.py]
INFO (18/12/2024 11:35:05): Get elements  (Line: 83) [browser.py]
INFO (18/12/2024 11:35:05): Window scroll to : Scroll  page -> added text (Line: 46) [base_element.py]
INFO (18/12/2024 11:35:05): Executing JavaScript: window.scrollTo(0, document.body.scrollHeight); with arguments: () (Line: 39) [browser.py]
INFO (18/12/2024 11:35:05): Get elements  (Line: 83) [browser.py]
INFO (18/12/2024 11:35:05): Window scroll to : Scroll  page -> added text (Line: 46) [base_element.py]
INFO (18/12/2024 11:35:05): Executing JavaScript: window.scrollTo(0, document.body.scrollHeight); with arguments: () (Line: 39) [browser.py]
INFO (18/12/2024 11:35:05): Get elements  (Line: 83) [browser.py]
INFO (18/12/2024 11:35:05): Window scroll to : Scroll  page -> added text (Line: 46) [base_element.py]
INFO (18/12/2024 11:35:05): Executing JavaScript: window.scrollTo(0, document.body.scrollHeight); with arguments: () (Line: 39) [browser.py]
INFO (18/12/2024 11:35:05): Get elements  (Line: 83) [browser.py]
INFO (18/12/2024 11:35:05): Window scroll to : Scroll  page -> added text (Line: 46) [base_element.py]
INFO (18/12/2024 11:35:05): Executing JavaScript: window.scrollTo(0, document.body.scrollHeight); with arguments: () (Line: 39) [browser.py]
INFO (18/12/2024 11:35:05): Get elements  (Line: 83) [browser.py]
INFO (18/12/2024 11:35:05): Window scroll to : Scroll  page -> added text (Line: 46) [base_element.py]
INFO (18/12/2024 11:35:05): Executing JavaScript: window.scrollTo(0, document.body.scrollHeight); with arguments: () (Line: 39) [browser.py]
INFO (18/12/2024 11:35:05): Get elements  (Line: 83) [browser.py]
INFO (18/12/2024 11:35:05): Window scroll to : Scroll  page -> added text (Line: 46) [base_element.py]
INFO (18/12/2024 11:35:05): Executing JavaScript: window.scrollTo(0, document.body.scrollHeight); with arguments: () (Line: 39) [browser.py]
INFO (18/12/2024 11:35:05): Get elements  (Line: 83) [browser.py]
INFO (18/12/2024 11:35:05): Window scroll to : Scroll  page -> added text (Line: 46) [base_element.py]
INFO (18/12/2024 11:35:05): Executing JavaScript: window.scrollTo(0, document.body.scrollHeight); with arguments: () (Line: 39) [browser.py]
INFO (18/12/2024 11:35:05): Get elements  (Line: 83) [browser.py]
INFO (18/12/2024 11:35:05): Window scroll to : Scroll  page -> added text (Line: 46) [base_element.py]
INFO (18/12/2024 11:35:05): Executing JavaScript: window.scrollTo(0, document.body.scrollHeight); with arguments: () (Line: 39) [browser.py]
INFO (18/12/2024 11:35:05): Get elements  (Line: 83) [browser.py]
INFO (18/12/2024 11:35:05): Window scroll to : Scroll  page -> added text (Line: 46) [base_element.py]
INFO (18/12/2024 11:35:05): Executing JavaScript: window.scrollTo(0, document.body.scrollHeight); with arguments: () (Line: 39) [browser.py]
INFO (18/12/2024 11:35:05): Get elements  (Line: 83) [browser.py]
INFO (18/12/2024 11:35:05): Window scroll to : Scroll  page -> added text (Line: 46) [base_element.py]
INFO (18/12/2024 11:35:05): Executing JavaScript: window.scrollTo(0, document.body.scrollHeight); with arguments: () (Line: 39) [browser.py]
INFO (18/12/2024 11:35:05): Get elements  (Line: 83) [browser.py]
INFO (18/12/2024 11:35:05): Window scroll to : Scroll  page -> added text (Line: 46) [base_element.py]
INFO (18/12/2024 11:35:05): Executing JavaScript: window.scrollTo(0, document.body.scrollHeight); with arguments: () (Line: 39) [browser.py]
INFO (18/12/2024 11:35:05): Get elements  (Line: 83) [browser.py]
INFO (18/12/2024 11:35:05): Window scroll to : Scroll  page -> added text (Line: 46) [base_element.py]
INFO (18/12/2024 11:35:05): Executing JavaScript: window.scrollTo(0, document.body.scrollHeight); with arguments: () (Line: 39) [browser.py]
INFO (18/12/2024 11:35:05): Get elements  (Line: 83) [browser.py]
INFO (18/12/2024 11:35:05): Window scroll to : Scroll  page -> added text (Line: 46) [base_element.py]
INFO (18/12/2024 11:35:05): Executing JavaScript: window.scrollTo(0, document.body.scrollHeight); with arguments: () (Line: 39) [browser.py]
INFO (18/12/2024 11:35:05): Get elements  (Line: 83) [browser.py]
INFO (18/12/2024 11:35:05): Window scroll to : Scroll  page -> added text (Line: 46) [base_element.py]
INFO (18/12/2024 11:35:05): Executing JavaScript: window.scrollTo(0, document.body.scrollHeight); with arguments: () (Line: 39) [browser.py]
INFO (18/12/2024 11:35:05): Get elements  (Line: 83) [browser.py]
INFO (18/12/2024 11:35:05): Window scroll to : Scroll  page -> added text (Line: 46) [base_element.py]
INFO (18/12/2024 11:35:05): Executing JavaScript: window.scrollTo(0, document.body.scrollHeight); with arguments: () (Line: 39) [browser.py]
INFO (18/12/2024 11:35:05): Get elements  (Line: 83) [browser.py]
INFO (18/12/2024 11:35:05): Window scroll to : Scroll  page -> added text (Line: 46) [base_element.py]
INFO (18/12/2024 11:35:05): Executing JavaScript: window.scrollTo(0, document.body.scrollHeight); with arguments: () (Line: 39) [browser.py]
INFO (18/12/2024 11:35:05): Get elements  (Line: 83) [browser.py]
INFO (18/12/2024 11:35:05): Window scroll to : Scroll  page -> added text (Line: 46) [base_element.py]
INFO (18/12/2024 11:35:05): Executing JavaScript: window.scrollTo(0, document.body.scrollHeight); with arguments: () (Line: 39) [browser.py]
INFO (18/12/2024 11:35:05): Get elements  (Line: 83) [browser.py]
INFO (18/12/2024 11:35:05): Window scroll to : Scroll  page -> added text (Line: 46) [base_element.py]
INFO (18/12/2024 11:35:05): Executing JavaScript: window.scrollTo(0, document.body.scrollHeight); with arguments: () (Line: 39) [browser.py]
INFO (18/12/2024 11:35:05): Get elements  (Line: 83) [browser.py]
INFO (18/12/2024 11:35:05): Window scroll to : Scroll  page -> added text (Line: 46) [base_element.py]
INFO (18/12/2024 11:35:05): Executing JavaScript: window.scrollTo(0, document.body.scrollHeight); with arguments: () (Line: 39) [browser.py]
INFO (18/12/2024 11:35:05): Get elements  (Line: 83) [browser.py]
INFO (18/12/2024 11:35:05): Window scroll to : Scroll  page -> added text (Line: 46) [base_element.py]
INFO (18/12/2024 11:35:05): Executing JavaScript: window.scrollTo(0, document.body.scrollHeight); with arguments: () (Line: 39) [browser.py]
INFO (18/12/2024 11:35:05): Get elements  (Line: 83) [browser.py]
INFO (18/12/2024 11:35:05): Window scroll to : Scroll  page -> added text (Line: 46) [base_element.py]
INFO (18/12/2024 11:35:05): Executing JavaScript: window.scrollTo(0, document.body.scrollHeight); with arguments: () (Line: 39) [browser.py]
INFO (18/12/2024 11:35:05): Get elements  (Line: 83) [browser.py]
INFO (18/12/2024 11:35:05): Window scroll to : Scroll  page -> added text (Line: 46) [base_element.py]
INFO (18/12/2024 11:35:05): Executing JavaScript: window.scrollTo(0, document.body.scrollHeight); with arguments: () (Line: 39) [browser.py]
INFO (18/12/2024 11:35:05): Get elements  (Line: 83) [browser.py]
INFO (18/12/2024 11:35:05): Window scroll to : Scroll  page -> added text (Line: 46) [base_element.py]
INFO (18/12/2024 11:35:05): Executing JavaScript: window.scrollTo(0, document.body.scrollHeight); with arguments: () (Line: 39) [browser.py]
INFO (18/12/2024 11:35:05): Get elements  (Line: 83) [browser.py]
INFO (18/12/2024 11:35:05): Window scroll to : Scroll  page -> added text (Line: 46) [base_element.py]
INFO (18/12/2024 11:35:05): Executing JavaScript: window.scrollTo(0, document.body.scrollHeight); with arguments: () (Line: 39) [browser.py]
INFO (18/12/2024 11:35:05): Get elements  (Line: 83) [browser.py]
INFO (18/12/2024 11:35:05): Window scroll to : Scroll  page -> added text (Line: 46) [base_element.py]
INFO (18/12/2024 11:35:05): Executing JavaScript: window.scrollTo(0, document.body.scrollHeight); with arguments: () (Line: 39) [browser.py]
INFO (18/12/2024 11:35:05): Get elements  (Line: 83) [browser.py]
INFO (18/12/2024 11:35:05): Window scroll to : Scroll  page -> added text (Line: 46) [base_element.py]
INFO (18/12/2024 11:35:05): Executing JavaScript: window.scrollTo(0, document.body.scrollHeight); with arguments: () (Line: 39) [browser.py]
INFO (18/12/2024 11:35:05): Get elements  (Line: 83) [browser.py]
INFO (18/12/2024 11:35:05): Window scroll to : Scroll  page -> added text (Line: 46) [base_element.py]
INFO (18/12/2024 11:35:05): Executing JavaScript: window.scrollTo(0, document.body.scrollHeight); with arguments: () (Line: 39) [browser.py]
INFO (18/12/2024 11:35:05): Get elements  (Line: 83) [browser.py]
INFO (18/12/2024 11:35:05): Window scroll to : Scroll  page -> added text (Line: 46) [base_element.py]
INFO (18/12/2024 11:35:05): Executing JavaScript: window.scrollTo(0, document.body.scrollHeight); with arguments: () (Line: 39) [browser.py]
INFO (18/12/2024 11:35:05): Get elements  (Line: 83) [browser.py]
INFO (18/12/2024 11:35:05): Window scroll to : Scroll  page -> added text (Line: 46) [base_element.py]
INFO (18/12/2024 11:35:05): Executing JavaScript: window.scrollTo(0, document.body.scrollHeight); with arguments: () (Line: 39) [browser.py]
INFO (18/12/2024 11:35:05): Get elements  (Line: 83) [browser.py]
INFO (18/12/2024 11:35:05): Window scroll to : Scroll  page -> added text (Line: 46) [base_element.py]
INFO (18/12/2024 11:35:05): Executing JavaScript: window.scrollTo(0, document.body.scrollHeight); with arguments: () (Line: 39) [browser.py]
INFO (18/12/2024 11:35:05): Get elements  (Line: 83) [browser.py]
INFO (18/12/2024 11:35:05): Window scroll to : Scroll  page -> added text (Line: 46) [base_element.py]
INFO (18/12/2024 11:35:05): Executing JavaScript: window.scrollTo(0, document.body.scrollHeight); with arguments: () (Line: 39) [browser.py]
INFO (18/12/2024 11:35:05): Get elements  (Line: 83) [browser.py]
INFO (18/12/2024 11:35:05): Window scroll to : Scroll  page -> added text (Line: 46) [base_element.py]
INFO (18/12/2024 11:35:05): Executing JavaScript: window.scrollTo(0, document.body.scrollHeight); with arguments: () (Line: 39) [browser.py]
INFO (18/12/2024 11:35:05): Get elements  (Line: 83) [browser.py]
INFO (18/12/2024 11:35:05): Window scroll to : Scroll  page -> added text (Line: 46) [base_element.py]
INFO (18/12/2024 11:35:05): Executing JavaScript: window.scrollTo(0, document.body.scrollHeight); with arguments: () (Line: 39) [browser.py]
INFO (18/12/2024 11:35:05): Get elements  (Line: 83) [browser.py]
INFO (18/12/2024 11:35:05): Window scroll to : Scroll  page -> added text (Line: 46) [base_element.py]
INFO (18/12/2024 11:35:05): Executing JavaScript: window.scrollTo(0, document.body.scrollHeight); with arguments: () (Line: 39) [browser.py]
INFO (18/12/2024 11:35:05): Get elements  (Line: 83) [browser.py]
INFO (18/12/2024 11:35:05): Window scroll to : Scroll  page -> added text (Line: 46) [base_element.py]
INFO (18/12/2024 11:35:05): Executing JavaScript: window.scrollTo(0, document.body.scrollHeight); with arguments: () (Line: 39) [browser.py]
INFO (18/12/2024 11:35:05): Get elements  (Line: 83) [browser.py]
INFO (18/12/2024 11:35:05): Window scroll to : Scroll  page -> added text (Line: 46) [base_element.py]
INFO (18/12/2024 11:35:05): Executing JavaScript: window.scrollTo(0, document.body.scrollHeight); with arguments: () (Line: 39) [browser.py]
INFO (18/12/2024 11:35:05): Get elements  (Line: 83) [browser.py]
INFO (18/12/2024 11:35:05): Window scroll to : Scroll  page -> added text (Line: 46) [base_element.py]
INFO (18/12/2024 11:35:05): Executing JavaScript: window.scrollTo(0, document.body.scrollHeight); with arguments: () (Line: 39) [browser.py]
INFO (18/12/2024 11:35:05): Get elements  (Line: 83) [browser.py]
INFO (18/12/2024 11:35:05): Window scroll to : Scroll  page -> added text (Line: 46) [base_element.py]
INFO (18/12/2024 11:35:05): Executing JavaScript: window.scrollTo(0, document.body.scrollHeight); with arguments: () (Line: 39) [browser.py]
INFO (18/12/2024 11:35:05): Get elements  (Line: 83) [browser.py]
INFO (18/12/2024 11:35:05): Window scroll to : Scroll  page -> added text (Line: 46) [base_element.py]
INFO (18/12/2024 11:35:05): Executing JavaScript: window.scrollTo(0, document.body.scrollHeight); with arguments: () (Line: 39) [browser.py]
INFO (18/12/2024 11:35:05): Get elements  (Line: 83) [browser.py]
INFO (18/12/2024 11:35:05): Window scroll to : Scroll  page -> added text (Line: 46) [base_element.py]
INFO (18/12/2024 11:35:05): Executing JavaScript: window.scrollTo(0, document.body.scrollHeight); with arguments: () (Line: 39) [browser.py]
INFO (18/12/2024 11:35:05): Get elements  (Line: 83) [browser.py]
INFO (18/12/2024 11:35:05): Window scroll to : Scroll  page -> added text (Line: 46) [base_element.py]
INFO (18/12/2024 11:35:05): Executing JavaScript: window.scrollTo(0, document.body.scrollHeight); with arguments: () (Line: 39) [browser.py]
INFO (18/12/2024 11:35:05): Get elements  (Line: 83) [browser.py]
INFO (18/12/2024 11:35:05): Window scroll to : Scroll  page -> added text (Line: 46) [base_element.py]
INFO (18/12/2024 11:35:05): Executing JavaScript: window.scrollTo(0, document.body.scrollHeight); with arguments: () (Line: 39) [browser.py]
INFO (18/12/2024 11:35:05): Get elements  (Line: 83) [browser.py]
INFO (18/12/2024 11:35:05): Window scroll to : Scroll  page -> added text (Line: 46) [base_element.py]
INFO (18/12/2024 11:35:05): Executing JavaScript: window.scrollTo(0, document.body.scrollHeight); with arguments: () (Line: 39) [browser.py]
INFO (18/12/2024 11:35:05): Get elements  (Line: 83) [browser.py]
INFO (18/12/2024 11:35:05): Window scroll to : Scroll  page -> added text (Line: 46) [base_element.py]
INFO (18/12/2024 11:35:05): Executing JavaScript: window.scrollTo(0, document.body.scrollHeight); with arguments: () (Line: 39) [browser.py]
INFO (18/12/2024 11:35:05): Get elements  (Line: 83) [browser.py]
INFO (18/12/2024 11:35:05): Window scroll to : Scroll  page -> added text (Line: 46) [base_element.py]
INFO (18/12/2024 11:35:05): Executing JavaScript: window.scrollTo(0, document.body.scrollHeight); with arguments: () (Line: 39) [browser.py]
INFO (18/12/2024 11:35:05): Get elements  (Line: 83) [browser.py]
INFO (18/12/2024 11:35:05): Window scroll to : Scroll  page -> added text (Line: 46) [base_element.py]
INFO (18/12/2024 11:35:05): Executing JavaScript: window.scrollTo(0, document.body.scrollHeight); with arguments: () (Line: 39) [browser.py]
INFO (18/12/2024 11:35:05): Get elements  (Line: 83) [browser.py]
INFO (18/12/2024 11:35:05): Window scroll to : Scroll  page -> added text (Line: 46) [base_element.py]
INFO (18/12/2024 11:35:05): Executing JavaScript: window.scrollTo(0, document.body.scrollHeight); with arguments: () (Line: 39) [browser.py]
INFO (18/12/2024 11:35:05): Get elements  (Line: 83) [browser.py]
INFO (18/12/2024 11:35:05): Window scroll to : Scroll  page -> added text (Line: 46) [base_element.py]
INFO (18/12/2024 11:35:05): Executing JavaScript: window.scrollTo(0, document.body.scrollHeight); with arguments: () (Line: 39) [browser.py]
INFO (18/12/2024 11:35:05): Get elements  (Line: 83) [browser.py]
INFO (18/12/2024 11:35:05): Window scroll to : Scroll  page -> added text (Line: 46) [base_element.py]
INFO (18/12/2024 11:35:05): Executing JavaScript: window.scrollTo(0, document.body.scrollHeight); with arguments: () (Line: 39) [browser.py]
INFO (18/12/2024 11:35:05): Get elements  (Line: 83) [browser.py]
INFO (18/12/2024 11:35:05): Window scroll to : Scroll  page -> added text (Line: 46) [base_element.py]
INFO (18/12/2024 11:35:05): Executing JavaScript: window.scrollTo(0, document.body.scrollHeight); with arguments: () (Line: 39) [browser.py]
INFO (18/12/2024 11:35:06): Get elements  (Line: 83) [browser.py]
INFO (18/12/2024 11:35:06): Window scroll to : Scroll  page -> added text (Line: 46) [base_element.py]
INFO (18/12/2024 11:35:06): Executing JavaScript: window.scrollTo(0, document.body.scrollHeight); with arguments: () (Line: 39) [browser.py]
INFO (18/12/2024 11:35:06): Get elements  (Line: 83) [browser.py]
INFO (18/12/2024 11:35:06): Window scroll to : Scroll  page -> added text (Line: 46) [base_element.py]
INFO (18/12/2024 11:35:06): Executing JavaScript: window.scrollTo(0, document.body.scrollHeight); with arguments: () (Line: 39) [browser.py]
INFO (18/12/2024 11:35:06): Get elements  (Line: 83) [browser.py]
INFO (18/12/2024 11:35:06): Window scroll to : Scroll  page -> added text (Line: 46) [base_element.py]
INFO (18/12/2024 11:35:06): Executing JavaScript: window.scrollTo(0, document.body.scrollHeight); with arguments: () (Line: 39) [browser.py]
INFO (18/12/2024 11:35:06): Get elements  (Line: 83) [browser.py]
INFO (18/12/2024 11:35:06): Window scroll to : Scroll  page -> added text (Line: 46) [base_element.py]
INFO (18/12/2024 11:35:06): Executing JavaScript: window.scrollTo(0, document.body.scrollHeight); with arguments: () (Line: 39) [browser.py]
INFO (18/12/2024 11:35:06): Get elements  (Line: 83) [browser.py]
INFO (18/12/2024 11:35:06): Window scroll to : Scroll  page -> added text (Line: 46) [base_element.py]
INFO (18/12/2024 11:35:06): Executing JavaScript: window.scrollTo(0, document.body.scrollHeight); with arguments: () (Line: 39) [browser.py]
INFO (18/12/2024 11:35:06): Get elements  (Line: 83) [browser.py]
INFO (18/12/2024 11:35:06): Window scroll to : Scroll  page -> added text (Line: 46) [base_element.py]
INFO (18/12/2024 11:35:06): Executing JavaScript: window.scrollTo(0, document.body.scrollHeight); with arguments: () (Line: 39) [browser.py]
INFO (18/12/2024 11:35:06): Get elements  (Line: 83) [browser.py]
INFO (18/12/2024 11:35:06): Window scroll to : Scroll  page -> added text (Line: 46) [base_element.py]
INFO (18/12/2024 11:35:06): Executing JavaScript: window.scrollTo(0, document.body.scrollHeight); with arguments: () (Line: 39) [browser.py]
INFO (18/12/2024 11:35:06): Get elements  (Line: 83) [browser.py]
INFO (18/12/2024 11:35:06): Window scroll to : Scroll  page -> added text (Line: 46) [base_element.py]
INFO (18/12/2024 11:35:06): Executing JavaScript: window.scrollTo(0, document.body.scrollHeight); with arguments: () (Line: 39) [browser.py]
INFO (18/12/2024 11:35:06): Get elements  (Line: 83) [browser.py]
INFO (18/12/2024 11:35:06): Window scroll to : Scroll  page -> added text (Line: 46) [base_element.py]
INFO (18/12/2024 11:35:06): Executing JavaScript: window.scrollTo(0, document.body.scrollHeight); with arguments: () (Line: 39) [browser.py]
INFO (18/12/2024 11:35:06): Get elements  (Line: 83) [browser.py]
INFO (18/12/2024 11:35:06): Window scroll to : Scroll  page -> added text (Line: 46) [base_element.py]
INFO (18/12/2024 11:35:06): Executing JavaScript: window.scrollTo(0, document.body.scrollHeight); with arguments: () (Line: 39) [browser.py]
INFO (18/12/2024 11:35:06): Get elements  (Line: 83) [browser.py]
INFO (18/12/2024 11:35:06): Window scroll to : Scroll  page -> added text (Line: 46) [base_element.py]
INFO (18/12/2024 11:35:06): Executing JavaScript: window.scrollTo(0, document.body.scrollHeight); with arguments: () (Line: 39) [browser.py]
INFO (18/12/2024 11:35:06): Get elements  (Line: 83) [browser.py]
INFO (18/12/2024 11:35:06): Window scroll to : Scroll  page -> added text (Line: 46) [base_element.py]
INFO (18/12/2024 11:35:06): Executing JavaScript: window.scrollTo(0, document.body.scrollHeight); with arguments: () (Line: 39) [browser.py]
INFO (18/12/2024 11:35:06): Get elements  (Line: 83) [browser.py]
INFO (18/12/2024 11:35:06): Window scroll to : Scroll  page -> added text (Line: 46) [base_element.py]
INFO (18/12/2024 11:35:06): Executing JavaScript: window.scrollTo(0, document.body.scrollHeight); with arguments: () (Line: 39) [browser.py]
INFO (18/12/2024 11:35:06): Get elements  (Line: 83) [browser.py]
INFO (18/12/2024 11:35:06): Window scroll to : Scroll  page -> added text (Line: 46) [base_element.py]
INFO (18/12/2024 11:35:06): Executing JavaScript: window.scrollTo(0, document.body.scrollHeight); with arguments: () (Line: 39) [browser.py]
INFO (18/12/2024 11:35:06): Get elements  (Line: 83) [browser.py]
INFO (18/12/2024 11:35:06): Window scroll to : Scroll  page -> added text (Line: 46) [base_element.py]
INFO (18/12/2024 11:35:06): Executing JavaScript: window.scrollTo(0, document.body.scrollHeight); with arguments: () (Line: 39) [browser.py]
INFO (18/12/2024 11:35:06): Get elements  (Line: 83) [browser.py]
INFO (18/12/2024 11:35:06): Window scroll to : Scroll  page -> added text (Line: 46) [base_element.py]
INFO (18/12/2024 11:35:06): Executing JavaScript: window.scrollTo(0, document.body.scrollHeight); with arguments: () (Line: 39) [browser.py]
INFO (18/12/2024 11:35:06): Get elements  (Line: 83) [browser.py]
INFO (18/12/2024 11:35:06): Window scroll to : Scroll  page -> added text (Line: 46) [base_element.py]
INFO (18/12/2024 11:35:06): Executing JavaScript: window.scrollTo(0, document.body.scrollHeight); with arguments: () (Line: 39) [browser.py]
INFO (18/12/2024 11:35:06): Get elements  (Line: 83) [browser.py]
INFO (18/12/2024 11:35:06): Window scroll to : Scroll  page -> added text (Line: 46) [base_element.py]
INFO (18/12/2024 11:35:06): Executing JavaScript: window.scrollTo(0, document.body.scrollHeight); with arguments: () (Line: 39) [browser.py]
INFO (18/12/2024 11:35:06): Get elements  (Line: 83) [browser.py]
INFO (18/12/2024 11:35:06): Window scroll to : Scroll  page -> added text (Line: 46) [base_element.py]
INFO (18/12/2024 11:35:06): Executing JavaScript: window.scrollTo(0, document.body.scrollHeight); with arguments: () (Line: 39) [browser.py]
INFO (18/12/2024 11:35:06): Get elements  (Line: 83) [browser.py]
INFO (18/12/2024 11:35:06): Window scroll to : Scroll  page -> added text (Line: 46) [base_element.py]
INFO (18/12/2024 11:35:06): Executing JavaScript: window.scrollTo(0, document.body.scrollHeight); with arguments: () (Line: 39) [browser.py]
INFO (18/12/2024 11:35:06): Get elements  (Line: 83) [browser.py]
INFO (18/12/2024 11:35:06): Window scroll to : Scroll  page -> added text (Line: 46) [base_element.py]
INFO (18/12/2024 11:35:06): Executing JavaScript: window.scrollTo(0, document.body.scrollHeight); with arguments: () (Line: 39) [browser.py]
INFO (18/12/2024 11:35:06): Get elements  (Line: 83) [browser.py]
INFO (18/12/2024 11:35:06): Window scroll to : Scroll  page -> added text (Line: 46) [base_element.py]
INFO (18/12/2024 11:35:06): Executing JavaScript: window.scrollTo(0, document.body.scrollHeight); with arguments: () (Line: 39) [browser.py]
INFO (18/12/2024 11:35:06): Get elements  (Line: 83) [browser.py]
INFO (18/12/2024 11:35:06): Window scroll to : Scroll  page -> added text (Line: 46) [base_element.py]
INFO (18/12/2024 11:35:06): Executing JavaScript: window.scrollTo(0, document.body.scrollHeight); with arguments: () (Line: 39) [browser.py]
INFO (18/12/2024 11:35:06): Get elements  (Line: 83) [browser.py]
INFO (18/12/2024 11:35:06): Window scroll to : Scroll  page -> added text (Line: 46) [base_element.py]
INFO (18/12/2024 11:35:06): Executing JavaScript: window.scrollTo(0, document.body.scrollHeight); with arguments: () (Line: 39) [browser.py]
INFO (18/12/2024 11:35:06): Get elements  (Line: 83) [browser.py]
INFO (18/12/2024 11:35:06): Window scroll to : Scroll  page -> added text (Line: 46) [base_element.py]
INFO (18/12/2024 11:35:06): Executing JavaScript: window.scrollTo(0, document.body.scrollHeight); with arguments: () (Line: 39) [browser.py]
INFO (18/12/2024 11:35:06): Get elements  (Line: 83) [browser.py]
INFO (18/12/2024 11:35:06): Window scroll to : Scroll  page -> added text (Line: 46) [base_element.py]
INFO (18/12/2024 11:35:06): Executing JavaScript: window.scrollTo(0, document.body.scrollHeight); with arguments: () (Line: 39) [browser.py]
INFO (18/12/2024 11:35:06): Get elements  (Line: 83) [browser.py]
INFO (18/12/2024 11:35:06): Window scroll to : Scroll  page -> added text (Line: 46) [base_element.py]
INFO (18/12/2024 11:35:06): Executing JavaScript: window.scrollTo(0, document.body.scrollHeight); with arguments: () (Line: 39) [browser.py]
INFO (18/12/2024 11:35:06): Get elements  (Line: 83) [browser.py]
INFO (18/12/2024 11:35:06): Window scroll to : Scroll  page -> added text (Line: 46) [base_element.py]
INFO (18/12/2024 11:35:06): Executing JavaScript: window.scrollTo(0, document.body.scrollHeight); with arguments: () (Line: 39) [browser.py]
INFO (18/12/2024 11:35:06): Get elements  (Line: 83) [browser.py]
INFO (18/12/2024 11:35:06): Window scroll to : Scroll  page -> added text (Line: 46) [base_element.py]
INFO (18/12/2024 11:35:06): Executing JavaScript: window.scrollTo(0, document.body.scrollHeight); with arguments: () (Line: 39) [browser.py]
INFO (18/12/2024 11:35:06): Get elements  (Line: 83) [browser.py]
INFO (18/12/2024 11:35:06): Window scroll to : Scroll  page -> added text (Line: 46) [base_element.py]
INFO (18/12/2024 11:35:06): Executing JavaScript: window.scrollTo(0, document.body.scrollHeight); with arguments: () (Line: 39) [browser.py]
INFO (18/12/2024 11:35:06): Get elements  (Line: 83) [browser.py]
INFO (18/12/2024 11:35:06): Window scroll to : Scroll  page -> added text (Line: 46) [base_element.py]
INFO (18/12/2024 11:35:06): Executing JavaScript: window.scrollTo(0, document.body.scrollHeight); with arguments: () (Line: 39) [browser.py]
INFO (18/12/2024 11:35:06): Get elements  (Line: 83) [browser.py]
INFO (18/12/2024 11:35:06): Window scroll to : Scroll  page -> added text (Line: 46) [base_element.py]
INFO (18/12/2024 11:35:06): Executing JavaScript: window.scrollTo(0, document.body.scrollHeight); with arguments: () (Line: 39) [browser.py]
INFO (18/12/2024 11:35:06): Get elements  (Line: 83) [browser.py]
INFO (18/12/2024 11:35:06): Window scroll to : Scroll  page -> added text (Line: 46) [base_element.py]
INFO (18/12/2024 11:35:06): Executing JavaScript: window.scrollTo(0, document.body.scrollHeight); with arguments: () (Line: 39) [browser.py]
INFO (18/12/2024 11:35:06): Get elements  (Line: 83) [browser.py]
INFO (18/12/2024 11:35:06): Window scroll to : Scroll  page -> added text (Line: 46) [base_element.py]
INFO (18/12/2024 11:35:06): Executing JavaScript: window.scrollTo(0, document.body.scrollHeight); with arguments: () (Line: 39) [browser.py]
INFO (18/12/2024 11:35:06): Get elements  (Line: 83) [browser.py]
INFO (18/12/2024 11:35:06): Window scroll to : Scroll  page -> added text (Line: 46) [base_element.py]
INFO (18/12/2024 11:35:06): Executing JavaScript: window.scrollTo(0, document.body.scrollHeight); with arguments: () (Line: 39) [browser.py]
INFO (18/12/2024 11:35:06): Get elements  (Line: 83) [browser.py]
INFO (18/12/2024 11:35:06): Window scroll to : Scroll  page -> added text (Line: 46) [base_element.py]
INFO (18/12/2024 11:35:06): Executing JavaScript: window.scrollTo(0, document.body.scrollHeight); with arguments: () (Line: 39) [browser.py]
INFO (18/12/2024 11:35:06): Get elements  (Line: 83) [browser.py]
INFO (18/12/2024 11:35:06): Window scroll to : Scroll  page -> added text (Line: 46) [base_element.py]
INFO (18/12/2024 11:35:06): Executing JavaScript: window.scrollTo(0, document.body.scrollHeight); with arguments: () (Line: 39) [browser.py]
INFO (18/12/2024 11:35:06): Get elements  (Line: 83) [browser.py]
INFO (18/12/2024 11:35:06): Window scroll to : Scroll  page -> added text (Line: 46) [base_element.py]
INFO (18/12/2024 11:35:06): Executing JavaScript: window.scrollTo(0, document.body.scrollHeight); with arguments: () (Line: 39) [browser.py]
INFO (18/12/2024 11:35:06): Get elements  (Line: 83) [browser.py]
INFO (18/12/2024 11:35:06): Window scroll to : Scroll  page -> added text (Line: 46) [base_element.py]
INFO (18/12/2024 11:35:06): Executing JavaScript: window.scrollTo(0, document.body.scrollHeight); with arguments: () (Line: 39) [browser.py]
INFO (18/12/2024 11:35:06): Get elements  (Line: 83) [browser.py]
INFO (18/12/2024 11:35:06): Window scroll to : Scroll  page -> added text (Line: 46) [base_element.py]
INFO (18/12/2024 11:35:06): Executing JavaScript: window.scrollTo(0, document.body.scrollHeight); with arguments: () (Line: 39) [browser.py]
INFO (18/12/2024 11:35:06): Get elements  (Line: 83) [browser.py]
INFO (18/12/2024 11:35:06): Window scroll to : Scroll  page -> added text (Line: 46) [base_element.py]
INFO (18/12/2024 11:35:06): Executing JavaScript: window.scrollTo(0, document.body.scrollHeight); with arguments: () (Line: 39) [browser.py]
INFO (18/12/2024 11:35:06): Get elements  (Line: 83) [browser.py]
INFO (18/12/2024 11:35:06): Window scroll to : Scroll  page -> added text (Line: 46) [base_element.py]
INFO (18/12/2024 11:35:06): Executing JavaScript: window.scrollTo(0, document.body.scrollHeight); with arguments: () (Line: 39) [browser.py]
INFO (18/12/2024 11:35:06): Get elements  (Line: 83) [browser.py]
INFO (18/12/2024 11:35:06): Window scroll to : Scroll  page -> added text (Line: 46) [base_element.py]
INFO (18/12/2024 11:35:06): Executing JavaScript: window.scrollTo(0, document.body.scrollHeight); with arguments: () (Line: 39) [browser.py]
INFO (18/12/2024 11:35:06): Get elements  (Line: 83) [browser.py]
INFO (18/12/2024 11:35:06): Window scroll to : Scroll  page -> added text (Line: 46) [base_element.py]
INFO (18/12/2024 11:35:06): Executing JavaScript: window.scrollTo(0, document.body.scrollHeight); with arguments: () (Line: 39) [browser.py]
INFO (18/12/2024 11:35:06): Get elements  (Line: 83) [browser.py]
INFO (18/12/2024 11:35:06): Window scroll to : Scroll  page -> added text (Line: 46) [base_element.py]
INFO (18/12/2024 11:35:06): Executing JavaScript: window.scrollTo(0, document.body.scrollHeight); with arguments: () (Line: 39) [browser.py]
INFO (18/12/2024 11:35:06): Get elements  (Line: 83) [browser.py]
INFO (18/12/2024 11:35:06): Window scroll to : Scroll  page -> added text (Line: 46) [base_element.py]
INFO (18/12/2024 11:35:06): Executing JavaScript: window.scrollTo(0, document.body.scrollHeight); with arguments: () (Line: 39) [browser.py]
INFO (18/12/2024 11:35:06): Get elements  (Line: 83) [browser.py]
INFO (18/12/2024 11:35:06): Window scroll to : Scroll  page -> added text (Line: 46) [base_element.py]
INFO (18/12/2024 11:35:06): Executing JavaScript: window.scrollTo(0, document.body.scrollHeight); with arguments: () (Line: 39) [browser.py]
INFO (18/12/2024 11:35:06): Get elements  (Line: 83) [browser.py]
INFO (18/12/2024 11:35:06): Window scroll to : Scroll  page -> added text (Line: 46) [base_element.py]
INFO (18/12/2024 11:35:06): Executing JavaScript: window.scrollTo(0, document.body.scrollHeight); with arguments: () (Line: 39) [browser.py]
INFO (18/12/2024 11:35:06): Get elements  (Line: 83) [browser.py]
INFO (18/12/2024 11:35:06): Window scroll to : Scroll  page -> added text (Line: 46) [base_element.py]
INFO (18/12/2024 11:35:06): Executing JavaScript: window.scrollTo(0, document.body.scrollHeight); with arguments: () (Line: 39) [browser.py]
INFO (18/12/2024 11:35:06): Get elements  (Line: 83) [browser.py]
INFO (18/12/2024 11:35:06): Window scroll to : Scroll  page -> added text (Line: 46) [base_element.py]
INFO (18/12/2024 11:35:06): Executing JavaScript: window.scrollTo(0, document.body.scrollHeight); with arguments: () (Line: 39) [browser.py]
INFO (18/12/2024 11:35:06): Get elements  (Line: 83) [browser.py]
INFO (18/12/2024 11:35:06): Window scroll to : Scroll  page -> added text (Line: 46) [base_element.py]
INFO (18/12/2024 11:35:06): Executing JavaScript: window.scrollTo(0, document.body.scrollHeight); with arguments: () (Line: 39) [browser.py]
INFO (18/12/2024 11:35:06): Get elements  (Line: 83) [browser.py]
INFO (18/12/2024 11:35:06): Window scroll to : Scroll  page -> added text (Line: 46) [base_element.py]
INFO (18/12/2024 11:35:06): Executing JavaScript: window.scrollTo(0, document.body.scrollHeight); with arguments: () (Line: 39) [browser.py]
INFO (18/12/2024 11:35:06): Get elements  (Line: 83) [browser.py]
INFO (18/12/2024 11:35:06): Quit browser (Line: 31) [browser.py]
